BL51 BANKED LINKER/LOCATER V6.22                                                        09/23/2020  14:29:54  PAGE 1


BL51 BANKED LINKER/LOCATER V6.22, INVOKED BY:
C:\PROGRAM_LIST\KEIL\C51\BIN\BL51.EXE .\Objects\STARTUP.obj, .\Objects\main.obj, .\Objects\delay.obj, .\Objects\adc.obj,
>>  .\Objects\flash.obj, .\Objects\uart.obj, .\Objects\key.obj, .\Objects\pwm.obj, .\Objects\wdt.obj, .\Objects\timer.ob
>> j, .\Objects\lcddisplay.obj, .\Objects\PID.obj TO .\Objects\K8104_hex PRINT (.\Listings\K8104_hex.m51) RAMSIZE (256)


MEMORY MODEL: LARGE WITH FLOATING POINT ARITHMETIC


INPUT MODULES INCLUDED:
  .\Objects\STARTUP.obj (?C_STARTUP)
  .\Objects\main.obj (MAIN)
  .\Objects\delay.obj (DELAY)
  .\Objects\adc.obj (ADC)
  .\Objects\flash.obj (FLASH)
  .\Objects\uart.obj (UART)
  .\Objects\key.obj (KEY)
  .\Objects\pwm.obj (PWM)
  .\Objects\wdt.obj (WDT)
  .\Objects\timer.obj (TIMER)
  .\Objects\lcddisplay.obj (LCDDISPLAY)
  .\Objects\PID.obj (PID)
  C:\PROGRAM_LIST\KEIL\C51\LIB\C51FPL.LIB (?C?FPADD)
  C:\PROGRAM_LIST\KEIL\C51\LIB\C51FPL.LIB (?C?FPMUL)
  C:\PROGRAM_LIST\KEIL\C51\LIB\C51FPL.LIB (?C?FPDIV)
  C:\PROGRAM_LIST\KEIL\C51\LIB\C51FPL.LIB (?C?FPCMP)
  C:\PROGRAM_LIST\KEIL\C51\LIB\C51FPL.LIB (?C?FCAST)
  C:\PROGRAM_LIST\KEIL\C51\LIB\C51FPL.LIB (?C?CASTF)
  C:\PROGRAM_LIST\KEIL\C51\LIB\C51FPL.LIB (PRINTF)
  C:\PROGRAM_LIST\KEIL\C51\LIB\C51FPL.LIB (?C?FPGETOPN)
  C:\PROGRAM_LIST\KEIL\C51\LIB\C51FPL.LIB (?C?FPROUND)
  C:\PROGRAM_LIST\KEIL\C51\LIB\C51FPL.LIB (?C?FPCONVERT)
  C:\PROGRAM_LIST\KEIL\C51\LIB\C51FPL.LIB (?C?FTNPWR)
  C:\PROGRAM_LIST\KEIL\C51\LIB\C51L.LIB (?C_INIT)
  C:\PROGRAM_LIST\KEIL\C51\LIB\C51L.LIB (?C?COPY)
  C:\PROGRAM_LIST\KEIL\C51\LIB\C51L.LIB (?C?CLDPTR)
  C:\PROGRAM_LIST\KEIL\C51\LIB\C51L.LIB (?C?CLDOPTR)
  C:\PROGRAM_LIST\KEIL\C51\LIB\C51L.LIB (?C?CSTPTR)
  C:\PROGRAM_LIST\KEIL\C51\LIB\C51L.LIB (?C?IMUL)
  C:\PROGRAM_LIST\KEIL\C51\LIB\C51L.LIB (?C?IILDX)
  C:\PROGRAM_LIST\KEIL\C51\LIB\C51L.LIB (?C?ILDIX)
  C:\PROGRAM_LIST\KEIL\C51\LIB\C51L.LIB (?C?ISTPTR)
  C:\PROGRAM_LIST\KEIL\C51\LIB\C51L.LIB (?C?LMUL)
  C:\PROGRAM_LIST\KEIL\C51\LIB\C51L.LIB (?C?ULDIV)
  C:\PROGRAM_LIST\KEIL\C51\LIB\C51L.LIB (?C?LNEG)
  C:\PROGRAM_LIST\KEIL\C51\LIB\C51L.LIB (?C?SLCMP)
  C:\PROGRAM_LIST\KEIL\C51\LIB\C51L.LIB (?C?ULCMP)
  C:\PROGRAM_LIST\KEIL\C51\LIB\C51L.LIB (?C?LSTXDATA)
  C:\PROGRAM_LIST\KEIL\C51\LIB\C51L.LIB (?C?LSTKXDATA)
  C:\PROGRAM_LIST\KEIL\C51\LIB\C51L.LIB (?C?PLDIXDATA)
  C:\PROGRAM_LIST\KEIL\C51\LIB\C51L.LIB (?C?PSTXDATA)
  C:\PROGRAM_LIST\KEIL\C51\LIB\C51L.LIB (?C?CCASE)
  C:\PROGRAM_LIST\KEIL\C51\LIB\C51L.LIB (?C?LIMUL)


LINK MAP OF MODULE:  .\Objects\K8104_hex (?C_STARTUP)


BL51 BANKED LINKER/LOCATER V6.22                                                      09/23/2020  14:29:54  PAGE 2


            TYPE    BASE      LENGTH    RELOCATION   SEGMENT NAME
            -----------------------------------------------------

            * * * * * * *   D A T A   M E M O R Y   * * * * * * *
            REG     0000H     0008H     ABSOLUTE     "REG BANK 0"
            DATA    0008H     000AH     UNIT         _DATA_GROUP_
                    0012H     000EH                  *** GAP ***
            BIT     0020H.0   0002H.2   UNIT         _BIT_GROUP_
                    0022H.2   0000H.6                *** GAP ***
            IDATA   0023H     0001H     UNIT         ?STACK

            * * * * * * *  X D A T A   M E M O R Y  * * * * * * *
            XDATA   0000H     0068H     UNIT         _XDATA_GROUP_
            XDATA   0068H     0021H     UNIT         ?XD?UART
            XDATA   0089H     0019H     UNIT         ?XD?PID
            XDATA   00A2H     0011H     UNIT         ?XD?TIMER
            XDATA   00B3H     000CH     UNIT         ?XD?FLASH
            XDATA   00BFH     000AH     UNIT         ?XD?KEY
            XDATA   00C9H     0006H     UNIT         ?XD?LCDDISPLAY
            XDATA   00CFH     0005H     UNIT         ?XD?DETECTION_HEAT_CAILIBRATION?ADC
            XDATA   00D4H     0004H     UNIT         ?XD?MAIN
            XDATA   00D8H     0001H     UNIT         ?XD?PWM
                    00D9H     FD9BH                  *** GAP ***
            XDATA   FE74H     0001H     ABSOLUTE     
            XDATA   FE75H     0001H     ABSOLUTE     
            XDATA   FE76H     0001H     ABSOLUTE     
            XDATA   FE77H     0001H     ABSOLUTE     
                    FE78H     0008H                  *** GAP ***
            XDATA   FE80H     0001H     ABSOLUTE     
                    FE81H     0004H                  *** GAP ***
            XDATA   FE85H     0001H     ABSOLUTE     
                    FE86H     0002H                  *** GAP ***
            XDATA   FE88H     0001H     ABSOLUTE     
            XDATA   FE89H     0001H     ABSOLUTE     
            XDATA   FE8AH     0001H     ABSOLUTE     
                    FE8BH     0006H                  *** GAP ***
            XDATA   FE91H     0001H     ABSOLUTE     
            XDATA   FE92H     0001H     ABSOLUTE     
            XDATA   FE93H     0001H     ABSOLUTE     
            XDATA   FE94H     0001H     ABSOLUTE     
            XDATA   FE95H     0001H     ABSOLUTE     
                    FE96H     0005H                  *** GAP ***
            XDATA   FE9BH     0001H     ABSOLUTE     
                    FE9CH     0004H                  *** GAP ***
            XDATA   FEA0H     0001H     ABSOLUTE     
                    FEA1H     0001H                  *** GAP ***
            XDATA   FEA2H     0001H     ABSOLUTE     
                    FEA3H     0001H                  *** GAP ***
            XDATA   FEA4H     0001H     ABSOLUTE     
            XDATA   FEA5H     0001H     ABSOLUTE     
                    FEA6H     0001H                  *** GAP ***
            XDATA   FEA7H     0001H     ABSOLUTE     
                    FEA8H     0002H                  *** GAP ***
            XDATA   FEAAH     0001H     ABSOLUTE     
                    FEABH     0005H                  *** GAP ***
            XDATA   FEB0H     0001H     ABSOLUTE     
            XDATA   FEB1H     0001H     ABSOLUTE     
BL51 BANKED LINKER/LOCATER V6.22                                                      09/23/2020  14:29:54  PAGE 3


            XDATA   FEB2H     0001H     ABSOLUTE     
            XDATA   FEB3H     0001H     ABSOLUTE     
            XDATA   FEB4H     0001H     ABSOLUTE     
                    FEB5H     0003H                  *** GAP ***
            XDATA   FEB8H     0001H     ABSOLUTE     
            XDATA   FEB9H     0001H     ABSOLUTE     
            XDATA   FEBAH     0001H     ABSOLUTE     
                    FEBBH     0001H                  *** GAP ***
            XDATA   FEBCH     0001H     ABSOLUTE     
            XDATA   FEBDH     0001H     ABSOLUTE     
            XDATA   FEBEH     0001H     ABSOLUTE     
                    FEBFH     0001H                  *** GAP ***
            XDATA   FEC0H     0001H     ABSOLUTE     
                    FEC1H     000FH                  *** GAP ***
            XDATA   FED0H     0001H     ABSOLUTE     
            XDATA   FED1H     0001H     ABSOLUTE     
            XDATA   FED2H     0001H     ABSOLUTE     
            XDATA   FED3H     0001H     ABSOLUTE     
                    FED4H     000CH                  *** GAP ***
            XDATA   FEE0H     0002H     ABSOLUTE     
            XDATA   FEE2H     0002H     ABSOLUTE     
            XDATA   FEE4H     0002H     ABSOLUTE     
            XDATA   FEE6H     0002H     ABSOLUTE     
            XDATA   FEE8H     0002H     ABSOLUTE     
            XDATA   FEEAH     0002H     ABSOLUTE     
            XDATA   FEECH     0002H     ABSOLUTE     
            XDATA   FEEEH     0002H     ABSOLUTE     
                    FEF0H     0010H                  *** GAP ***
            XDATA   FF00H     0001H     ABSOLUTE     
            XDATA   FF01H     0001H     ABSOLUTE     
            XDATA   FF02H     0001H     ABSOLUTE     
            XDATA   FF03H     0001H     ABSOLUTE     
            XDATA   FF04H     0001H     ABSOLUTE     
            XDATA   FF05H     0001H     ABSOLUTE     
            XDATA   FF06H     0001H     ABSOLUTE     
            XDATA   FF07H     0001H     ABSOLUTE     
            XDATA   FF08H     0001H     ABSOLUTE     
            XDATA   FF09H     0001H     ABSOLUTE     
            XDATA   FF0AH     0001H     ABSOLUTE     
            XDATA   FF0BH     0001H     ABSOLUTE     
            XDATA   FF0CH     0001H     ABSOLUTE     
            XDATA   FF0DH     0001H     ABSOLUTE     
            XDATA   FF0EH     0001H     ABSOLUTE     
            XDATA   FF0FH     0001H     ABSOLUTE     
            XDATA   FF10H     0001H     ABSOLUTE     
            XDATA   FF11H     0001H     ABSOLUTE     
            XDATA   FF12H     0001H     ABSOLUTE     
            XDATA   FF13H     0001H     ABSOLUTE     
            XDATA   FF14H     0001H     ABSOLUTE     
            XDATA   FF15H     0001H     ABSOLUTE     
            XDATA   FF16H     0001H     ABSOLUTE     
            XDATA   FF17H     0001H     ABSOLUTE     
            XDATA   FF18H     0001H     ABSOLUTE     
            XDATA   FF19H     0001H     ABSOLUTE     
            XDATA   FF1AH     0001H     ABSOLUTE     
            XDATA   FF1BH     0001H     ABSOLUTE     
            XDATA   FF1CH     0001H     ABSOLUTE     
BL51 BANKED LINKER/LOCATER V6.22                                                      09/23/2020  14:29:54  PAGE 4


            XDATA   FF1DH     0001H     ABSOLUTE     
                    FF1EH     0022H                  *** GAP ***
            XDATA   FF40H     0001H     ABSOLUTE     
            XDATA   FF41H     0001H     ABSOLUTE     
            XDATA   FF42H     0001H     ABSOLUTE     
                    FF43H     001DH                  *** GAP ***
            XDATA   FF60H     0001H     ABSOLUTE     
            XDATA   FF61H     0001H     ABSOLUTE     
            XDATA   FF62H     0001H     ABSOLUTE     
            XDATA   FF63H     0001H     ABSOLUTE     
                    FF64H     0004H                  *** GAP ***
            XDATA   FF68H     0001H     ABSOLUTE     
            XDATA   FF69H     0001H     ABSOLUTE     
            XDATA   FF6AH     0001H     ABSOLUTE     
            XDATA   FF6BH     0001H     ABSOLUTE     
                    FF6CH     0014H                  *** GAP ***
            XDATA   FF80H     0001H     ABSOLUTE     
            XDATA   FF81H     0001H     ABSOLUTE     
                    FF82H     0001H                  *** GAP ***
            XDATA   FF83H     0001H     ABSOLUTE     
            XDATA   FF84H     0001H     ABSOLUTE     
            XDATA   FF85H     0001H     ABSOLUTE     
                    FF86H     0009H                  *** GAP ***
            XDATA   FF8FH     0001H     ABSOLUTE     
            XDATA   FF90H     0001H     ABSOLUTE     
            XDATA   FF91H     0001H     ABSOLUTE     
                    FF92H     0002H                  *** GAP ***
            XDATA   FF94H     0001H     ABSOLUTE     
            XDATA   FF95H     0001H     ABSOLUTE     
                    FF96H     0002H                  *** GAP ***
            XDATA   FF98H     0001H     ABSOLUTE     
            XDATA   FF99H     0001H     ABSOLUTE     
                    FF9AH     0002H                  *** GAP ***
            XDATA   FF9CH     0001H     ABSOLUTE     
                    FF9DH     0003H                  *** GAP ***
            XDATA   FFA0H     0001H     ABSOLUTE     
            XDATA   FFA1H     0001H     ABSOLUTE     
            XDATA   FFA2H     0001H     ABSOLUTE     
            XDATA   FFA3H     0001H     ABSOLUTE     
            XDATA   FFA4H     0001H     ABSOLUTE     
            XDATA   FFA5H     0001H     ABSOLUTE     
            XDATA   FFA6H     0001H     ABSOLUTE     
            XDATA   FFA7H     0001H     ABSOLUTE     
            XDATA   FFA8H     0001H     ABSOLUTE     
            XDATA   FFA9H     0001H     ABSOLUTE     

            * * * * * * *   C O D E   M E M O R Y   * * * * * * *
            CODE    0000H     0003H     ABSOLUTE     
            CODE    0003H     0008H     UNIT         ?PR?_FLASH_READ_ADDR?FLASH
            CODE    000BH     0003H     ABSOLUTE     
            CODE    000EH     0014H     UNIT         ?PR?TIME0_INIT?TIMER
                    0022H     0001H                  *** GAP ***
            CODE    0023H     0003H     ABSOLUTE     
            CODE    0026H     0935H     UNIT         ?C?LIB_CODE
            CODE    095BH     0483H     UNIT         ?PR?PRINTF?PRINTF
            CODE    0DDEH     0428H     UNIT         ?PR?PID_OPERATION?PID
            CODE    1206H     02B3H     UNIT         ?PR?_SET_GAP?LCDDISPLAY
BL51 BANKED LINKER/LOCATER V6.22                                                      09/23/2020  14:29:54  PAGE 5


            CODE    14B9H     01E3H     UNIT         ?PR?_SET_TIME?LCDDISPLAY
            CODE    169CH     017DH     UNIT         ?PR?_TEMP_CALC?MAIN
            CODE    1819H     0154H     UNIT         ?PR?TEMPERATURE_HANDLE?MAIN
            CODE    196DH     0142H     UNIT         ?PR?TIMER0_RPT?TIMER
            CODE    1AAFH     0139H     UNIT         ?PR?FLASH_INIT?FLASH
            CODE    1BE8H     0135H     UNIT         ?PR?_GET_VOLTAGE?ADC
            CODE    1D1DH     0106H     UNIT         ?CO?FLASH
            CODE    1E23H     00E1H     UNIT         ?PR?LCD_DISPLAY?LCDDISPLAY
            CODE    1F04H     00DDH     UNIT         ?PR?KEY_HANDLE?MAIN
            CODE    1FE1H     00D2H     UNIT         ?PR?MAIN?MAIN
            CODE    20B3H     00D1H     UNIT         ?CO?MAIN
            CODE    2184H     00BDH     UNIT         ?C_INITSEG
            CODE    2241H     00BBH     UNIT         ?PR?_CALIBRATION_TEMPERATURE?MAIN
            CODE    22FCH     00B7H     UNIT         ?PR?KEY_DRIVER?KEY
            CODE    23B3H     00B7H     UNIT         ?PR?CALIBRATION_KEY_DRIVER?KEY
            CODE    246AH     0091H     UNIT         ?PR?DETECTION_INPUT_VOLTAGE?ADC
            CODE    24FBH     0091H     UNIT         ?PR?DETECTION_HEAT_CAILIBRATION?ADC
            CODE    258CH     008CH     UNIT         ?C_C51STARTUP
            CODE    2618H     008CH     UNIT         ?PR?SET_TIME_SEC?TIMER
            CODE    26A4H     007EH     UNIT         ?PR?KEY_SCAN?KEY
            CODE    2722H     006DH     UNIT         ?PR?_FLASH_WRITEARR?FLASH
            CODE    278FH     004DH     UNIT         ?PR?UART1_RPT?UART
            CODE    27DCH     0040H     UNIT         ?PR?_FLASH_READARR?FLASH
            CODE    281CH     003EH     UNIT         ?PR?SET_TEMP?MAIN
            CODE    285AH     0034H     UNIT         ?PR?CONTROLL_HEAT?MAIN
            CODE    288EH     0033H     UNIT         ?PR?CHECK_FLASH?FLASH
            CODE    28C1H     0033H     UNIT         ?CO?TIMER
            CODE    28F4H     002DH     UNIT         ?PR?_PRODUCTE_COM_SEND_DATA?UART
            CODE    2921H     002CH     UNIT         ?PR?SET_HEAT_VAL?TIMER
            CODE    294DH     002AH     UNIT         ?PR?LCD_INIT?LCDDISPLAY
            CODE    2977H     0029H     UNIT         ?PR?UART_INIT?UART
            CODE    29A0H     0028H     UNIT         ?PR?_FLASH_WRITEDATA?FLASH
            CODE    29C8H     0026H     UNIT         ?PR?FLAH_SAVE_DATA?FLASH
            CODE    29EEH     0026H     UNIT         ?PR?LCD_ERROR?LCDDISPLAY
            CODE    2A14H     0026H     UNIT         ?PR?LCD_CAILBRATION?LCDDISPLAY
            CODE    2A3AH     0023H     UNIT         ?PR?ADC_INIT?ADC
            CODE    2A5DH     0022H     UNIT         ?PR?_FLASH_ERASEBLOCK?FLASH
            CODE    2A7FH     0020H     UNIT         ?PR?_PWM_INIT?PWM
            CODE    2A9FH     0020H     UNIT         ?PR?PID_INIT?PID
            CODE    2ABFH     001FH     UNIT         ?PR?_PRODUCTE_SEND_CMD?UART
            CODE    2ADEH     001EH     UNIT         ?PR?DETECTION_INPUT?MAIN
            CODE    2AFCH     001EH     UNIT         ?PR?_SET_TIME_SEC_VAL?TIMER
            CODE    2B1AH     0018H     UNIT         ?PR?_SET_PWM?PWM
            CODE    2B32H     0017H     UNIT         ?PR?_DELAY_MS?DELAY
            CODE    2B49H     0016H     UNIT         ?PR?GET_ADC_VAL_P07?ADC
            CODE    2B5FH     0016H     UNIT         ?PR?GET_ADC_VAL_P03?ADC
            CODE    2B75H     0016H     UNIT         ?PR?GET_ADC_VAL_P02?ADC
            CODE    2B8BH     0016H     UNIT         ?PR?GET_ADC_VAL_P21?ADC
            CODE    2BA1H     000FH     UNIT         ?PR?KEY_INIT?KEY
            CODE    2BB0H     000EH     UNIT         ?PR?_DELAY_US?DELAY
            CODE    2BBEH     000DH     UNIT         ?PR?_WDT_INIT?WDT
            CODE    2BCBH     000CH     UNIT         ?PR?_HAL_UART_PUTCHAR?UART
            CODE    2BD7H     000CH     UNIT         ?CO?PID
            CODE    2BE3H     000AH     UNIT         ?PR?CLOCK?MAIN
            CODE    2BEDH     0009H     UNIT         ?PR?LCD_CLEAR_ALL?LCDDISPLAY
            CODE    2BF6H     0009H     UNIT         ?PR?LCD_DISPLAY_ON?LCDDISPLAY
            CODE    2BFFH     0006H     UNIT         ?PR?GET_DEVICE_STATE?FLASH
BL51 BANKED LINKER/LOCATER V6.22                                                      09/23/2020  14:29:54  PAGE 6


            CODE    2C05H     0006H     UNIT         ?PR?_SET_DEVICE_STATE?FLASH
            CODE    2C0BH     0006H     UNIT         ?PR?_PUTCHAR?UART
            CODE    2C11H     0006H     UNIT         ?PR?_LCD_OFF?LCDDISPLAY
            CODE    2C17H     0006H     UNIT         ?PR?_LCD_DISPLAY_TIME?LCDDISPLAY
            CODE    2C1DH     0006H     UNIT         ?PR?_LCD_DISPLAY_GAP?LCDDISPLAY
            CODE    2C23H     0004H     UNIT         ?PR?CLEAR_WDT?WDT
            CODE    2C27H     0003H     UNIT         ?PR?_PRODUCTE_COM_SEND_ONE_BIT?UART



OVERLAY MAP OF MODULE:   .\Objects\K8104_hex (?C_STARTUP)


SEGMENT                                        BIT_GROUP          DATA_GROUP          XDATA_GROUP
  +--> CALLED SEGMENT                       START    LENGTH     START    LENGTH     START    LENGTH
---------------------------------------------------------------------------------------------------
?C_C51STARTUP                               -----    -----      -----    -----      -----    -----
  +--> ?PR?MAIN?MAIN
  +--> ?C_INITSEG

?PR?MAIN?MAIN                               -----    -----      -----    -----      -----    -----
  +--> ?PR?CLOCK?MAIN
  +--> ?PR?UART_INIT?UART
  +--> ?PR?ADC_INIT?ADC
  +--> ?PR?TIME0_INIT?TIMER
  +--> ?PR?KEY_INIT?KEY
  +--> ?PR?FLASH_INIT?FLASH
  +--> ?PR?PID_INIT?PID
  +--> ?PR?_PWM_INIT?PWM
  +--> ?PR?_WDT_INIT?WDT
  +--> ?PR?LCD_INIT?LCDDISPLAY
  +--> ?PR?LCD_DISPLAY_ON?LCDDISPLAY
  +--> ?PR?_DELAY_MS?DELAY
  +--> ?PR?_LCD_DISPLAY_TIME?LCDDISPLAY
  +--> ?PR?_LCD_DISPLAY_GAP?LCDDISPLAY
  +--> ?PR?LCD_CLEAR_ALL?LCDDISPLAY
  +--> ?PR?DETECTION_INPUT?MAIN
  +--> ?CO?MAIN
  +--> ?PR?PRINTF?PRINTF
  +--> ?PR?TEMPERATURE_HANDLE?MAIN
  +--> ?PR?KEY_HANDLE?MAIN
  +--> ?PR?CLEAR_WDT?WDT

?PR?ADC_INIT?ADC                            -----    -----      -----    -----      -----    -----
  +--> ?PR?_DELAY_US?DELAY

?PR?FLASH_INIT?FLASH                        -----    -----      -----    -----      0000H    0001H
  +--> ?PR?CHECK_FLASH?FLASH
  +--> ?CO?FLASH
  +--> ?PR?PRINTF?PRINTF
  +--> ?PR?_FLASH_READARR?FLASH
  +--> ?PR?_FLASH_ERASEBLOCK?FLASH
  +--> ?PR?_FLASH_WRITEARR?FLASH

?PR?CHECK_FLASH?FLASH                       -----    -----      -----    -----      -----    -----
  +--> ?PR?_FLASH_READ_ADDR?FLASH

BL51 BANKED LINKER/LOCATER V6.22                                                      09/23/2020  14:29:54  PAGE 7


?PR?PRINTF?PRINTF                           0021H.1  0001H.1    000DH    0005H      0038H    0030H
  +--> ?PR?_PUTCHAR?UART

?PR?_PUTCHAR?UART                           -----    -----      -----    -----      -----    -----
  +--> ?PR?_HAL_UART_PUTCHAR?UART

?PR?_FLASH_READARR?FLASH                    -----    -----      -----    -----      000AH    0005H

?PR?_FLASH_WRITEARR?FLASH                   -----    -----      -----    -----      000AH    0007H
  +--> ?PR?_FLASH_WRITEDATA?FLASH

?PR?_PWM_INIT?PWM                           -----    -----      -----    -----      0000H    0002H

?PR?DETECTION_INPUT?MAIN                    -----    -----      -----    -----      -----    -----
  +--> ?PR?DETECTION_INPUT_VOLTAGE?ADC

?PR?DETECTION_INPUT_VOLTAGE?ADC             -----    -----      -----    -----      0000H    0005H
  +--> ?PR?GET_ADC_VAL_P02?ADC

?PR?TEMPERATURE_HANDLE?MAIN                 -----    -----      -----    -----      0000H    0008H
  +--> ?PR?_GET_VOLTAGE?ADC
  +--> ?CO?MAIN
  +--> ?PR?PRINTF?PRINTF
  +--> ?PR?_TEMP_CALC?MAIN
  +--> ?PR?_CALIBRATION_TEMPERATURE?MAIN
  +--> ?PR?GET_DEVICE_STATE?FLASH
  +--> ?PR?_LCD_OFF?LCDDISPLAY
  +--> ?PR?PID_OPERATION?PID
  +--> ?PR?_LCD_DISPLAY_TIME?LCDDISPLAY
  +--> ?PR?_LCD_DISPLAY_GAP?LCDDISPLAY
  +--> ?PR?CONTROLL_HEAT?MAIN
  +--> ?PR?_SET_PWM?PWM
  +--> ?PR?LCD_CLEAR_ALL?LCDDISPLAY
  +--> ?PR?LCD_CAILBRATION?LCDDISPLAY
  +--> ?PR?LCD_ERROR?LCDDISPLAY

?PR?_GET_VOLTAGE?ADC                        -----    -----      -----    -----      0008H    000BH
  +--> ?PR?GET_ADC_VAL_P03?ADC
  +--> ?PR?_DELAY_US?DELAY
  +--> ?PR?GET_ADC_VAL_P07?ADC

?PR?_TEMP_CALC?MAIN                         -----    -----      -----    -----      0008H    000EH

?PR?_CALIBRATION_TEMPERATURE?MAIN           -----    -----      -----    -----      0008H    0002H
  +--> ?PR?_HAL_UART_PUTCHAR?UART
  +--> ?PR?FLAH_SAVE_DATA?FLASH
  +--> ?PR?_PRODUCTE_SEND_CMD?UART

?PR?FLAH_SAVE_DATA?FLASH                    -----    -----      -----    -----      -----    -----
  +--> ?PR?_FLASH_ERASEBLOCK?FLASH
  +--> ?PR?_FLASH_WRITEARR?FLASH
  +--> ?PR?_FLASH_READARR?FLASH

?PR?_PRODUCTE_SEND_CMD?UART                 -----    -----      -----    -----      000AH    0005H
  +--> ?PR?_PRODUCTE_COM_SEND_DATA?UART

?PR?_PRODUCTE_COM_SEND_DATA?UART            -----    -----      -----    -----      000FH    0003H
BL51 BANKED LINKER/LOCATER V6.22                                                      09/23/2020  14:29:54  PAGE 8


  +--> ?PR?_PRODUCTE_COM_SEND_ONE_BIT?UART

?PR?_PRODUCTE_COM_SEND_ONE_BIT?UART         -----    -----      -----    -----      -----    -----
  +--> ?PR?_HAL_UART_PUTCHAR?UART

?PR?PID_OPERATION?PID                       -----    -----      -----    -----      0008H    0014H
  +--> ?CO?PID

?PR?CONTROLL_HEAT?MAIN                      -----    -----      -----    -----      -----    -----
  +--> ?PR?_SET_PWM?PWM

?PR?KEY_HANDLE?MAIN                         -----    -----      -----    -----      0000H    0001H
  +--> ?PR?KEY_SCAN?KEY
  +--> ?CO?MAIN
  +--> ?PR?PRINTF?PRINTF
  +--> ?PR?GET_DEVICE_STATE?FLASH
  +--> ?PR?_SET_DEVICE_STATE?FLASH
  +--> ?PR?_SET_PWM?PWM
  +--> ?PR?SET_TIME_SEC?TIMER
  +--> ?PR?SET_TEMP?MAIN
  +--> ?PR?_LCD_DISPLAY_GAP?LCDDISPLAY
  +--> ?PR?_LCD_DISPLAY_TIME?LCDDISPLAY
  +--> ?PR?FLAH_SAVE_DATA?FLASH

?PR?KEY_SCAN?KEY                            -----    -----      -----    -----      -----    -----
  +--> ?PR?KEY_DRIVER?KEY
  +--> ?PR?CALIBRATION_KEY_DRIVER?KEY
  +--> ?PR?GET_DEVICE_STATE?FLASH
  +--> ?PR?FLAH_SAVE_DATA?FLASH
  +--> ?PR?_DELAY_MS?DELAY

?PR?KEY_DRIVER?KEY                          -----    -----      -----    -----      0001H    0002H
  +--> ?PR?_DELAY_MS?DELAY

?PR?CALIBRATION_KEY_DRIVER?KEY              -----    -----      -----    -----      0001H    0002H
  +--> ?PR?_DELAY_MS?DELAY

?PR?SET_TIME_SEC?TIMER                      -----    -----      -----    -----      -----    -----
  +--> ?CO?TIMER
  +--> ?PR?PRINTF?PRINTF

*** NEW ROOT ***************************************************

?PR?TIMER0_RPT?TIMER                        -----    -----      -----    -----      -----    -----
  +--> ?PR?GET_DEVICE_STATE?FLASH
  +--> ?PR?SET_HEAT_VAL?TIMER
  +--> ?PR?_SET_DEVICE_STATE?FLASH
  +--> ?CO?TIMER
  +--> ?PR?PRINTF?PRINTF
  +--> ?PR?LCD_DISPLAY?LCDDISPLAY

?PR?LCD_DISPLAY?LCDDISPLAY                  -----    -----      -----    -----      -----    -----
  +--> ?PR?_SET_TIME?LCDDISPLAY
  +--> ?PR?_SET_GAP?LCDDISPLAY



BL51 BANKED LINKER/LOCATER V6.22                                                      09/23/2020  14:29:54  PAGE 9


SYMBOL TABLE OF MODULE:  .\Objects\K8104_hex (?C_STARTUP)

  VALUE           TYPE          NAME
  ----------------------------------

  -------         MODULE        ?C_STARTUP
  C:258CH         SEGMENT       ?C_C51STARTUP
  I:0023H         SEGMENT       ?STACK
  C:0000H         PUBLIC        ?C_STARTUP
  D:00E0H         SYMBOL        ACC
  D:00F0H         SYMBOL        B
  D:0083H         SYMBOL        DPH
  D:0082H         SYMBOL        DPL
  N:0000H         SYMBOL        IBPSTACK
  N:0100H         SYMBOL        IBPSTACKTOP
  N:0080H         SYMBOL        IDATALEN
  C:258FH         SYMBOL        IDATALOOP
  N:0000H         SYMBOL        PBPSTACK
  N:0100H         SYMBOL        PBPSTACKTOP
  N:0000H         SYMBOL        PDATALEN
  N:0000H         SYMBOL        PDATASTART
  N:0000H         SYMBOL        PPAGE
  N:0000H         SYMBOL        PPAGEENABLE
  D:00A0H         SYMBOL        PPAGE_SFR
  D:0081H         SYMBOL        SP
  C:258CH         SYMBOL        STARTUP1
  N:0000H         SYMBOL        XBPSTACK
  N:0000H         SYMBOL        XBPSTACKTOP
  N:0000H         SYMBOL        XDATALEN
  N:0000H         SYMBOL        XDATASTART
  C:0000H         LINE#         126
  C:258CH         LINE#         133
  C:258EH         LINE#         134
  C:258FH         LINE#         135
  C:2590H         LINE#         136
  C:2592H         LINE#         185
  C:2595H         LINE#         196
  -------         ENDMOD        ?C_STARTUP

  -------         MODULE        MAIN
  C:0000H         SYMBOL        _ICE_DUMMY_
  X:FF08H         PUBLIC        P1M0
  X:FF01H         PUBLIC        P0M1
  X:FF10H         PUBLIC        P2M0
  X:FF09H         PUBLIC        P1M1
  X:FF02H         PUBLIC        P0M2
  D:0080H         PUBLIC        P0
  X:FF18H         PUBLIC        P3M0
  X:FF11H         PUBLIC        P2M1
  X:FF0AH         PUBLIC        P1M2
  X:FF03H         PUBLIC        P0M3
  D:0090H         PUBLIC        P1
  X:FF19H         PUBLIC        P3M1
  X:FF12H         PUBLIC        P2M2
  X:FF0BH         PUBLIC        P1M3
  X:FF04H         PUBLIC        P0M4
  D:00A0H         PUBLIC        P2
BL51 BANKED LINKER/LOCATER V6.22                                                      09/23/2020  14:29:54  PAGE 10


  X:FF1AH         PUBLIC        P3M2
  X:FF13H         PUBLIC        P2M3
  X:FF0CH         PUBLIC        P1M4
  X:FF05H         PUBLIC        P0M5
  D:00B0H         PUBLIC        P3
  X:FF1BH         PUBLIC        P3M3
  X:FF14H         PUBLIC        P2M4
  X:FF0DH         PUBLIC        P1M5
  X:FF06H         PUBLIC        P0M6
  X:FF1CH         PUBLIC        P3M4
  X:FF15H         PUBLIC        P2M5
  X:FF0EH         PUBLIC        P1M6
  X:FF07H         PUBLIC        P0M7
  X:FF1DH         PUBLIC        P3M5
  X:FF16H         PUBLIC        P2M6
  X:FF0FH         PUBLIC        P1M7
  B:00A8H.7       PUBLIC        EA
  C:1819H         PUBLIC        temperature_handle
  X:FF17H         PUBLIC        P2M7
  X:FEC0H         PUBLIC        SCANCON
  X:FEBDH         PUBLIC        TRMEN
  X:FE94H         PUBLIC        XTALCFG
  X:FE75H         PUBLIC        CTKVS
  D:00A8H         PUBLIC        IE
  D:00F8H         PUBLIC        RSTFR
  X:FF91H         PUBLIC        PWM01_MAP
  X:FF95H         PUBLIC        PWM11_MAP
  X:FFA3H         PUBLIC        SDA_MAP
  X:FF99H         PUBLIC        PWM21_MAP
  C:2ADEH         PUBLIC        Detection_Input
  X:FEE0H         PUBLIC        SCR0
  X:FE89H         PUBLIC        S2CON2
  X:FEE2H         PUBLIC        SCR1
  C:1F04H         SYMBOL        key_handle
  X:FEE4H         PUBLIC        SCR2
  X:FEE6H         PUBLIC        SCR3
  X:FEA2H         PUBLIC        CRCC
  X:FE85H         PUBLIC        T5CON1
  X:FEE8H         PUBLIC        SCR4
  X:FEEAH         PUBLIC        SCR5
  X:FEECH         PUBLIC        SCR6
  X:FEEEH         PUBLIC        SCR7
  X:FFA5H         PUBLIC        SCK_MAP
  X:FFA2H         PUBLIC        SCL_MAP
  C:281CH         PUBLIC        Set_Temp
  C:1FE1H         PUBLIC        main
  C:2241H         PUBLIC        _calibration_temperature
  X:FEA4H         PUBLIC        BORC
  X:FE77H         PUBLIC        DSCR
  C:169CH         PUBLIC        _temp_calc
  X:FFA1H         PUBLIC        RXD_MAP
  X:FEA5H         PUBLIC        BORDBC
  X:FFA0H         PUBLIC        TXD_MAP
  X:FEA7H         PUBLIC        LVDDBC
  X:FEB8H         PUBLIC        PINTE0
  X:FEB9H         PUBLIC        PINTE1
  X:FEBCH         PUBLIC        P2INTE
BL51 BANKED LINKER/LOCATER V6.22                                                      09/23/2020  14:29:54  PAGE 11


  X:FEBAH         PUBLIC        PINTE2
  D:0098H         PUBLIC        SCON
  D:0088H         PUBLIC        TCON
  C:285AH         PUBLIC        Controll_Heat
  X:FE95H         PUBLIC        SPOV_RSTEN
  X:FE74H         PUBLIC        RBCSEL
  X:FE9BH         PUBLIC        ADCC2
  X:FE76H         PUBLIC        CTKCLK
  X:FE91H         PUBLIC        CLKDIV
  D:00B8H         PUBLIC        IE1
  D:00D8H         PUBLIC        IE2
  X:FF80H         PUBLIC        T0_MAP
  X:FF81H         PUBLIC        T1_MAP
  X:FEAAH         PUBLIC        RSTDBC
  X:FF83H         PUBLIC        T3_MAP
  X:FF84H         PUBLIC        T4_MAP
  X:FF85H         PUBLIC        T5_MAP
  X:FEA0H         PUBLIC        WDTCCR
  X:FEBEH         PUBLIC        TRMV
  X:00D4H         PUBLIC        adc_cnt
  X:FED0H         PUBLIC        SCCH0
  X:FED1H         PUBLIC        SCCH1
  X:FED2H         PUBLIC        SCCH2
  X:FE93H         PUBLIC        CLKOUT
  X:FED3H         PUBLIC        SCCH3
  D:008EH         PUBLIC        CLKSWR
  X:00D6H         PUBLIC        error_std
  X:00D7H         PUBLIC        first_heat_std
  X:FFA9H         PUBLIC        RXD2_MAP
  X:FFA8H         PUBLIC        TXD2_MAP
  X:FE8AH         PUBLIC        S2BUF
  X:FF90H         PUBLIC        PWM0_MAP
  X:FFA4H         PUBLIC        SS_MAP
  X:FF94H         PUBLIC        PWM1_MAP
  X:FF98H         PUBLIC        PWM2_MAP
  X:FE88H         PUBLIC        S2CON
  X:FE80H         PUBLIC        TCON1
  X:FF9CH         PUBLIC        PWM3_MAP
  X:FF8FH         PUBLIC        CLKO_MAP
  X:FE92H         PUBLIC        FREQ_CLK
  C:2BE3H         PUBLIC        Clock
  X:FEB0H         PUBLIC        PITS0
  X:FEB1H         PUBLIC        PITS1
  X:FEB2H         PUBLIC        PITS2
  X:FF6BH         PUBLIC        SEGP0EN
  X:FF63H         PUBLIC        COMP0EN
  X:FEB3H         PUBLIC        PITS3
  X:FF6AH         PUBLIC        SEGP1EN
  X:FF62H         PUBLIC        COMP1EN
  X:FEB4H         PUBLIC        PITS4
  X:FF69H         PUBLIC        SEGP2EN
  X:FF61H         PUBLIC        COMP2EN
  X:FF68H         PUBLIC        SEGP3EN
  X:FF60H         PUBLIC        COMP3EN
  X:FFA7H         PUBLIC        MISO_MAP
  X:FFA6H         PUBLIC        MOSI_MAP
  X:FF40H         PUBLIC        P00DBC
BL51 BANKED LINKER/LOCATER V6.22                                                      09/23/2020  14:29:54  PAGE 12


  D:00D0H         PUBLIC        PSW
  X:FF41H         PUBLIC        P01DBC
  X:FF42H         PUBLIC        P02DBC
  X:FF00H         PUBLIC        P0M0
  -------         PROC          KEY_HANDLE
  -------         DO            
  X:0000H         SYMBOL        key_val
  -------         ENDDO         
  C:1F04H         LINE#         49
  C:1F04H         LINE#         50
  C:1F04H         LINE#         51
  C:1F09H         LINE#         53
  C:1F0FH         LINE#         55
  C:1F0FH         LINE#         56
  C:1F17H         LINE#         57
  C:1F19H         LINE#         59
  C:1F19H         LINE#         60
  C:1F1EH         LINE#         61
  C:1F1EH         LINE#         62
  C:1F2CH         LINE#         63
  C:1F2CH         LINE#         64
  C:1F35H         LINE#         65
  C:1F3BH         LINE#         66
  C:1F3BH         LINE#         67
  C:1F40H         LINE#         68
  C:1F45H         LINE#         69
  C:1F45H         LINE#         71
  C:1F45H         LINE#         72
  C:1F4AH         LINE#         73
  C:1F4DH         LINE#         74
  C:1F50H         LINE#         76
  C:1F56H         LINE#         78
  C:1F56H         LINE#         79
  C:1F57H         LINE#         80
  C:1F60H         LINE#         81
  C:1F60H         LINE#         85
  C:1F68H         LINE#         86
  C:1F68H         LINE#         88
  C:1F71H         LINE#         89
  C:1F7AH         LINE#         90
  C:1F7AH         LINE#         91
  C:1F7DH         LINE#         93
  C:1F7FH         LINE#         95
  C:1F7FH         LINE#         96
  C:1F85H         LINE#         97
  C:1F85H         LINE#         100
  C:1F8BH         LINE#         101
  C:1F8EH         LINE#         103
  C:1F96H         LINE#         105
  C:1F96H         LINE#         106
  C:1F98H         LINE#         107
  C:1FA0H         LINE#         108
  C:1FA0H         LINE#         110
  C:1FA9H         LINE#         111
  C:1FA9H         LINE#         112
  C:1FACH         LINE#         113
  C:1FAEH         LINE#         115
BL51 BANKED LINKER/LOCATER V6.22                                                      09/23/2020  14:29:54  PAGE 13


  C:1FAEH         LINE#         116
  C:1FB3H         LINE#         117
  C:1FB3H         LINE#         118
  C:1FBCH         LINE#         119
  C:1FBCH         LINE#         120
  C:1FC1H         LINE#         121
  C:1FC1H         LINE#         122
  C:1FC4H         LINE#         123
  C:1FC6H         LINE#         124
  C:1FCCH         LINE#         125
  C:1FCCH         LINE#         126
  C:1FD2H         LINE#         127
  C:1FD2H         LINE#         128
  C:1FD2H         LINE#         130
  C:1FDAH         LINE#         131
  C:1FDDH         LINE#         132
  C:1FE0H         LINE#         133
  C:1FE0H         LINE#         134
  C:1FE0H         LINE#         135
  -------         ENDPROC       KEY_HANDLE
  -------         PROC          _CALIBRATION_TEMPERATURE
  X:0008H         SYMBOL        temper
  -------         DO            
  D:0007H         SYMBOL        temp1
  -------         ENDDO         
  C:2241H         LINE#         138
  C:2249H         LINE#         139
  C:2249H         LINE#         140
  C:2249H         LINE#         141
  C:2259H         LINE#         142
  C:2259H         LINE#         143
  C:225FH         LINE#         144
  C:2264H         LINE#         145
  C:2269H         LINE#         148
  C:2273H         LINE#         149
  C:2273H         LINE#         150
  C:2278H         LINE#         151
  C:2278H         LINE#         152
  C:227EH         LINE#         153
  C:2282H         LINE#         154
  C:2284H         LINE#         156
  C:2284H         LINE#         157
  C:2291H         LINE#         159
  C:2294H         LINE#         160
  C:229AH         LINE#         161
  C:229AH         LINE#         162
  C:22AAH         LINE#         163
  C:22AAH         LINE#         164
  C:22AFH         LINE#         165
  C:22B1H         LINE#         166
  C:22B1H         LINE#         167
  C:22B4H         LINE#         168
  C:22BBH         LINE#         169
  C:22BBH         LINE#         170
  C:22BBH         LINE#         171
  C:22C3H         LINE#         172
  C:22C3H         LINE#         173
BL51 BANKED LINKER/LOCATER V6.22                                                      09/23/2020  14:29:54  PAGE 14


  C:22D7H         LINE#         174
  C:22D7H         LINE#         175
  C:22DBH         LINE#         176
  C:22DBH         LINE#         177
  C:22F3H         LINE#         178
  C:22F3H         LINE#         179
  C:22FBH         LINE#         181
  -------         ENDPROC       _CALIBRATION_TEMPERATURE
  -------         PROC          _TEMP_CALC
  D:0002H         SYMBOL        uRt
  X:0008H         SYMBOL        uRw
  -------         DO            
  X:000AH         SYMBOL        i
  X:000CH         SYMBOL        basi_tmp
  X:000EH         SYMBOL        u1
  X:0012H         SYMBOL        u3
  -------         ENDDO         
  C:169CH         LINE#         185
  C:16A8H         LINE#         186
  C:16A8H         LINE#         187
  C:16ADH         LINE#         188
  C:16B3H         LINE#         190
  C:16BBH         LINE#         191
  C:16C5H         LINE#         192
  C:16CEH         LINE#         193
  C:16CEH         LINE#         194
  C:16D1H         LINE#         195
  C:16D1H         LINE#         197
  C:16EDH         LINE#         198
  C:1709H         LINE#         199
  C:1748H         LINE#         200
  C:1760H         LINE#         201
  C:1760H         LINE#         202
  C:1765H         LINE#         203
  C:1765H         LINE#         207
  C:1782H         LINE#         208
  C:1782H         LINE#         209
  C:17B1H         LINE#         211
  C:17BDH         LINE#         212
  C:17BFH         LINE#         215
  C:17BFH         LINE#         216
  C:17EEH         LINE#         218
  C:17FBH         LINE#         219
  C:17FBH         LINE#         222
  C:1802H         LINE#         223
  C:1810H         LINE#         225
  C:1818H         LINE#         226
  -------         ENDPROC       _TEMP_CALC
  -------         PROC          TEMPERATURE_HANDLE
  -------         DO            
  X:0000H         SYMBOL        temp
  X:0002H         SYMBOL        adc_val1
  X:0004H         SYMBOL        adc_val2
  X:0006H         SYMBOL        Detection_vol
  -------         ENDDO         
  C:1819H         LINE#         239
  C:1819H         LINE#         240
BL51 BANKED LINKER/LOCATER V6.22                                                      09/23/2020  14:29:54  PAGE 15


  C:1819H         LINE#         241
  C:1820H         LINE#         242
  C:182CH         LINE#         244
  C:183AH         LINE#         246
  C:1854H         LINE#         247
  C:1854H         LINE#         248
  C:185BH         LINE#         249
  C:1871H         LINE#         251
  C:1889H         LINE#         253
  C:18A2H         LINE#         255
  C:18ADH         LINE#         258
  C:18BCH         LINE#         259
  C:18BCH         LINE#         260
  C:18BCH         LINE#         261
  C:18BCH         LINE#         262
  C:18BCH         LINE#         263
  C:18BCH         LINE#         264
  C:18BFH         LINE#         265
  C:18D1H         LINE#         266
  C:18D1H         LINE#         267
  C:18D7H         LINE#         268
  C:18D7H         LINE#         269
  C:18DBH         LINE#         270
  C:18E2H         LINE#         271
  C:18E2H         LINE#         272
  C:18E4H         LINE#         273
  C:18F3H         LINE#         274
  C:18F3H         LINE#         275
  C:18F7H         LINE#         276
  C:18F7H         LINE#         278
  C:18F9H         LINE#         280
  C:18F9H         LINE#         281
  C:18FFH         LINE#         282
  C:1903H         LINE#         284
  C:1903H         LINE#         285
  C:1903H         LINE#         287
  C:191AH         LINE#         288
  C:191DH         LINE#         289
  C:1925H         LINE#         290
  C:192DH         LINE#         291
  C:1930H         LINE#         292
  C:1932H         LINE#         294
  C:1932H         LINE#         296
  C:1939H         LINE#         297
  C:1939H         LINE#         298
  C:193EH         LINE#         299
  C:1941H         LINE#         301
  C:1944H         LINE#         302
  C:1946H         LINE#         304
  C:1946H         LINE#         306
  C:194BH         LINE#         307
  C:1950H         LINE#         308
  C:1953H         LINE#         310
  C:1953H         LINE#         312
  C:1953H         LINE#         313
  C:1958H         LINE#         314
  C:1959H         LINE#         316
BL51 BANKED LINKER/LOCATER V6.22                                                      09/23/2020  14:29:54  PAGE 16


  C:1959H         LINE#         318
  C:195EH         LINE#         319
  C:1963H         LINE#         320
  C:1966H         LINE#         321
  C:196CH         LINE#         322
  C:196CH         LINE#         326
  C:196CH         LINE#         329
  -------         ENDPROC       TEMPERATURE_HANDLE
  -------         PROC          MAIN
  C:1FE1H         LINE#         338
  C:1FE1H         LINE#         339
  C:1FE1H         LINE#         340
  C:1FE4H         LINE#         341
  C:1FE7H         LINE#         342
  C:1FEAH         LINE#         343
  C:1FECH         LINE#         344
  C:1FEFH         LINE#         345
  C:1FF2H         LINE#         346
  C:1FF5H         LINE#         347
  C:1FF8H         LINE#         348
  C:1FFFH         LINE#         349
  C:2004H         LINE#         350
  C:2007H         LINE#         351
  C:200AH         LINE#         352
  C:2011H         LINE#         353
  C:2016H         LINE#         354
  C:201BH         LINE#         355
  C:2022H         LINE#         356
  C:2025H         LINE#         357
  C:2028H         LINE#         359
  C:2031H         LINE#         360
  C:2044H         LINE#         361
  C:205BH         LINE#         362
  C:2071H         LINE#         363
  C:2087H         LINE#         364
  C:209FH         LINE#         365
  C:20A8H         LINE#         367
  C:20A8H         LINE#         368
  C:20A8H         LINE#         371
  C:20ABH         LINE#         372
  C:20AEH         LINE#         374
  C:20B1H         LINE#         376
  -------         ENDPROC       MAIN
  -------         PROC          CLOCK
  C:2BE3H         LINE#         381
  C:2BE3H         LINE#         382
  C:2BE3H         LINE#         384
  C:2BE6H         LINE#         385
  C:2BECH         LINE#         386
  -------         ENDPROC       CLOCK
  -------         PROC          CONTROLL_HEAT
  -------         DO            
  D:0007H         SYMBOL        heat_step_val
  -------         ENDDO         
  C:285AH         LINE#         399
  C:285AH         LINE#         400
  C:285AH         LINE#         402
BL51 BANKED LINKER/LOCATER V6.22                                                      09/23/2020  14:29:54  PAGE 17


  C:285CH         LINE#         403
  C:2868H         LINE#         404
  C:2868H         LINE#         405
  C:2873H         LINE#         406
  C:2875H         LINE#         407
  C:2875H         LINE#         408
  C:287CH         LINE#         409
  C:287CH         LINE#         410
  C:287CH         LINE#         411
  C:287EH         LINE#         412
  C:2884H         LINE#         414
  C:2884H         LINE#         415
  C:288DH         LINE#         416
  C:288DH         LINE#         417
  -------         ENDPROC       CONTROLL_HEAT
  -------         PROC          SET_TEMP
  C:281CH         LINE#         429
  C:281CH         LINE#         430
  C:281CH         LINE#         433
  C:282EH         LINE#         434
  C:282EH         LINE#         435
  C:282EH         LINE#         437
  C:282EH         LINE#         438
  C:282EH         LINE#         439
  C:2838H         LINE#         440
  C:2839H         LINE#         441
  C:2839H         LINE#         442
  C:2843H         LINE#         443
  C:2844H         LINE#         444
  C:2844H         LINE#         445
  C:284EH         LINE#         446
  C:284FH         LINE#         447
  C:284FH         LINE#         448
  C:2859H         LINE#         449
  C:2859H         LINE#         450
  C:2859H         LINE#         451
  -------         ENDPROC       SET_TEMP
  -------         PROC          DETECTION_INPUT
  -------         DO            
  D:0006H         SYMBOL        input
  -------         ENDDO         
  C:2ADEH         LINE#         477
  C:2ADEH         LINE#         478
  C:2ADEH         LINE#         479
  C:2AE1H         LINE#         480
  C:2AE4H         LINE#         481
  C:2AF1H         LINE#         482
  C:2AF1H         LINE#         484
  C:2AF6H         LINE#         485
  C:2AF7H         LINE#         487
  C:2AF7H         LINE#         489
  C:2AFBH         LINE#         490
  C:2AFBH         LINE#         491
  -------         ENDPROC       DETECTION_INPUT
  -------         ENDMOD        MAIN

  -------         MODULE        DELAY
BL51 BANKED LINKER/LOCATER V6.22                                                      09/23/2020  14:29:54  PAGE 18


  C:0000H         SYMBOL        _ICE_DUMMY_
  D:0080H         PUBLIC        P0
  D:0090H         PUBLIC        P1
  D:00A0H         PUBLIC        P2
  D:00B0H         PUBLIC        P3
  D:00A8H         PUBLIC        IE
  D:00F8H         PUBLIC        RSTFR
  D:0098H         PUBLIC        SCON
  D:0088H         PUBLIC        TCON
  D:00B8H         PUBLIC        IE1
  D:00D8H         PUBLIC        IE2
  C:2B32H         PUBLIC        _delay_ms
  C:2BB0H         PUBLIC        _delay_us
  D:00D0H         PUBLIC        PSW
  -------         PROC          _DELAY_US
  D:0006H         SYMBOL        us
  C:2BB0H         LINE#         4
  C:2BB0H         LINE#         5
  C:2BB0H         LINE#         6
  C:2BB9H         LINE#         7
  C:2BB9H         LINE#         8
  C:2BBBH         LINE#         9
  C:2BBDH         LINE#         10
  -------         ENDPROC       _DELAY_US
  -------         PROC          _DELAY_MS
  D:0006H         SYMBOL        ms
  -------         DO            
  D:0004H         SYMBOL        i
  -------         ENDDO         
  C:2B32H         LINE#         12
  C:2B32H         LINE#         13
  C:2B32H         LINE#         15
  C:2B32H         LINE#         16
  C:2B36H         LINE#         17
  C:2B3FH         LINE#         18
  C:2B48H         LINE#         19
  -------         ENDPROC       _DELAY_MS
  -------         ENDMOD        DELAY

  -------         MODULE        ADC
  C:0000H         SYMBOL        _ICE_DUMMY_
  D:0080H         PUBLIC        P0
  D:0090H         PUBLIC        P1
  D:00A0H         PUBLIC        P2
  D:00B0H         PUBLIC        P3
  C:2B75H         PUBLIC        get_adc_val_P02
  C:2B8BH         PUBLIC        get_adc_val_P21
  C:2B5FH         PUBLIC        get_adc_val_P03
  C:2B49H         PUBLIC        get_adc_val_P07
  D:00A8H         PUBLIC        IE
  D:00F8H         PUBLIC        RSTFR
  C:1BE8H         PUBLIC        _get_voltage
  D:00B6H         PUBLIC        ADCR
  D:0098H         PUBLIC        SCON
  D:0088H         PUBLIC        TCON
  D:00B4H         PUBLIC        ADCC0
  D:00B5H         PUBLIC        ADCC1
BL51 BANKED LINKER/LOCATER V6.22                                                      09/23/2020  14:29:54  PAGE 19


  D:00B8H         PUBLIC        IE1
  C:2A3AH         PUBLIC        adc_init
  D:00D8H         PUBLIC        IE2
  C:24FBH         PUBLIC        Detection_Heat_Cailibration
  C:246AH         PUBLIC        Detection_Input_Voltage
  D:00D0H         PUBLIC        PSW
  -------         PROC          ADC_INIT
  C:2A3AH         LINE#         5
  C:2A3AH         LINE#         6
  C:2A3AH         LINE#         7
  C:2A40H         LINE#         8
  C:2A44H         LINE#         9
  C:2A48H         LINE#         10
  C:2A4CH         LINE#         11
  C:2A4FH         LINE#         21
  C:2A56H         LINE#         24
  C:2A5CH         LINE#         25
  -------         ENDPROC       ADC_INIT
  -------         PROC          GET_ADC_VAL_P07
  -------         DO            
  D:0006H         SYMBOL        adc_val
  -------         ENDDO         
  C:2B49H         LINE#         27
  C:2B49H         LINE#         28
  C:2B49H         LINE#         29
  C:2B4CH         LINE#         30
  C:2B4FH         LINE#         31
  C:2B52H         LINE#         32
  C:2B57H         LINE#         33
  C:2B5AH         LINE#         34
  C:2B5EH         LINE#         36
  C:2B5EH         LINE#         37
  -------         ENDPROC       GET_ADC_VAL_P07
  -------         PROC          GET_ADC_VAL_P03
  -------         DO            
  D:0006H         SYMBOL        adc_val
  -------         ENDDO         
  C:2B5FH         LINE#         39
  C:2B5FH         LINE#         40
  C:2B5FH         LINE#         41
  C:2B62H         LINE#         42
  C:2B65H         LINE#         43
  C:2B68H         LINE#         44
  C:2B6DH         LINE#         45
  C:2B70H         LINE#         46
  C:2B74H         LINE#         48
  C:2B74H         LINE#         49
  -------         ENDPROC       GET_ADC_VAL_P03
  -------         PROC          GET_ADC_VAL_P02
  -------         DO            
  D:0006H         SYMBOL        adc_val
  -------         ENDDO         
  C:2B75H         LINE#         51
  C:2B75H         LINE#         52
  C:2B75H         LINE#         53
  C:2B78H         LINE#         54
  C:2B7BH         LINE#         55
BL51 BANKED LINKER/LOCATER V6.22                                                      09/23/2020  14:29:54  PAGE 20


  C:2B7EH         LINE#         56
  C:2B83H         LINE#         57
  C:2B86H         LINE#         58
  C:2B8AH         LINE#         60
  C:2B8AH         LINE#         61
  -------         ENDPROC       GET_ADC_VAL_P02
  -------         PROC          GET_ADC_VAL_P21
  -------         DO            
  D:0006H         SYMBOL        adc_val
  -------         ENDDO         
  C:2B8BH         LINE#         63
  C:2B8BH         LINE#         64
  C:2B8BH         LINE#         65
  C:2B8EH         LINE#         66
  C:2B91H         LINE#         67
  C:2B94H         LINE#         68
  C:2B99H         LINE#         69
  C:2B9CH         LINE#         70
  C:2BA0H         LINE#         72
  C:2BA0H         LINE#         73
  -------         ENDPROC       GET_ADC_VAL_P21
  -------         PROC          _GET_VOLTAGE
  X:0008H         SYMBOL        u1_voltage
  X:000BH         SYMBOL        u3_voltage
  -------         DO            
  X:000EH         SYMBOL        temp
  X:0012H         SYMBOL        i
  -------         ENDDO         
  C:1BE8H         LINE#         78
  C:1BF3H         LINE#         79
  C:1BF3H         LINE#         80
  C:1BFDH         LINE#         81
  C:1C02H         LINE#         83
  C:1C03H         LINE#         84
  C:1C03H         LINE#         85
  C:1C29H         LINE#         86
  C:1C35H         LINE#         87
  C:1C52H         LINE#         88
  C:1C85H         LINE#         90
  C:1C8CH         LINE#         91
  C:1C96H         LINE#         92
  C:1C9BH         LINE#         93
  C:1C9BH         LINE#         94
  C:1CC1H         LINE#         95
  C:1CCDH         LINE#         96
  C:1CEAH         LINE#         97
  -------         ENDPROC       _GET_VOLTAGE
  -------         PROC          DETECTION_INPUT_VOLTAGE
  -------         DO            
  X:0000H         SYMBOL        tep
  X:0004H         SYMBOL        i
  -------         ENDDO         
  C:246AH         LINE#         101
  C:246AH         LINE#         102
  C:246AH         LINE#         104
  C:2474H         LINE#         105
  C:2479H         LINE#         107
BL51 BANKED LINKER/LOCATER V6.22                                                      09/23/2020  14:29:54  PAGE 21


  C:247AH         LINE#         108
  C:247AH         LINE#         109
  C:24A0H         LINE#         110
  C:24ACH         LINE#         111
  C:24C9H         LINE#         112
  C:24F0H         LINE#         114
  C:24FAH         LINE#         115
  -------         ENDPROC       DETECTION_INPUT_VOLTAGE
  -------         PROC          DETECTION_HEAT_CAILIBRATION
  -------         DO            
  X:00CFH         SYMBOL        tep
  X:00D3H         SYMBOL        i
  -------         ENDDO         
  C:24FBH         LINE#         117
  C:24FBH         LINE#         118
  C:24FBH         LINE#         119
  C:2505H         LINE#         120
  C:250AH         LINE#         122
  C:250BH         LINE#         123
  C:250BH         LINE#         124
  C:2531H         LINE#         125
  C:253DH         LINE#         126
  C:255AH         LINE#         127
  C:2581H         LINE#         129
  C:258BH         LINE#         131
  -------         ENDPROC       DETECTION_HEAT_CAILIBRATION
  -------         ENDMOD        ADC

  -------         MODULE        FLASH
  C:0000H         SYMBOL        _ICE_DUMMY_
  D:0080H         PUBLIC        P0
  D:0090H         PUBLIC        P1
  D:00A0H         PUBLIC        P2
  D:00B0H         PUBLIC        P3
  B:00A8H.7       PUBLIC        EA
  C:272EH         PUBLIC        _Flash_WriteArr
  C:0003H         PUBLIC        _flash_read_addr
  D:00A8H         PUBLIC        IE
  D:00FCH         PUBLIC        IAP_CMD
  D:00F8H         PUBLIC        RSTFR
  C:2BFFH         PUBLIC        get_device_state
  X:00B3H         PUBLIC        flash_info
  C:2C05H         PUBLIC        _set_device_state
  C:1AAFH         PUBLIC        flash_init
  C:29C8H         PUBLIC        flah_save_data
  C:2A5DH         PUBLIC        _Flash_EraseBlock
  D:0098H         PUBLIC        SCON
  D:0088H         PUBLIC        TCON
  D:00B8H         PUBLIC        IE1
  D:00D8H         PUBLIC        IE2
  D:00FBH         PUBLIC        IAP_DATA
  D:00F9H         PUBLIC        IAP_ADDR
  C:29A0H         PUBLIC        _FLASH_WriteData
  C:288EH         SYMBOL        check_flash
  X:00B8H         PUBLIC        flash_check
  C:27DCH         PUBLIC        _Flash_ReadArr
  X:00BCH         PUBLIC        Input_Voltage_std
BL51 BANKED LINKER/LOCATER V6.22                                                      09/23/2020  14:29:54  PAGE 22


  X:00BEH         PUBLIC        device_state
  D:00D0H         PUBLIC        PSW
  -------         PROC          GET_DEVICE_STATE
  C:2BFFH         LINE#         10
  C:2BFFH         LINE#         11
  C:2BFFH         LINE#         12
  C:2C04H         LINE#         13
  -------         ENDPROC       GET_DEVICE_STATE
  -------         PROC          _SET_DEVICE_STATE
  D:0007H         SYMBOL        state
  C:2C05H         LINE#         15
  C:2C05H         LINE#         16
  C:2C05H         LINE#         17
  C:2C0AH         LINE#         18
  -------         ENDPROC       _SET_DEVICE_STATE
  -------         PROC          _FLASH_ERASEBLOCK
  D:0006H         SYMBOL        addr
  C:2A5DH         LINE#         28
  C:2A64H         LINE#         29
  C:2A64H         LINE#         30
  C:2A6AH         LINE#         31
  C:2A6EH         LINE#         32
  C:2A74H         LINE#         33
  C:2A7AH         LINE#         34
  -------         ENDPROC       _FLASH_ERASEBLOCK
  -------         PROC          _FLASH_WRITEDATA
  D:0007H         SYMBOL        fuc_SaveData
  D:0004H         SYMBOL        addr
  C:29A0H         LINE#         44
  C:29A7H         LINE#         45
  C:29A7H         LINE#         46
  C:29A9H         LINE#         47
  C:29AFH         LINE#         48
  C:29B7H         LINE#         49
  C:29BDH         LINE#         50
  C:29C3H         LINE#         51
  -------         ENDPROC       _FLASH_WRITEDATA
  -------         PROC          L?0030
  -------         ENDPROC       L?0030
  -------         PROC          _FLASH_WRITEARR
  X:000AH         SYMBOL        fui_Address
  X:000CH         SYMBOL        len
  X:000DH         SYMBOL        fucp_SaveArr
  -------         DO            
  X:0010H         SYMBOL        i
  -------         ENDDO         
  C:272EH         LINE#         63
  C:2749H         LINE#         64
  C:2749H         LINE#         65
  C:274CH         LINE#         67
  C:274EH         LINE#         68
  C:275CH         LINE#         69
  C:275CH         LINE#         70
  C:2780H         LINE#         71
  C:2788H         LINE#         72
  C:278AH         LINE#         73
  -------         ENDPROC       _FLASH_WRITEARR
BL51 BANKED LINKER/LOCATER V6.22                                                      09/23/2020  14:29:54  PAGE 23


  -------         PROC          _FLASH_READ_ADDR
  D:0082H         SYMBOL        address
  -------         DO            
  D:0007H         SYMBOL        val
  -------         ENDDO         
  C:0003H         LINE#         75
  C:0007H         LINE#         76
  C:0007H         LINE#         77
  C:0008H         LINE#         78
  C:000AH         LINE#         79
  C:000AH         LINE#         80
  -------         ENDPROC       _FLASH_READ_ADDR
  -------         PROC          _FLASH_READARR
  X:000AH         SYMBOL        fui_Address
  D:0005H         SYMBOL        fuc_Length
  X:000CH         SYMBOL        fucp_SaveArr
  C:27DCH         LINE#         92
  C:27EDH         LINE#         93
  C:27EDH         LINE#         94
  C:27F3H         LINE#         95
  C:281BH         LINE#         96
  -------         ENDPROC       _FLASH_READARR
  -------         PROC          CHECK_FLASH
  -------         DO            
  D:0005H         SYMBOL        i
  D:0004H         SYMBOL        cnt
  -------         ENDDO         
  C:288EH         LINE#         98
  C:288EH         LINE#         99
  C:288EH         LINE#         100
  C:2891H         LINE#         102
  C:2891H         LINE#         103
  C:2891H         LINE#         104
  C:28AAH         LINE#         105
  C:28AAH         LINE#         106
  C:28ABH         LINE#         107
  C:28ADH         LINE#         108
  C:28B0H         LINE#         109
  C:28B5H         LINE#         110
  C:28BBH         LINE#         111
  C:28BEH         LINE#         112
  C:28C0H         LINE#         113
  -------         ENDPROC       CHECK_FLASH
  -------         PROC          FLASH_INIT
  -------         DO            
  X:0000H         SYMBOL        init_flag
  -------         ENDDO         
  C:1AAFH         LINE#         116
  C:1AAFH         LINE#         117
  C:1AAFH         LINE#         118
  C:1AB4H         LINE#         121
  C:1ABAH         LINE#         123
  C:1AC0H         LINE#         124
  C:1AC0H         LINE#         125
  C:1AC5H         LINE#         126
  C:1AC7H         LINE#         128
  C:1AC7H         LINE#         129
BL51 BANKED LINKER/LOCATER V6.22                                                      09/23/2020  14:29:54  PAGE 24


  C:1AD0H         LINE#         130
  C:1ADFH         LINE#         131
  C:1B02H         LINE#         132
  C:1B25H         LINE#         133
  C:1B2EH         LINE#         134
  C:1B3DH         LINE#         135
  C:1B43H         LINE#         136
  C:1B43H         LINE#         137
  C:1B4BH         LINE#         138
  C:1B4BH         LINE#         139
  C:1B54H         LINE#         140
  C:1B5AH         LINE#         141
  C:1B5CH         LINE#         142
  C:1B63H         LINE#         143
  C:1B6DH         LINE#         144
  C:1B70H         LINE#         145
  C:1B7FH         LINE#         146
  C:1BBCH         LINE#         147
  C:1BC5H         LINE#         148
  C:1BC5H         LINE#         149
  -------         ENDPROC       FLASH_INIT
  -------         PROC          FLAH_SAVE_DATA
  C:29C8H         LINE#         153
  C:29C8H         LINE#         154
  C:29C8H         LINE#         156
  C:29CFH         LINE#         157
  C:29DCH         LINE#         158
  C:29DFH         LINE#         159
  -------         ENDPROC       FLAH_SAVE_DATA
  -------         ENDMOD        FLASH

  -------         MODULE        UART
  C:0000H         SYMBOL        _ICE_DUMMY_
  D:0080H         PUBLIC        P0
  D:0090H         PUBLIC        P1
  D:00A0H         PUBLIC        P2
  D:00B0H         PUBLIC        P3
  C:278FH         PUBLIC        UART1_Rpt
  D:00A8H         PUBLIC        IE
  C:2ABFH         PUBLIC        _producte_send_cmd
  D:00F8H         PUBLIC        RSTFR
  C:28F4H         SYMBOL        _producte_com_send_data
  B:0098H.1       PUBLIC        TI
  X:0068H         PUBLIC        usart_rx_cnt
  D:0099H         PUBLIC        SBUF
  C:2BCBH         PUBLIC        _hal_uart_putchar
  D:0098H         PUBLIC        SCON
  D:0088H         PUBLIC        TCON
  X:0069H         PUBLIC        temper_val
  D:00B8H         PUBLIC        IE1
  D:00D8H         PUBLIC        IE2
  B:00A8H.4       PUBLIC        ES1
  D:00CEH         PUBLIC        TH4
  D:00CDH         PUBLIC        TL4
  C:2977H         PUBLIC        uart_init
  X:006AH         PUBLIC        usart_rx_buffer
  C:2C27H         SYMBOL        _producte_com_send_one_bit
BL51 BANKED LINKER/LOCATER V6.22                                                      09/23/2020  14:29:54  PAGE 25


  D:009EH         PUBLIC        SCON2
  D:00CCH         PUBLIC        T4CON
  X:0088H         PUBLIC        usart_rx_flag
  D:00D0H         PUBLIC        PSW
  C:2C0BH         PUBLIC        _putchar
  -------         PROC          UART_INIT
  C:2977H         LINE#         28
  C:2977H         LINE#         29
  C:2977H         LINE#         31
  C:297DH         LINE#         32
  C:2983H         LINE#         33
  C:2989H         LINE#         34
  C:298EH         LINE#         48
  C:2991H         LINE#         49
  C:2994H         LINE#         50
  C:2997H         LINE#         51
  C:299AH         LINE#         52
  C:299DH         LINE#         53
  C:299FH         LINE#         55
  -------         ENDPROC       UART_INIT
  -------         PROC          _HAL_UART_PUTCHAR
  D:0007H         SYMBOL        Char
  C:2BCBH         LINE#         59
  C:2BCBH         LINE#         60
  C:2BCBH         LINE#         61
  C:2BCDH         LINE#         62
  C:2BCFH         LINE#         63
  C:2BD2H         LINE#         64
  C:2BD4H         LINE#         65
  C:2BD6H         LINE#         66
  -------         ENDPROC       _HAL_UART_PUTCHAR
  -------         PROC          _PRODUCTE_COM_SEND_ONE_BIT
  D:0007H         SYMBOL        Data
  C:2C27H         LINE#         73
  C:2C27H         LINE#         74
  C:2C27H         LINE#         75
  -------         ENDPROC       _PRODUCTE_COM_SEND_ONE_BIT
  -------         PROC          _PRODUCTE_COM_SEND_DATA
  X:000FH         SYMBOL        Data
  D:0005H         SYMBOL        len
  -------         DO            
  D:0006H         SYMBOL        i
  -------         ENDDO         
  C:28F4H         LINE#         82
  C:28FFH         LINE#         83
  C:28FFH         LINE#         85
  C:2906H         LINE#         86
  C:2906H         LINE#         87
  C:291DH         LINE#         88
  C:2920H         LINE#         89
  -------         ENDPROC       _PRODUCTE_COM_SEND_DATA
  -------         PROC          _PRODUCTE_SEND_CMD
  D:0007H         SYMBOL        funcode
  D:0005H         SYMBOL        Data
  -------         DO            
  X:000AH         SYMBOL        cmd_t
  -------         ENDDO         
BL51 BANKED LINKER/LOCATER V6.22                                                      09/23/2020  14:29:54  PAGE 26


  C:2ABFH         LINE#         96
  C:2ABFH         LINE#         97
  C:2ABFH         LINE#         99
  C:2AC5H         LINE#         100
  C:2AC8H         LINE#         101
  C:2ACBH         LINE#         102
  C:2ACFH         LINE#         103
  C:2AD3H         LINE#         104
  -------         ENDPROC       _PRODUCTE_SEND_CMD
  -------         PROC          _PUTCHAR
  D:0006H         SYMBOL        c
  C:2C0BH         LINE#         109
  C:2C0DH         LINE#         110
  C:2C0DH         LINE#         111
  C:2C10H         LINE#         112
  C:2C10H         LINE#         113
  -------         ENDPROC       _PUTCHAR
  -------         PROC          UART1_RPT
  -------         DO            
  D:0007H         SYMBOL        Data
  -------         ENDDO         
  C:278FH         LINE#         116
  C:279CH         LINE#         118
  C:279CH         LINE#         119
  C:27A1H         LINE#         120
  C:27A1H         LINE#         121
  C:27A3H         LINE#         123
  C:27A6H         LINE#         125
  C:27B0H         LINE#         126
  C:27B0H         LINE#         127
  C:27B0H         LINE#         128
  C:27B4H         LINE#         129
  C:27B4H         LINE#         130
  C:27B8H         LINE#         131
  C:27BEH         LINE#         133
  C:27C4H         LINE#         137
  C:27C4H         LINE#         138
  C:27C6H         LINE#         139
  C:27C6H         LINE#         141
  C:27CBH         LINE#         143
  C:27D1H         LINE#         145
  C:27D1H         LINE#         147
  C:27D1H         LINE#         150
  C:27D1H         LINE#         151
  -------         ENDPROC       UART1_RPT
  -------         ENDMOD        UART

  -------         MODULE        KEY
  C:0000H         SYMBOL        _ICE_DUMMY_
  D:0080H         PUBLIC        P0
  D:0090H         PUBLIC        P1
  D:00A0H         PUBLIC        P2
  D:00B0H         PUBLIC        P3
  C:23B3H         SYMBOL        Calibration_key_driver
  D:00A8H         PUBLIC        IE
  B:0080H.0       PUBLIC        P0_0
  B:0080H.1       PUBLIC        P0_1
BL51 BANKED LINKER/LOCATER V6.22                                                      09/23/2020  14:29:54  PAGE 27


  D:00F8H         PUBLIC        RSTFR
  B:00A0H.7       PUBLIC        P2_7
  D:0098H         PUBLIC        SCON
  D:0088H         PUBLIC        TCON
  C:22FCH         SYMBOL        key_driver
  X:00C8H         PUBLIC        calibration_std
  D:00B8H         PUBLIC        IE1
  D:00D8H         PUBLIC        IE2
  C:26A4H         PUBLIC        key_scan
  C:2BA1H         PUBLIC        key_init
  D:00D0H         PUBLIC        PSW
  -------         PROC          KEY_INIT
  C:2BA1H         LINE#         7
  C:2BA1H         LINE#         8
  C:2BA1H         LINE#         9
  C:2BA7H         LINE#         10
  C:2BABH         LINE#         11
  C:2BAFH         LINE#         13
  -------         ENDPROC       KEY_INIT
  -------         PROC          KEY_DRIVER
  -------         DO            
  X:00BFH         SYMBOL        key_state
  X:00C0H         SYMBOL        key_time
  X:0001H         SYMBOL        key_press
  X:0002H         SYMBOL        key_return
  -------         ENDDO         
  C:22FCH         LINE#         16
  C:22FCH         LINE#         17
  C:22FCH         LINE#         22
  C:2301H         LINE#         24
  C:2308H         LINE#         25
  C:231FH         LINE#         26
  C:231FH         LINE#         27
  C:231FH         LINE#         28
  C:2328H         LINE#         29
  C:2328H         LINE#         30
  C:232EH         LINE#         31
  C:2333H         LINE#         32
  C:2333H         LINE#         33
  C:2335H         LINE#         35
  C:2335H         LINE#         36
  C:233BH         LINE#         37
  C:233BH         LINE#         38
  C:2349H         LINE#         39
  C:2358H         LINE#         40
  C:2358H         LINE#         41
  C:235EH         LINE#         42
  C:235EH         LINE#         43
  C:235EH         LINE#         44
  C:2360H         LINE#         48
  C:2360H         LINE#         49
  C:2367H         LINE#         50
  C:2367H         LINE#         51
  C:236BH         LINE#         52
  C:236BH         LINE#         53
  C:236DH         LINE#         55
  C:236DH         LINE#         56
BL51 BANKED LINKER/LOCATER V6.22                                                      09/23/2020  14:29:54  PAGE 28


  C:237BH         LINE#         58
  C:238AH         LINE#         59
  C:238AH         LINE#         60
  C:2390H         LINE#         61
  C:2396H         LINE#         62
  C:2396H         LINE#         63
  C:239DH         LINE#         64
  C:239DH         LINE#         65
  C:239FH         LINE#         67
  C:239FH         LINE#         68
  C:23A6H         LINE#         69
  C:23A6H         LINE#         70
  C:23A6H         LINE#         71
  C:23A6H         LINE#         72
  C:23A8H         LINE#         74
  C:23A8H         LINE#         75
  C:23ADH         LINE#         76
  C:23ADH         LINE#         77
  C:23ADH         LINE#         79
  C:23B2H         LINE#         81
  -------         ENDPROC       KEY_DRIVER
  -------         PROC          CALIBRATION_KEY_DRIVER
  -------         DO            
  X:00C2H         SYMBOL        key_state
  X:00C3H         SYMBOL        key_time
  X:0001H         SYMBOL        key_press
  X:0002H         SYMBOL        key_return
  -------         ENDDO         
  C:23B3H         LINE#         82
  C:23B3H         LINE#         83
  C:23B3H         LINE#         88
  C:23B8H         LINE#         90
  C:23BFH         LINE#         91
  C:23D6H         LINE#         92
  C:23D6H         LINE#         93
  C:23D6H         LINE#         94
  C:23DFH         LINE#         95
  C:23DFH         LINE#         96
  C:23E5H         LINE#         97
  C:23EAH         LINE#         98
  C:23EAH         LINE#         99
  C:23ECH         LINE#         101
  C:23ECH         LINE#         102
  C:23F2H         LINE#         103
  C:23F2H         LINE#         104
  C:2400H         LINE#         105
  C:240FH         LINE#         106
  C:240FH         LINE#         107
  C:2415H         LINE#         108
  C:2415H         LINE#         109
  C:2415H         LINE#         110
  C:2417H         LINE#         114
  C:2417H         LINE#         115
  C:241EH         LINE#         116
  C:241EH         LINE#         117
  C:2422H         LINE#         118
  C:2422H         LINE#         119
BL51 BANKED LINKER/LOCATER V6.22                                                      09/23/2020  14:29:54  PAGE 29


  C:2424H         LINE#         121
  C:2424H         LINE#         122
  C:2432H         LINE#         124
  C:2441H         LINE#         125
  C:2441H         LINE#         126
  C:2447H         LINE#         127
  C:244DH         LINE#         128
  C:244DH         LINE#         129
  C:2454H         LINE#         130
  C:2454H         LINE#         131
  C:2456H         LINE#         133
  C:2456H         LINE#         134
  C:245DH         LINE#         135
  C:245DH         LINE#         136
  C:245DH         LINE#         137
  C:245DH         LINE#         138
  C:245FH         LINE#         140
  C:245FH         LINE#         141
  C:2464H         LINE#         142
  C:2464H         LINE#         143
  C:2464H         LINE#         145
  C:2469H         LINE#         147
  -------         ENDPROC       CALIBRATION_KEY_DRIVER
  -------         PROC          KEY_SCAN
  -------         DO            
  X:00C5H         SYMBOL        key_up
  X:00C6H         SYMBOL        key_pres_time
  -------         ENDDO         
  C:26A4H         LINE#         149
  C:26A4H         LINE#         150
  C:26A4H         LINE#         155
  C:26AAH         LINE#         156
  C:26AAH         LINE#         158
  C:26ADH         LINE#         159
  C:26ADH         LINE#         160
  C:26B3H         LINE#         161
  C:26B3H         LINE#         162
  C:26BFH         LINE#         163
  C:26BFH         LINE#         164
  C:26C4H         LINE#         165
  C:26C8H         LINE#         166
  C:26CBH         LINE#         167
  C:26CDH         LINE#         169
  C:26CDH         LINE#         170
  C:26D2H         LINE#         171
  C:26D2H         LINE#         172
  C:26D4H         LINE#         173
  C:26E6H         LINE#         174
  C:26E6H         LINE#         175
  C:26ECH         LINE#         176
  C:26F1H         LINE#         177
  C:26F4H         LINE#         178
  C:26F4H         LINE#         180
  C:26F7H         LINE#         181
  C:26F7H         LINE#         182
  C:26FAH         LINE#         183
  C:26FAH         LINE#         185
BL51 BANKED LINKER/LOCATER V6.22                                                      09/23/2020  14:29:54  PAGE 30


  C:26FDH         LINE#         186
  C:26FDH         LINE#         187
  C:2703H         LINE#         188
  C:2709H         LINE#         190
  C:271BH         LINE#         191
  C:271FH         LINE#         192
  C:2721H         LINE#         193
  -------         ENDPROC       KEY_SCAN
  -------         ENDMOD        KEY

  -------         MODULE        PWM
  C:0000H         SYMBOL        _ICE_DUMMY_
  D:0080H         PUBLIC        P0
  D:0090H         PUBLIC        P1
  D:00A0H         PUBLIC        P2
  D:00B0H         PUBLIC        P3
  C:2B1AH         PUBLIC        _set_pwm
  D:00A8H         PUBLIC        IE
  D:00F8H         PUBLIC        RSTFR
  D:0098H         PUBLIC        SCON
  D:0088H         PUBLIC        TCON
  X:00D8H         PUBLIC        pwm_period
  D:00B8H         PUBLIC        IE1
  D:00D8H         PUBLIC        IE2
  D:00DDH         PUBLIC        PWM3C
  C:2A7FH         PUBLIC        _pwm_init
  D:00DFH         PUBLIC        PWM3D
  D:00DEH         PUBLIC        PWM3P
  D:00D0H         PUBLIC        PSW
  -------         PROC          _SET_PWM
  D:0007H         SYMBOL        duty
  -------         DO            
  D:0004H         SYMBOL        tep
  -------         ENDDO         
  C:2B1AH         LINE#         4
  C:2B1AH         LINE#         5
  C:2B1AH         LINE#         6
  C:2B2FH         LINE#         7
  C:2B31H         LINE#         8
  -------         ENDPROC       _SET_PWM
  -------         PROC          _PWM_INIT
  X:0000H         SYMBOL        hz
  C:2A7FH         LINE#         10
  C:2A87H         LINE#         11
  C:2A87H         LINE#         12
  C:2A8DH         LINE#         13
  C:2A93H         LINE#         22
  C:2A99H         LINE#         23
  C:2A9BH         LINE#         25
  C:2A9EH         LINE#         26
  -------         ENDPROC       _PWM_INIT
  -------         ENDMOD        PWM

  -------         MODULE        WDT
  C:0000H         SYMBOL        _ICE_DUMMY_
  D:0080H         PUBLIC        P0
  D:0090H         PUBLIC        P1
BL51 BANKED LINKER/LOCATER V6.22                                                      09/23/2020  14:29:54  PAGE 31


  D:00A0H         PUBLIC        P2
  D:00B0H         PUBLIC        P3
  D:00A8H         PUBLIC        IE
  D:00F8H         PUBLIC        RSTFR
  D:00BDH         PUBLIC        WDTC
  D:0098H         PUBLIC        SCON
  D:0088H         PUBLIC        TCON
  C:2C23H         PUBLIC        clear_wdt
  D:00B8H         PUBLIC        IE1
  D:00D8H         PUBLIC        IE2
  C:2BBEH         PUBLIC        _wdt_init
  D:00D0H         PUBLIC        PSW
  -------         PROC          _WDT_INIT
  D:0007H         SYMBOL        time
  C:2BBEH         LINE#         4
  C:2BBEH         LINE#         5
  C:2BBEH         LINE#         6
  C:2BC1H         LINE#         12
  C:2BCAH         LINE#         14
  -------         ENDPROC       _WDT_INIT
  -------         PROC          CLEAR_WDT
  C:2C23H         LINE#         16
  C:2C23H         LINE#         17
  C:2C23H         LINE#         18
  C:2C26H         LINE#         19
  -------         ENDPROC       CLEAR_WDT
  -------         ENDMOD        WDT

  -------         MODULE        TIMER
  C:0000H         SYMBOL        _ICE_DUMMY_
  D:0080H         PUBLIC        P0
  D:0090H         PUBLIC        P1
  D:00A0H         PUBLIC        P2
  D:00B0H         PUBLIC        P3
  X:00A2H         PUBLIC        over_rang_time_std
  D:00A8H         PUBLIC        IE
  D:00F8H         PUBLIC        RSTFR
  C:2AFCH         PUBLIC        _set_time_sec_val
  X:00A3H         PUBLIC        Gap_protect_std
  D:0098H         PUBLIC        SCON
  D:0089H         PUBLIC        TMOD
  D:0088H         PUBLIC        TCON
  X:00A4H         PUBLIC        time_heat
  D:00B8H         PUBLIC        IE1
  D:00D8H         PUBLIC        IE2
  X:00A6H         PUBLIC        cail_cnt
  X:00A8H         PUBLIC        heat_step
  X:00A9H         PUBLIC        Heat_start_std
  X:00AAH         PUBLIC        temp_time
  C:196DH         PUBLIC        TIMER0_Rpt
  D:008CH         PUBLIC        TH0
  X:00ACH         PUBLIC        time_sec
  D:008AH         PUBLIC        TL0
  X:00AEH         PUBLIC        time_cnt
  X:00B0H         PUBLIC        cnt_heat_time
  X:00B2H         PUBLIC        On_stay
  C:2921H         SYMBOL        set_heat_val
BL51 BANKED LINKER/LOCATER V6.22                                                      09/23/2020  14:29:54  PAGE 32


  C:000EH         PUBLIC        time0_init
  D:00D0H         PUBLIC        PSW
  C:2618H         PUBLIC        set_time_sec
  -------         PROC          _SET_TIME_SEC_VAL
  D:0006H         SYMBOL        sec
  C:2AFCH         LINE#         18
  C:2AFCH         LINE#         19
  C:2AFCH         LINE#         20
  C:2B04H         LINE#         21
  C:2B09H         LINE#         22
  -------         ENDPROC       _SET_TIME_SEC_VAL
  -------         PROC          SET_HEAT_VAL
  C:2921H         LINE#         26
  C:2921H         LINE#         27
  C:2921H         LINE#         28
  C:2928H         LINE#         29
  C:2928H         LINE#         30
  C:293DH         LINE#         31
  C:293DH         LINE#         33
  C:2942H         LINE#         34
  C:2948H         LINE#         36
  C:294CH         LINE#         37
  C:294CH         LINE#         38
  C:294CH         LINE#         39
  -------         ENDPROC       SET_HEAT_VAL
  -------         PROC          SET_TIME_SEC
  C:2618H         LINE#         41
  C:2618H         LINE#         42
  C:2618H         LINE#         43
  C:261FH         LINE#         44
  C:2626H         LINE#         45
  C:2626H         LINE#         46
  C:262CH         LINE#         47
  C:262CH         LINE#         48
  C:262CH         LINE#         49
  C:262EH         LINE#         50
  C:2632H         LINE#         51
  C:2632H         LINE#         52
  C:263BH         LINE#         53
  C:263CH         LINE#         54
  C:263CH         LINE#         55
  C:263EH         LINE#         56
  C:2642H         LINE#         57
  C:2642H         LINE#         58
  C:264CH         LINE#         59
  C:264DH         LINE#         60
  C:264DH         LINE#         61
  C:264FH         LINE#         62
  C:2653H         LINE#         63
  C:2653H         LINE#         64
  C:265DH         LINE#         65
  C:265EH         LINE#         66
  C:265EH         LINE#         67
  C:2660H         LINE#         68
  C:2664H         LINE#         69
  C:2664H         LINE#         70
  C:266EH         LINE#         71
BL51 BANKED LINKER/LOCATER V6.22                                                      09/23/2020  14:29:54  PAGE 33


  C:266FH         LINE#         72
  C:266FH         LINE#         73
  C:2671H         LINE#         74
  C:2675H         LINE#         75
[...]
  C:1412H         LINE#         587
  C:1412H         LINE#         588
  C:1414H         LINE#         589
  C:1416H         LINE#         590
  C:1416H         LINE#         591
  C:141FH         LINE#         592
  C:141FH         LINE#         593
  C:1421H         LINE#         594
  C:1423H         LINE#         595
  C:1423H         LINE#         596
  C:1430H         LINE#         597
  C:1430H         LINE#         598
  C:1432H         LINE#         599
  C:1434H         LINE#         600
  C:1434H         LINE#         601
  C:1435H         LINE#         602
  C:1435H         LINE#         603
  C:143FH         LINE#         604
  C:143FH         LINE#         606
  C:1441H         LINE#         607
  C:1443H         LINE#         608
  C:1443H         LINE#         609
BL51 BANKED LINKER/LOCATER V6.22                                                      09/23/2020  14:29:54  PAGE 42


  C:144CH         LINE#         610
  C:144CH         LINE#         611
  C:144EH         LINE#         612
  C:1450H         LINE#         613
  C:1450H         LINE#         614
  C:1459H         LINE#         615
  C:1459H         LINE#         616
  C:145BH         LINE#         617
  C:145DH         LINE#         618
  C:145DH         LINE#         619
  C:1467H         LINE#         620
  C:1467H         LINE#         621
  C:1469H         LINE#         622
  C:146BH         LINE#         623
  C:146BH         LINE#         624
  C:146CH         LINE#         625
  C:146CH         LINE#         626
  C:1476H         LINE#         627
  C:1476H         LINE#         629
  C:1478H         LINE#         630
  C:147AH         LINE#         631
  C:147AH         LINE#         632
  C:1483H         LINE#         633
  C:1483H         LINE#         634
  C:1485H         LINE#         635
  C:1487H         LINE#         636
  C:1487H         LINE#         637
  C:1490H         LINE#         638
  C:1490H         LINE#         639
  C:1492H         LINE#         640
  C:1494H         LINE#         641
  C:1494H         LINE#         642
  C:149EH         LINE#         643
  C:149EH         LINE#         644
  C:14A0H         LINE#         645
  C:14A2H         LINE#         646
  C:14A2H         LINE#         647
  C:14A3H         LINE#         648
  C:14A3H         LINE#         649
  C:14A5H         LINE#         650
  C:14A7H         LINE#         651
  C:14A9H         LINE#         652
  C:14ABH         LINE#         653
  C:14ADH         LINE#         654
  C:14AEH         LINE#         655
  C:14AEH         LINE#         656
  C:14B0H         LINE#         657
  C:14B2H         LINE#         658
  C:14B4H         LINE#         659
  C:14B6H         LINE#         660
  C:14B8H         LINE#         661
  C:14B8H         LINE#         662
  C:14B8H         LINE#         664
  -------         ENDPROC       _SET_GAP
  C:14BDH         SYMBOL        L?0216
  C:14BFH         SYMBOL        L?0217
  C:14C1H         SYMBOL        L?0218
BL51 BANKED LINKER/LOCATER V6.22                                                      09/23/2020  14:29:54  PAGE 43


  -------         PROC          L?0215
  -------         ENDPROC       L?0215
  C:14BDH         SYMBOL        L?0216
  C:14BFH         SYMBOL        L?0217
  C:14C1H         SYMBOL        L?0218
  -------         PROC          _SET_TIME
  D:0007H         SYMBOL        number
  C:14C6H         LINE#         666
  C:14C6H         LINE#         667
  C:14C6H         LINE#         668
  C:14EBH         LINE#         669
  C:14EBH         LINE#         670
  C:14EBH         LINE#         671
  C:14F5H         LINE#         672
  C:14F5H         LINE#         673
  C:14F7H         LINE#         674
  C:14F9H         LINE#         675
  C:14FBH         LINE#         676
  C:14FBH         LINE#         677
  C:1504H         LINE#         678
  C:1504H         LINE#         679
  C:1506H         LINE#         680
  C:1508H         LINE#         681
  C:150AH         LINE#         682
  C:150AH         LINE#         683
  C:1513H         LINE#         684
  C:1513H         LINE#         685
  C:1515H         LINE#         686
  C:1517H         LINE#         687
  C:1519H         LINE#         688
  C:1519H         LINE#         689
  C:1526H         LINE#         690
  C:1526H         LINE#         691
  C:1526H         LINE#         692
  C:1526H         LINE#         693
  C:1526H         LINE#         694
  C:1526H         LINE#         696
  C:1529H         LINE#         697
  C:1529H         LINE#         698
  C:1533H         LINE#         699
  C:1533H         LINE#         700
  C:1535H         LINE#         701
  C:1537H         LINE#         702
  C:1539H         LINE#         703
  C:1539H         LINE#         704
  C:1542H         LINE#         705
  C:1542H         LINE#         706
  C:1544H         LINE#         707
  C:1546H         LINE#         708
  C:1548H         LINE#         709
  C:1548H         LINE#         710
  C:1551H         LINE#         711
  C:1551H         LINE#         712
  C:1553H         LINE#         713
  C:1555H         LINE#         714
  C:1557H         LINE#         715
  C:1557H         LINE#         716
BL51 BANKED LINKER/LOCATER V6.22                                                      09/23/2020  14:29:54  PAGE 44


  C:1564H         LINE#         717
  C:1564H         LINE#         718
  C:1564H         LINE#         719
  C:1564H         LINE#         720
  C:1564H         LINE#         721
  C:1564H         LINE#         722
  C:1567H         LINE#         724
  C:1567H         LINE#         725
  C:1571H         LINE#         726
  C:1571H         LINE#         727
  C:1573H         LINE#         728
  C:1575H         LINE#         729
  C:1577H         LINE#         730
  C:1577H         LINE#         731
  C:1580H         LINE#         732
  C:1580H         LINE#         733
  C:1582H         LINE#         734
  C:1584H         LINE#         735
  C:1586H         LINE#         736
  C:1586H         LINE#         737
  C:158FH         LINE#         738
  C:158FH         LINE#         739
  C:1591H         LINE#         740
  C:1593H         LINE#         741
  C:1595H         LINE#         742
  C:1595H         LINE#         743
  C:15A2H         LINE#         744
  C:15A2H         LINE#         745
  C:15A2H         LINE#         746
  C:15A2H         LINE#         747
  C:15A2H         LINE#         748
  C:15A2H         LINE#         749
  C:15A5H         LINE#         751
  C:15A5H         LINE#         752
  C:15AFH         LINE#         753
  C:15AFH         LINE#         754
  C:15B1H         LINE#         755
  C:15B3H         LINE#         756
  C:15B5H         LINE#         757
  C:15B5H         LINE#         758
  C:15BEH         LINE#         759
  C:15BEH         LINE#         760
  C:15C0H         LINE#         761
  C:15C2H         LINE#         762
  C:15C4H         LINE#         763
  C:15C4H         LINE#         764
  C:15CDH         LINE#         765
  C:15CDH         LINE#         766
  C:15CFH         LINE#         767
  C:15D1H         LINE#         768
  C:15D3H         LINE#         769
  C:15D3H         LINE#         770
  C:15E0H         LINE#         771
  C:15E0H         LINE#         772
  C:15E0H         LINE#         773
  C:15E0H         LINE#         774
  C:15E0H         LINE#         775
BL51 BANKED LINKER/LOCATER V6.22                                                      09/23/2020  14:29:54  PAGE 45


  C:15E0H         LINE#         776
  C:15E2H         LINE#         777
  C:15E2H         LINE#         778
  C:15ECH         LINE#         779
  C:15ECH         LINE#         780
  C:15EEH         LINE#         781
  C:15F0H         LINE#         782
  C:15F2H         LINE#         783
  C:15F2H         LINE#         784
  C:15FBH         LINE#         785
  C:15FBH         LINE#         786
  C:15FDH         LINE#         787
  C:15FFH         LINE#         788
  C:1601H         LINE#         789
  C:1601H         LINE#         790
  C:160AH         LINE#         791
  C:160AH         LINE#         792
  C:160CH         LINE#         793
  C:160EH         LINE#         794
  C:1610H         LINE#         795
  C:1610H         LINE#         796
  C:161DH         LINE#         797
  C:161DH         LINE#         798
  C:161DH         LINE#         799
  C:161DH         LINE#         800
  C:161DH         LINE#         801
  C:161DH         LINE#         802
  C:161FH         LINE#         803
  C:161FH         LINE#         804
  C:1629H         LINE#         805
  C:1629H         LINE#         806
  C:162BH         LINE#         807
  C:162DH         LINE#         808
  C:162FH         LINE#         809
  C:162FH         LINE#         810
  C:1638H         LINE#         811
  C:1638H         LINE#         812
  C:163AH         LINE#         813
  C:163CH         LINE#         814
  C:163EH         LINE#         815
  C:163EH         LINE#         816
  C:1647H         LINE#         817
  C:1647H         LINE#         818
  C:1649H         LINE#         819
  C:164BH         LINE#         820
  C:164DH         LINE#         821
  C:164DH         LINE#         822
  C:1657H         LINE#         823
  C:1657H         LINE#         824
  C:1659H         LINE#         825
  C:165BH         LINE#         826
  C:165DH         LINE#         827
  C:165DH         LINE#         828
  C:165EH         LINE#         829
  C:165EH         LINE#         830
  C:1668H         LINE#         831
  C:1668H         LINE#         832
BL51 BANKED LINKER/LOCATER V6.22                                                      09/23/2020  14:29:54  PAGE 46


  C:166AH         LINE#         833
  C:166CH         LINE#         834
  C:166EH         LINE#         835
  C:166EH         LINE#         836
  C:1677H         LINE#         837
  C:1677H         LINE#         838
  C:1679H         LINE#         839
  C:167BH         LINE#         840
  C:167DH         LINE#         841
  C:167DH         LINE#         842
  C:1686H         LINE#         843
  C:1686H         LINE#         844
  C:1688H         LINE#         845
  C:168AH         LINE#         846
  C:168CH         LINE#         847
  C:168CH         LINE#         848
  C:1695H         LINE#         849
  C:1695H         LINE#         850
  C:1697H         LINE#         851
  C:1699H         LINE#         852
  C:169BH         LINE#         853
  C:169BH         LINE#         854
  C:169BH         LINE#         855
  C:169BH         LINE#         857
  -------         ENDPROC       _SET_TIME
  -------         ENDMOD        LCDDISPLAY

  -------         MODULE        PID
  C:0000H         SYMBOL        _ICE_DUMMY_
  D:0080H         PUBLIC        P0
  D:0090H         PUBLIC        P1
  D:00A0H         PUBLIC        P2
  D:00B0H         PUBLIC        P3
  D:00A8H         PUBLIC        IE
  D:00F8H         PUBLIC        RSTFR
  X:0089H         PUBLIC        spid
  D:0098H         PUBLIC        SCON
  D:0088H         PUBLIC        TCON
  D:00B8H         PUBLIC        IE1
  D:00D8H         PUBLIC        IE2
  C:2BD7H         SYMBOL        _?ix1000
  C:2A9FH         PUBLIC        PID_Init
  X:00A1H         PUBLIC        PID_RunFlag
  C:0DDEH         PUBLIC        PID_Operation
  D:00D0H         PUBLIC        PSW
  -------         PROC          PID_INIT
  C:2A9FH         LINE#         14
  C:2A9FH         LINE#         15
  C:2A9FH         LINE#         16
  C:2AA6H         LINE#         17
  C:2AACH         LINE#         18
  C:2AB0H         LINE#         20
  C:2AB5H         LINE#         21
  C:2AB9H         LINE#         22
  C:2ABEH         LINE#         23
  -------         ENDPROC       PID_INIT
  -------         PROC          PID_OPERATION
BL51 BANKED LINKER/LOCATER V6.22                                                      09/23/2020  14:29:54  PAGE 47


  -------         DO            
  X:0008H         SYMBOL        temp
  X:0014H         SYMBOL        PostSum
  X:0018H         SYMBOL        NegSum
  -------         ENDDO         
  C:0DDEH         LINE#         33
  C:0DDEH         LINE#         34
  C:0DDEH         LINE#         35
  C:0DF1H         LINE#         36
  C:0DFBH         LINE#         37
  C:0E05H         LINE#         38
  C:0E1EH         LINE#         39
  C:0E1EH         LINE#         40
  C:0E2DH         LINE#         41
  C:0E2DH         LINE#         42
  C:0E2DH         LINE#         43
  C:0E30H         LINE#         45
  C:0E30H         LINE#         46
  C:0E39H         LINE#         47
  C:0E3EH         LINE#         49
  C:0E50H         LINE#         50
  C:0E62H         LINE#         51
  C:0E76H         LINE#         53
  C:0E98H         LINE#         54
  C:0E98H         LINE#         55
  C:0EC4H         LINE#         56
  C:0EC9H         LINE#         57
  C:0ECBH         LINE#         59
  C:0ECBH         LINE#         60
  C:0EF6H         LINE#         61
  C:0EFCH         LINE#         62
  C:0EFCH         LINE#         64
  C:0F19H         LINE#         65
  C:0F53H         LINE#         66
  C:0F53H         LINE#         67
  C:0F97H         LINE#         68
  C:0F9CH         LINE#         69
  C:0F9EH         LINE#         71
  C:0F9EH         LINE#         72
  C:0FF5H         LINE#         73
  C:0FFBH         LINE#         74
  C:0FFBH         LINE#         76
  C:101BH         LINE#         77
  C:103BH         LINE#         78
  C:105BH         LINE#         81
  C:1061H         LINE#         82
  C:1061H         LINE#         83
  C:108CH         LINE#         84
  C:108EH         LINE#         86
  C:108EH         LINE#         87
  C:10BCH         LINE#         88
  C:10BCH         LINE#         90
  C:10C2H         LINE#         91
  C:10C2H         LINE#         92
  C:10F0H         LINE#         93
  C:10F0H         LINE#         96
  C:10F6H         LINE#         97
BL51 BANKED LINKER/LOCATER V6.22                                                      09/23/2020  14:29:54  PAGE 48


  C:10F6H         LINE#         98
  C:111FH         LINE#         99
  C:1121H         LINE#         101
  C:1121H         LINE#         102
  C:114FH         LINE#         103
  C:114FH         LINE#         105
  C:117AH         LINE#         106
  C:119CH         LINE#         107
  C:119CH         LINE#         108
  C:11C8H         LINE#         109
  C:11E2H         LINE#         110
  C:11E2H         LINE#         111
  C:11F3H         LINE#         112
  C:11F4H         LINE#         114
  C:11F4H         LINE#         115
  C:11FDH         LINE#         116
  C:11FDH         LINE#         117
  C:11FEH         LINE#         126
  C:11FEH         LINE#         127
  C:1205H         LINE#         128
  C:1205H         LINE#         129
  -------         ENDPROC       PID_OPERATION
  -------         ENDMOD        PID

  -------         MODULE        ?C?FPADD
  C:002DH         PUBLIC        ?C?FPADD
  C:0029H         PUBLIC        ?C?FPSUB
  -------         ENDMOD        ?C?FPADD

  -------         MODULE        ?C?FPMUL
  C:011EH         PUBLIC        ?C?FPMUL
  -------         ENDMOD        ?C?FPMUL

  -------         MODULE        ?C?FPDIV
  C:0227H         PUBLIC        ?C?FPDIV
  -------         ENDMOD        ?C?FPDIV

  -------         MODULE        ?C?FPCMP
  C:02C6H         PUBLIC        ?C?FPCMP
  C:02C4H         PUBLIC        ?C?FPCMP3
  -------         ENDMOD        ?C?FPCMP

  -------         MODULE        ?C?FCAST
  C:0347H         PUBLIC        ?C?FCASTC
  C:0342H         PUBLIC        ?C?FCASTI
  C:033DH         PUBLIC        ?C?FCASTL
  -------         ENDMOD        ?C?FCAST

  -------         MODULE        ?C?CASTF
  C:037BH         PUBLIC        ?C?CASTF
  -------         ENDMOD        ?C?CASTF

  -------         MODULE        PRINTF
  X:0038H         PUBLIC        ?_PRINTF?BYTE
  X:0038H         PUBLIC        ?_SPRINTF?BYTE
  C:09C6H         PUBLIC        _PRINTF
  C:09C0H         PUBLIC        _SPRINTF
BL51 BANKED LINKER/LOCATER V6.22                                                      09/23/2020  14:29:54  PAGE 49


  -------         ENDMOD        PRINTF

  -------         MODULE        ?C?FPROUND
  C:03FCH         PUBLIC        ?C?FPROUND
  -------         ENDMOD        ?C?FPROUND

  -------         MODULE        ?C?FPCONVERT
  C:0439H         PUBLIC        ?C?FPCONVERT
  -------         ENDMOD        ?C?FPCONVERT

  -------         MODULE        ?C?FTNPWR
  C:056EH         PUBLIC        ?C?FTNPWR
  -------         ENDMOD        ?C?FTNPWR

  -------         MODULE        ?C?COPY
  C:067EH         PUBLIC        ?C?COPY
  -------         ENDMOD        ?C?COPY

  -------         MODULE        ?C?CLDPTR
  C:06A4H         PUBLIC        ?C?CLDPTR
  -------         ENDMOD        ?C?CLDPTR

  -------         MODULE        ?C?CLDOPTR
  C:06BDH         PUBLIC        ?C?CLDOPTR
  -------         ENDMOD        ?C?CLDOPTR

  -------         MODULE        ?C?CSTPTR
  C:06EAH         PUBLIC        ?C?CSTPTR
  -------         ENDMOD        ?C?CSTPTR

  -------         MODULE        ?C?IMUL
  C:06FCH         PUBLIC        ?C?IMUL
  -------         ENDMOD        ?C?IMUL

  -------         MODULE        ?C?IILDX
  C:070EH         PUBLIC        ?C?IILDX
  -------         ENDMOD        ?C?IILDX

  -------         MODULE        ?C?ILDIX
  C:0724H         PUBLIC        ?C?ILDIX
  -------         ENDMOD        ?C?ILDIX

  -------         MODULE        ?C?ISTPTR
  C:073AH         PUBLIC        ?C?ISTPTR
  -------         ENDMOD        ?C?ISTPTR

  -------         MODULE        ?C?LMUL
  C:0759H         PUBLIC        ?C?LMUL
  -------         ENDMOD        ?C?LMUL

  -------         MODULE        ?C?ULDIV
  C:07E4H         PUBLIC        ?C?ULDIV
  -------         ENDMOD        ?C?ULDIV

  -------         MODULE        ?C?LNEG
  C:0876H         PUBLIC        ?C?LNEG
  -------         ENDMOD        ?C?LNEG
BL51 BANKED LINKER/LOCATER V6.22                                                      09/23/2020  14:29:54  PAGE 50



  -------         MODULE        ?C?SLCMP
  C:0884H         PUBLIC        ?C?SLCMP
  -------         ENDMOD        ?C?SLCMP

  -------         MODULE        ?C?ULCMP
  C:089AH         PUBLIC        ?C?ULCMP
  -------         ENDMOD        ?C?ULCMP

  -------         MODULE        ?C?LSTXDATA
  C:08ABH         PUBLIC        ?C?LSTXDATA
  -------         ENDMOD        ?C?LSTXDATA

  -------         MODULE        ?C?LSTKXDATA
  C:08B7H         PUBLIC        ?C?LSTKXDATA
  -------         ENDMOD        ?C?LSTKXDATA

  -------         MODULE        ?C?PLDIXDATA
  C:08E8H         PUBLIC        ?C?PLDIXDATA
  -------         ENDMOD        ?C?PLDIXDATA

  -------         MODULE        ?C?PSTXDATA
  C:08FFH         PUBLIC        ?C?PSTXDATA
  -------         ENDMOD        ?C?PSTXDATA

  -------         MODULE        ?C?CCASE
  C:0908H         PUBLIC        ?C?CCASE
  -------         ENDMOD        ?C?CCASE

  -------         MODULE        ?C?LIMUL
  C:092EH         PUBLIC        ?C?LIMUL
  -------         ENDMOD        ?C?LIMUL

*** WARNING L16: UNCALLED SEGMENT, IGNORED FOR OVERLAY PROCESS
    SEGMENT: ?PR?DETECTION_HEAT_CAILIBRATION?ADC

*** WARNING L16: UNCALLED SEGMENT, IGNORED FOR OVERLAY PROCESS
    SEGMENT: ?PR?_SET_TIME_SEC_VAL?TIMER

*** WARNING L15: MULTIPLE CALL TO SEGMENT
    SEGMENT: ?PR?PRINTF?PRINTF
    CALLER1: ?C_C51STARTUP
    CALLER2: ?PR?TIMER0_RPT?TIMER

Program Size: data=21.2 xdata=334 code=11305
LINK/LOCATE RUN COMPLETE.  3 WARNING(S),  0 ERROR(S)
