BL51 BANKED LINKER/LOCATER V6.22                                                        09/18/2020  17:05:15  PAGE 1


BL51 BANKED LINKER/LOCATER V6.22, INVOKED BY:
C:\PROGRAM_LIST\KEIL\C51\BIN\BL51.EXE .\Objects\STARTUP.obj, .\Objects\main.obj, .\Objects\delay.obj, .\Objects\adc.obj,
>>  .\Objects\flash.obj, .\Objects\uart.obj, .\Objects\key.obj, .\Objects\pwm.obj, .\Objects\wdt.obj, .\Objects\timer.ob
>> j, .\Objects\lcddisplay.obj, .\Objects\PID.obj TO .\Objects\K8104_hex PRINT (.\Listings\K8104_hex.m51) RAMSIZE (256)


MEMORY MODEL: LARGE WITH FLOATING POINT ARITHMETIC


INPUT MODULES INCLUDED:
  .\Objects\STARTUP.obj (?C_STARTUP)
  .\Objects\main.obj (MAIN)
  .\Objects\delay.obj (DELAY)
  .\Objects\adc.obj (ADC)
  .\Objects\flash.obj (FLASH)
  .\Objects\uart.obj (UART)
  .\Objects\key.obj (KEY)
  .\Objects\pwm.obj (PWM)
  .\Objects\wdt.obj (WDT)
  .\Objects\timer.obj (TIMER)
  .\Objects\lcddisplay.obj (LCDDISPLAY)
  .\Objects\PID.obj (PID)
  C:\PROGRAM_LIST\KEIL\C51\LIB\C51FPL.LIB (?C?FPADD)
  C:\PROGRAM_LIST\KEIL\C51\LIB\C51FPL.LIB (?C?FPMUL)
  C:\PROGRAM_LIST\KEIL\C51\LIB\C51FPL.LIB (?C?FPDIV)
  C:\PROGRAM_LIST\KEIL\C51\LIB\C51FPL.LIB (?C?FPCMP)
  C:\PROGRAM_LIST\KEIL\C51\LIB\C51FPL.LIB (?C?FCAST)
  C:\PROGRAM_LIST\KEIL\C51\LIB\C51FPL.LIB (?C?CASTF)
  C:\PROGRAM_LIST\KEIL\C51\LIB\C51FPL.LIB (PRINTF)
  C:\PROGRAM_LIST\KEIL\C51\LIB\C51FPL.LIB (?C?FPGETOPN)
  C:\PROGRAM_LIST\KEIL\C51\LIB\C51FPL.LIB (?C?FPROUND)
  C:\PROGRAM_LIST\KEIL\C51\LIB\C51FPL.LIB (?C?FPCONVERT)
  C:\PROGRAM_LIST\KEIL\C51\LIB\C51FPL.LIB (?C?FTNPWR)
  C:\PROGRAM_LIST\KEIL\C51\LIB\C51L.LIB (?C_INIT)
  C:\PROGRAM_LIST\KEIL\C51\LIB\C51L.LIB (?C?COPY)
  C:\PROGRAM_LIST\KEIL\C51\LIB\C51L.LIB (?C?CLDPTR)
  C:\PROGRAM_LIST\KEIL\C51\LIB\C51L.LIB (?C?CLDOPTR)
  C:\PROGRAM_LIST\KEIL\C51\LIB\C51L.LIB (?C?CSTPTR)
  C:\PROGRAM_LIST\KEIL\C51\LIB\C51L.LIB (?C?IMUL)
  C:\PROGRAM_LIST\KEIL\C51\LIB\C51L.LIB (?C?IILDX)
  C:\PROGRAM_LIST\KEIL\C51\LIB\C51L.LIB (?C?ILDIX)
  C:\PROGRAM_LIST\KEIL\C51\LIB\C51L.LIB (?C?ISTPTR)
  C:\PROGRAM_LIST\KEIL\C51\LIB\C51L.LIB (?C?LMUL)
  C:\PROGRAM_LIST\KEIL\C51\LIB\C51L.LIB (?C?ULDIV)
  C:\PROGRAM_LIST\KEIL\C51\LIB\C51L.LIB (?C?LNEG)
  C:\PROGRAM_LIST\KEIL\C51\LIB\C51L.LIB (?C?SLCMP)
  C:\PROGRAM_LIST\KEIL\C51\LIB\C51L.LIB (?C?ULCMP)
  C:\PROGRAM_LIST\KEIL\C51\LIB\C51L.LIB (?C?LSTXDATA)
  C:\PROGRAM_LIST\KEIL\C51\LIB\C51L.LIB (?C?LSTKXDATA)
  C:\PROGRAM_LIST\KEIL\C51\LIB\C51L.LIB (?C?PLDIXDATA)
  C:\PROGRAM_LIST\KEIL\C51\LIB\C51L.LIB (?C?PSTXDATA)
  C:\PROGRAM_LIST\KEIL\C51\LIB\C51L.LIB (?C?CCASE)
  C:\PROGRAM_LIST\KEIL\C51\LIB\C51L.LIB (?C?LIMUL)


LINK MAP OF MODULE:  .\Objects\K8104_hex (?C_STARTUP)


BL51 BANKED LINKER/LOCATER V6.22                                                      09/18/2020  17:05:15  PAGE 2


            TYPE    BASE      LENGTH    RELOCATION   SEGMENT NAME
            -----------------------------------------------------

            * * * * * * *   D A T A   M E M O R Y   * * * * * * *
            REG     0000H     0008H     ABSOLUTE     "REG BANK 0"
            DATA    0008H     000AH     UNIT         _DATA_GROUP_
                    0012H     000EH                  *** GAP ***
            BIT     0020H.0   0002H.2   UNIT         _BIT_GROUP_
                    0022H.2   0000H.6                *** GAP ***
            IDATA   0023H     0001H     UNIT         ?STACK

            * * * * * * *  X D A T A   M E M O R Y  * * * * * * *
            XDATA   0000H     0061H     UNIT         _XDATA_GROUP_
            XDATA   0061H     0021H     UNIT         ?XD?UART
            XDATA   0082H     0019H     UNIT         ?XD?PID
            XDATA   009BH     0011H     UNIT         ?XD?TIMER
            XDATA   00ACH     000CH     UNIT         ?XD?FLASH
            XDATA   00B8H     000AH     UNIT         ?XD?KEY
            XDATA   00C2H     0006H     UNIT         ?XD?LCDDISPLAY
            XDATA   00C8H     0004H     UNIT         ?XD?MAIN
            XDATA   00CCH     0001H     UNIT         ?XD?PWM
                    00CDH     FDA7H                  *** GAP ***
            XDATA   FE74H     0001H     ABSOLUTE     
            XDATA   FE75H     0001H     ABSOLUTE     
            XDATA   FE76H     0001H     ABSOLUTE     
            XDATA   FE77H     0001H     ABSOLUTE     
                    FE78H     0008H                  *** GAP ***
            XDATA   FE80H     0001H     ABSOLUTE     
                    FE81H     0004H                  *** GAP ***
            XDATA   FE85H     0001H     ABSOLUTE     
                    FE86H     0002H                  *** GAP ***
            XDATA   FE88H     0001H     ABSOLUTE     
            XDATA   FE89H     0001H     ABSOLUTE     
            XDATA   FE8AH     0001H     ABSOLUTE     
                    FE8BH     0006H                  *** GAP ***
            XDATA   FE91H     0001H     ABSOLUTE     
            XDATA   FE92H     0001H     ABSOLUTE     
            XDATA   FE93H     0001H     ABSOLUTE     
            XDATA   FE94H     0001H     ABSOLUTE     
            XDATA   FE95H     0001H     ABSOLUTE     
                    FE96H     0005H                  *** GAP ***
            XDATA   FE9BH     0001H     ABSOLUTE     
                    FE9CH     0004H                  *** GAP ***
            XDATA   FEA0H     0001H     ABSOLUTE     
                    FEA1H     0001H                  *** GAP ***
            XDATA   FEA2H     0001H     ABSOLUTE     
                    FEA3H     0001H                  *** GAP ***
            XDATA   FEA4H     0001H     ABSOLUTE     
            XDATA   FEA5H     0001H     ABSOLUTE     
                    FEA6H     0001H                  *** GAP ***
            XDATA   FEA7H     0001H     ABSOLUTE     
                    FEA8H     0002H                  *** GAP ***
            XDATA   FEAAH     0001H     ABSOLUTE     
                    FEABH     0005H                  *** GAP ***
            XDATA   FEB0H     0001H     ABSOLUTE     
            XDATA   FEB1H     0001H     ABSOLUTE     
            XDATA   FEB2H     0001H     ABSOLUTE     
BL51 BANKED LINKER/LOCATER V6.22                                                      09/18/2020  17:05:15  PAGE 3


            XDATA   FEB3H     0001H     ABSOLUTE     
            XDATA   FEB4H     0001H     ABSOLUTE     
                    FEB5H     0003H                  *** GAP ***
            XDATA   FEB8H     0001H     ABSOLUTE     
            XDATA   FEB9H     0001H     ABSOLUTE     
            XDATA   FEBAH     0001H     ABSOLUTE     
                    FEBBH     0001H                  *** GAP ***
            XDATA   FEBCH     0001H     ABSOLUTE     
            XDATA   FEBDH     0001H     ABSOLUTE     
            XDATA   FEBEH     0001H     ABSOLUTE     
                    FEBFH     0001H                  *** GAP ***
            XDATA   FEC0H     0001H     ABSOLUTE     
                    FEC1H     000FH                  *** GAP ***
            XDATA   FED0H     0001H     ABSOLUTE     
            XDATA   FED1H     0001H     ABSOLUTE     
            XDATA   FED2H     0001H     ABSOLUTE     
            XDATA   FED3H     0001H     ABSOLUTE     
                    FED4H     000CH                  *** GAP ***
            XDATA   FEE0H     0002H     ABSOLUTE     
            XDATA   FEE2H     0002H     ABSOLUTE     
            XDATA   FEE4H     0002H     ABSOLUTE     
            XDATA   FEE6H     0002H     ABSOLUTE     
            XDATA   FEE8H     0002H     ABSOLUTE     
            XDATA   FEEAH     0002H     ABSOLUTE     
            XDATA   FEECH     0002H     ABSOLUTE     
            XDATA   FEEEH     0002H     ABSOLUTE     
                    FEF0H     0010H                  *** GAP ***
            XDATA   FF00H     0001H     ABSOLUTE     
            XDATA   FF01H     0001H     ABSOLUTE     
            XDATA   FF02H     0001H     ABSOLUTE     
            XDATA   FF03H     0001H     ABSOLUTE     
            XDATA   FF04H     0001H     ABSOLUTE     
            XDATA   FF05H     0001H     ABSOLUTE     
            XDATA   FF06H     0001H     ABSOLUTE     
            XDATA   FF07H     0001H     ABSOLUTE     
            XDATA   FF08H     0001H     ABSOLUTE     
            XDATA   FF09H     0001H     ABSOLUTE     
            XDATA   FF0AH     0001H     ABSOLUTE     
            XDATA   FF0BH     0001H     ABSOLUTE     
            XDATA   FF0CH     0001H     ABSOLUTE     
            XDATA   FF0DH     0001H     ABSOLUTE     
            XDATA   FF0EH     0001H     ABSOLUTE     
            XDATA   FF0FH     0001H     ABSOLUTE     
            XDATA   FF10H     0001H     ABSOLUTE     
            XDATA   FF11H     0001H     ABSOLUTE     
            XDATA   FF12H     0001H     ABSOLUTE     
            XDATA   FF13H     0001H     ABSOLUTE     
            XDATA   FF14H     0001H     ABSOLUTE     
            XDATA   FF15H     0001H     ABSOLUTE     
            XDATA   FF16H     0001H     ABSOLUTE     
            XDATA   FF17H     0001H     ABSOLUTE     
            XDATA   FF18H     0001H     ABSOLUTE     
            XDATA   FF19H     0001H     ABSOLUTE     
            XDATA   FF1AH     0001H     ABSOLUTE     
            XDATA   FF1BH     0001H     ABSOLUTE     
            XDATA   FF1CH     0001H     ABSOLUTE     
            XDATA   FF1DH     0001H     ABSOLUTE     
BL51 BANKED LINKER/LOCATER V6.22                                                      09/18/2020  17:05:15  PAGE 4


                    FF1EH     0022H                  *** GAP ***
            XDATA   FF40H     0001H     ABSOLUTE     
            XDATA   FF41H     0001H     ABSOLUTE     
            XDATA   FF42H     0001H     ABSOLUTE     
                    FF43H     001DH                  *** GAP ***
            XDATA   FF60H     0001H     ABSOLUTE     
            XDATA   FF61H     0001H     ABSOLUTE     
            XDATA   FF62H     0001H     ABSOLUTE     
            XDATA   FF63H     0001H     ABSOLUTE     
                    FF64H     0004H                  *** GAP ***
            XDATA   FF68H     0001H     ABSOLUTE     
            XDATA   FF69H     0001H     ABSOLUTE     
            XDATA   FF6AH     0001H     ABSOLUTE     
            XDATA   FF6BH     0001H     ABSOLUTE     
                    FF6CH     0014H                  *** GAP ***
            XDATA   FF80H     0001H     ABSOLUTE     
            XDATA   FF81H     0001H     ABSOLUTE     
                    FF82H     0001H                  *** GAP ***
            XDATA   FF83H     0001H     ABSOLUTE     
            XDATA   FF84H     0001H     ABSOLUTE     
            XDATA   FF85H     0001H     ABSOLUTE     
                    FF86H     0009H                  *** GAP ***
            XDATA   FF8FH     0001H     ABSOLUTE     
            XDATA   FF90H     0001H     ABSOLUTE     
            XDATA   FF91H     0001H     ABSOLUTE     
                    FF92H     0002H                  *** GAP ***
            XDATA   FF94H     0001H     ABSOLUTE     
            XDATA   FF95H     0001H     ABSOLUTE     
                    FF96H     0002H                  *** GAP ***
            XDATA   FF98H     0001H     ABSOLUTE     
            XDATA   FF99H     0001H     ABSOLUTE     
                    FF9AH     0002H                  *** GAP ***
            XDATA   FF9CH     0001H     ABSOLUTE     
                    FF9DH     0003H                  *** GAP ***
            XDATA   FFA0H     0001H     ABSOLUTE     
            XDATA   FFA1H     0001H     ABSOLUTE     
            XDATA   FFA2H     0001H     ABSOLUTE     
            XDATA   FFA3H     0001H     ABSOLUTE     
            XDATA   FFA4H     0001H     ABSOLUTE     
            XDATA   FFA5H     0001H     ABSOLUTE     
            XDATA   FFA6H     0001H     ABSOLUTE     
            XDATA   FFA7H     0001H     ABSOLUTE     
            XDATA   FFA8H     0001H     ABSOLUTE     
            XDATA   FFA9H     0001H     ABSOLUTE     

            * * * * * * *   C O D E   M E M O R Y   * * * * * * *
            CODE    0000H     0003H     ABSOLUTE     
            CODE    0003H     0008H     UNIT         ?PR?_FLASH_READ_ADDR?FLASH
            CODE    000BH     0003H     ABSOLUTE     
            CODE    000EH     0014H     UNIT         ?PR?TIME0_INIT?TIMER
                    0022H     0001H                  *** GAP ***
            CODE    0023H     0003H     ABSOLUTE     
            CODE    0026H     0935H     UNIT         ?C?LIB_CODE
            CODE    095BH     0483H     UNIT         ?PR?PRINTF?PRINTF
            CODE    0DDEH     0428H     UNIT         ?PR?PID_OPERATION?PID
            CODE    1206H     02B3H     UNIT         ?PR?_SET_GAP?LCDDISPLAY
            CODE    14B9H     019CH     UNIT         ?PR?_SET_TIME?LCDDISPLAY
BL51 BANKED LINKER/LOCATER V6.22                                                      09/18/2020  17:05:15  PAGE 5


            CODE    1655H     017DH     UNIT         ?PR?_TEMP_CALC?MAIN
            CODE    17D2H     0142H     UNIT         ?PR?TIMER0_RPT?TIMER
            CODE    1914H     0139H     UNIT         ?PR?FLASH_INIT?FLASH
            CODE    1A4DH     0135H     UNIT         ?PR?_GET_VOLTAGE?ADC
            CODE    1B82H     0126H     UNIT         ?PR?TEMPERATURE_HANDLE?MAIN
            CODE    1CA8H     0106H     UNIT         ?CO?FLASH
            CODE    1DAEH     00E1H     UNIT         ?PR?LCD_DISPLAY?LCDDISPLAY
            CODE    1E8FH     00DDH     UNIT         ?PR?KEY_HANDLE?MAIN
            CODE    1F6CH     00C1H     UNIT         ?PR?MAIN?MAIN
            CODE    202DH     00BDH     UNIT         ?C_INITSEG
            CODE    20EAH     00BBH     UNIT         ?PR?_CALIBRATION_TEMPERATURE?MAIN
            CODE    21A5H     00BBH     UNIT         ?CO?MAIN
            CODE    2260H     00B7H     UNIT         ?PR?KEY_DRIVER?KEY
            CODE    2317H     00B7H     UNIT         ?PR?CALIBRATION_KEY_DRIVER?KEY
            CODE    23CEH     0091H     UNIT         ?PR?DETECTION_INPUT_VOLTAGE?ADC
            CODE    245FH     008CH     UNIT         ?C_C51STARTUP
            CODE    24EBH     008CH     UNIT         ?PR?SET_TIME_SEC?TIMER
            CODE    2577H     007EH     UNIT         ?PR?KEY_SCAN?KEY
            CODE    25F5H     006DH     UNIT         ?PR?_FLASH_WRITEARR?FLASH
            CODE    2662H     004DH     UNIT         ?PR?UART1_RPT?UART
            CODE    26AFH     0040H     UNIT         ?PR?_FLASH_READARR?FLASH
            CODE    26EFH     003EH     UNIT         ?PR?SET_TEMP?MAIN
            CODE    272DH     0034H     UNIT         ?PR?CONTROLL_HEAT?MAIN
            CODE    2761H     0033H     UNIT         ?PR?CHECK_FLASH?FLASH
            CODE    2794H     0033H     UNIT         ?CO?TIMER
            CODE    27C7H     002DH     UNIT         ?PR?_PRODUCTE_COM_SEND_DATA?UART
            CODE    27F4H     002CH     UNIT         ?PR?SET_HEAT_VAL?TIMER
            CODE    2820H     002AH     UNIT         ?PR?LCD_INIT?LCDDISPLAY
            CODE    284AH     0029H     UNIT         ?PR?UART_INIT?UART
            CODE    2873H     0028H     UNIT         ?PR?_FLASH_WRITEDATA?FLASH
            CODE    289BH     0026H     UNIT         ?PR?FLAH_SAVE_DATA?FLASH
            CODE    28C1H     0026H     UNIT         ?PR?LCD_ERROR?LCDDISPLAY
            CODE    28E7H     0026H     UNIT         ?PR?LCD_CAILBRATION?LCDDISPLAY
            CODE    290DH     0022H     UNIT         ?PR?_FLASH_ERASEBLOCK?FLASH
            CODE    292FH     0020H     UNIT         ?PR?_PWM_INIT?PWM
            CODE    294FH     0020H     UNIT         ?PR?PID_INIT?PID
            CODE    296FH     001FH     UNIT         ?PR?ADC_INIT?ADC
            CODE    298EH     001FH     UNIT         ?PR?_PRODUCTE_SEND_CMD?UART
            CODE    29ADH     001EH     UNIT         ?PR?DETECTION_INPUT?MAIN
            CODE    29CBH     001EH     UNIT         ?PR?_SET_TIME_SEC_VAL?TIMER
            CODE    29E9H     0018H     UNIT         ?PR?_SET_PWM?PWM
            CODE    2A01H     0017H     UNIT         ?PR?_DELAY_MS?DELAY
            CODE    2A18H     0016H     UNIT         ?PR?GET_ADC_VAL_P07?ADC
            CODE    2A2EH     0016H     UNIT         ?PR?GET_ADC_VAL_P03?ADC
            CODE    2A44H     0016H     UNIT         ?PR?GET_ADC_VAL_P02?ADC
            CODE    2A5AH     000FH     UNIT         ?PR?KEY_INIT?KEY
            CODE    2A69H     000EH     UNIT         ?PR?_DELAY_US?DELAY
            CODE    2A77H     000DH     UNIT         ?PR?_WDT_INIT?WDT
            CODE    2A84H     000CH     UNIT         ?PR?_HAL_UART_PUTCHAR?UART
            CODE    2A90H     000CH     UNIT         ?CO?PID
            CODE    2A9CH     000AH     UNIT         ?PR?CLOCK?MAIN
            CODE    2AA6H     0009H     UNIT         ?PR?LCD_CLEAR_ALL?LCDDISPLAY
            CODE    2AAFH     0009H     UNIT         ?PR?LCD_DISPLAY_ON?LCDDISPLAY
            CODE    2AB8H     0006H     UNIT         ?PR?GET_DEVICE_STATE?FLASH
            CODE    2ABEH     0006H     UNIT         ?PR?_SET_DEVICE_STATE?FLASH
            CODE    2AC4H     0006H     UNIT         ?PR?_PUTCHAR?UART
            CODE    2ACAH     0006H     UNIT         ?PR?_LCD_OFF?LCDDISPLAY
BL51 BANKED LINKER/LOCATER V6.22                                                      09/18/2020  17:05:15  PAGE 6


            CODE    2AD0H     0006H     UNIT         ?PR?_LCD_DISPLAY_TIME?LCDDISPLAY
            CODE    2AD6H     0006H     UNIT         ?PR?_LCD_DISPLAY_GAP?LCDDISPLAY
            CODE    2ADCH     0004H     UNIT         ?PR?CLEAR_WDT?WDT
            CODE    2AE0H     0003H     UNIT         ?PR?_PRODUCTE_COM_SEND_ONE_BIT?UART



OVERLAY MAP OF MODULE:   .\Objects\K8104_hex (?C_STARTUP)


SEGMENT                                        BIT_GROUP          DATA_GROUP          XDATA_GROUP
  +--> CALLED SEGMENT                       START    LENGTH     START    LENGTH     START    LENGTH
---------------------------------------------------------------------------------------------------
?C_C51STARTUP                               -----    -----      -----    -----      -----    -----
  +--> ?PR?MAIN?MAIN
  +--> ?C_INITSEG

?PR?MAIN?MAIN                               -----    -----      -----    -----      -----    -----
  +--> ?PR?CLOCK?MAIN
  +--> ?PR?UART_INIT?UART
  +--> ?PR?ADC_INIT?ADC
  +--> ?PR?TIME0_INIT?TIMER
  +--> ?PR?KEY_INIT?KEY
  +--> ?PR?FLASH_INIT?FLASH
  +--> ?PR?PID_INIT?PID
  +--> ?PR?_PWM_INIT?PWM
  +--> ?PR?_WDT_INIT?WDT
  +--> ?PR?LCD_INIT?LCDDISPLAY
  +--> ?PR?LCD_DISPLAY_ON?LCDDISPLAY
  +--> ?PR?_DELAY_MS?DELAY
  +--> ?PR?LCD_CLEAR_ALL?LCDDISPLAY
  +--> ?PR?DETECTION_INPUT?MAIN
  +--> ?CO?MAIN
  +--> ?PR?PRINTF?PRINTF
  +--> ?PR?TEMPERATURE_HANDLE?MAIN
  +--> ?PR?KEY_HANDLE?MAIN
  +--> ?PR?CLEAR_WDT?WDT

?PR?ADC_INIT?ADC                            -----    -----      -----    -----      -----    -----
  +--> ?PR?_DELAY_US?DELAY

?PR?FLASH_INIT?FLASH                        -----    -----      -----    -----      0000H    0001H
  +--> ?PR?CHECK_FLASH?FLASH
  +--> ?CO?FLASH
  +--> ?PR?PRINTF?PRINTF
  +--> ?PR?_FLASH_READARR?FLASH
  +--> ?PR?_FLASH_ERASEBLOCK?FLASH
  +--> ?PR?_FLASH_WRITEARR?FLASH

?PR?CHECK_FLASH?FLASH                       -----    -----      -----    -----      -----    -----
  +--> ?PR?_FLASH_READ_ADDR?FLASH

?PR?PRINTF?PRINTF                           0021H.1  0001H.1    000DH    0005H      0031H    0030H
  +--> ?PR?_PUTCHAR?UART

?PR?_PUTCHAR?UART                           -----    -----      -----    -----      -----    -----
  +--> ?PR?_HAL_UART_PUTCHAR?UART
BL51 BANKED LINKER/LOCATER V6.22                                                      09/18/2020  17:05:15  PAGE 7



?PR?_FLASH_READARR?FLASH                    -----    -----      -----    -----      0008H    0005H

?PR?_FLASH_WRITEARR?FLASH                   -----    -----      -----    -----      0008H    0007H
  +--> ?PR?_FLASH_WRITEDATA?FLASH

?PR?_PWM_INIT?PWM                           -----    -----      -----    -----      0000H    0002H

?PR?DETECTION_INPUT?MAIN                    -----    -----      -----    -----      -----    -----
  +--> ?PR?DETECTION_INPUT_VOLTAGE?ADC

?PR?DETECTION_INPUT_VOLTAGE?ADC             -----    -----      -----    -----      0000H    0005H
  +--> ?PR?GET_ADC_VAL_P02?ADC

?PR?TEMPERATURE_HANDLE?MAIN                 -----    -----      -----    -----      0000H    0006H
  +--> ?PR?_GET_VOLTAGE?ADC
  +--> ?PR?_TEMP_CALC?MAIN
  +--> ?PR?_CALIBRATION_TEMPERATURE?MAIN
  +--> ?PR?GET_DEVICE_STATE?FLASH
  +--> ?PR?_LCD_OFF?LCDDISPLAY
  +--> ?PR?PID_OPERATION?PID
  +--> ?PR?_LCD_DISPLAY_TIME?LCDDISPLAY
  +--> ?PR?_LCD_DISPLAY_GAP?LCDDISPLAY
  +--> ?PR?CONTROLL_HEAT?MAIN
  +--> ?PR?_SET_PWM?PWM
  +--> ?PR?LCD_CLEAR_ALL?LCDDISPLAY
  +--> ?PR?LCD_CAILBRATION?LCDDISPLAY
  +--> ?PR?LCD_ERROR?LCDDISPLAY

?PR?_GET_VOLTAGE?ADC                        -----    -----      -----    -----      0006H    000BH
  +--> ?PR?GET_ADC_VAL_P03?ADC
  +--> ?PR?_DELAY_US?DELAY
  +--> ?PR?GET_ADC_VAL_P07?ADC

?PR?_TEMP_CALC?MAIN                         -----    -----      -----    -----      0006H    000EH

?PR?_CALIBRATION_TEMPERATURE?MAIN           -----    -----      -----    -----      0006H    0002H
  +--> ?PR?_HAL_UART_PUTCHAR?UART
  +--> ?PR?FLAH_SAVE_DATA?FLASH
  +--> ?PR?_PRODUCTE_SEND_CMD?UART

?PR?FLAH_SAVE_DATA?FLASH                    -----    -----      -----    -----      -----    -----
  +--> ?PR?_FLASH_ERASEBLOCK?FLASH
  +--> ?PR?_FLASH_WRITEARR?FLASH
  +--> ?PR?_FLASH_READARR?FLASH

?PR?_PRODUCTE_SEND_CMD?UART                 -----    -----      -----    -----      0008H    0005H
  +--> ?PR?_PRODUCTE_COM_SEND_DATA?UART

?PR?_PRODUCTE_COM_SEND_DATA?UART            -----    -----      -----    -----      000DH    0003H
  +--> ?PR?_PRODUCTE_COM_SEND_ONE_BIT?UART

?PR?_PRODUCTE_COM_SEND_ONE_BIT?UART         -----    -----      -----    -----      -----    -----
  +--> ?PR?_HAL_UART_PUTCHAR?UART

?PR?PID_OPERATION?PID                       -----    -----      -----    -----      0006H    0014H
  +--> ?CO?PID
BL51 BANKED LINKER/LOCATER V6.22                                                      09/18/2020  17:05:15  PAGE 8



?PR?CONTROLL_HEAT?MAIN                      -----    -----      -----    -----      -----    -----
  +--> ?PR?_SET_PWM?PWM

?PR?KEY_HANDLE?MAIN                         -----    -----      -----    -----      0000H    0001H
  +--> ?PR?KEY_SCAN?KEY
  +--> ?CO?MAIN
  +--> ?PR?PRINTF?PRINTF
  +--> ?PR?GET_DEVICE_STATE?FLASH
  +--> ?PR?_SET_DEVICE_STATE?FLASH
  +--> ?PR?_SET_PWM?PWM
  +--> ?PR?SET_TIME_SEC?TIMER
  +--> ?PR?SET_TEMP?MAIN
  +--> ?PR?_LCD_DISPLAY_GAP?LCDDISPLAY
  +--> ?PR?_LCD_DISPLAY_TIME?LCDDISPLAY
  +--> ?PR?FLAH_SAVE_DATA?FLASH

?PR?KEY_SCAN?KEY                            -----    -----      -----    -----      -----    -----
  +--> ?PR?KEY_DRIVER?KEY
  +--> ?PR?CALIBRATION_KEY_DRIVER?KEY
  +--> ?PR?GET_DEVICE_STATE?FLASH
  +--> ?PR?FLAH_SAVE_DATA?FLASH
  +--> ?PR?_DELAY_MS?DELAY

?PR?KEY_DRIVER?KEY                          -----    -----      -----    -----      0001H    0002H
  +--> ?PR?_DELAY_MS?DELAY

?PR?CALIBRATION_KEY_DRIVER?KEY              -----    -----      -----    -----      0001H    0002H
  +--> ?PR?_DELAY_MS?DELAY

?PR?SET_TIME_SEC?TIMER                      -----    -----      -----    -----      -----    -----
  +--> ?CO?TIMER
  +--> ?PR?PRINTF?PRINTF

*** NEW ROOT ***************************************************

?PR?TIMER0_RPT?TIMER                        -----    -----      -----    -----      -----    -----
  +--> ?PR?GET_DEVICE_STATE?FLASH
  +--> ?PR?SET_HEAT_VAL?TIMER
  +--> ?PR?_SET_DEVICE_STATE?FLASH
  +--> ?CO?TIMER
  +--> ?PR?PRINTF?PRINTF
  +--> ?PR?LCD_DISPLAY?LCDDISPLAY

?PR?LCD_DISPLAY?LCDDISPLAY                  -----    -----      -----    -----      -----    -----
  +--> ?PR?_SET_TIME?LCDDISPLAY
  +--> ?PR?_SET_GAP?LCDDISPLAY



SYMBOL TABLE OF MODULE:  .\Objects\K8104_hex (?C_STARTUP)

  VALUE           TYPE          NAME
  ----------------------------------

  -------         MODULE        ?C_STARTUP
  C:245FH         SEGMENT       ?C_C51STARTUP
BL51 BANKED LINKER/LOCATER V6.22                                                      09/18/2020  17:05:15  PAGE 9


  I:0023H         SEGMENT       ?STACK
  C:0000H         PUBLIC        ?C_STARTUP
  D:00E0H         SYMBOL        ACC
  D:00F0H         SYMBOL        B
  D:0083H         SYMBOL        DPH
  D:0082H         SYMBOL        DPL
  N:0000H         SYMBOL        IBPSTACK
  N:0100H         SYMBOL        IBPSTACKTOP
  N:0080H         SYMBOL        IDATALEN
  C:2462H         SYMBOL        IDATALOOP
  N:0000H         SYMBOL        PBPSTACK
  N:0100H         SYMBOL        PBPSTACKTOP
  N:0000H         SYMBOL        PDATALEN
  N:0000H         SYMBOL        PDATASTART
  N:0000H         SYMBOL        PPAGE
  N:0000H         SYMBOL        PPAGEENABLE
  D:00A0H         SYMBOL        PPAGE_SFR
  D:0081H         SYMBOL        SP
  C:245FH         SYMBOL        STARTUP1
  N:0000H         SYMBOL        XBPSTACK
  N:0000H         SYMBOL        XBPSTACKTOP
  N:0000H         SYMBOL        XDATALEN
  N:0000H         SYMBOL        XDATASTART
  C:0000H         LINE#         126
  C:245FH         LINE#         133
  C:2461H         LINE#         134
  C:2462H         LINE#         135
  C:2463H         LINE#         136
  C:2465H         LINE#         185
  C:2468H         LINE#         196
  -------         ENDMOD        ?C_STARTUP

  -------         MODULE        MAIN
  C:0000H         SYMBOL        _ICE_DUMMY_
  X:FF08H         PUBLIC        P1M0
  X:FF01H         PUBLIC        P0M1
  X:FF10H         PUBLIC        P2M0
  X:FF09H         PUBLIC        P1M1
  X:FF02H         PUBLIC        P0M2
  D:0080H         PUBLIC        P0
  X:FF18H         PUBLIC        P3M0
  X:FF11H         PUBLIC        P2M1
  X:FF0AH         PUBLIC        P1M2
  X:FF03H         PUBLIC        P0M3
  D:0090H         PUBLIC        P1
  X:FF19H         PUBLIC        P3M1
  X:FF12H         PUBLIC        P2M2
  X:FF0BH         PUBLIC        P1M3
  X:FF04H         PUBLIC        P0M4
  D:00A0H         PUBLIC        P2
  X:FF1AH         PUBLIC        P3M2
  X:FF13H         PUBLIC        P2M3
  X:FF0CH         PUBLIC        P1M4
  X:FF05H         PUBLIC        P0M5
  D:00B0H         PUBLIC        P3
  X:FF1BH         PUBLIC        P3M3
  X:FF14H         PUBLIC        P2M4
BL51 BANKED LINKER/LOCATER V6.22                                                      09/18/2020  17:05:15  PAGE 10


  X:FF0DH         PUBLIC        P1M5
  X:FF06H         PUBLIC        P0M6
  X:FF1CH         PUBLIC        P3M4
  X:FF15H         PUBLIC        P2M5
  X:FF0EH         PUBLIC        P1M6
  X:FF07H         PUBLIC        P0M7
  X:FF1DH         PUBLIC        P3M5
  X:FF16H         PUBLIC        P2M6
  X:FF0FH         PUBLIC        P1M7
  B:00A8H.7       PUBLIC        EA
  C:1B82H         PUBLIC        temperature_handle
  X:FF17H         PUBLIC        P2M7
  X:FEC0H         PUBLIC        SCANCON
  X:FEBDH         PUBLIC        TRMEN
  X:FE94H         PUBLIC        XTALCFG
  X:FE75H         PUBLIC        CTKVS
  D:00A8H         PUBLIC        IE
  D:00F8H         PUBLIC        RSTFR
  X:FF91H         PUBLIC        PWM01_MAP
  X:FF95H         PUBLIC        PWM11_MAP
  X:FFA3H         PUBLIC        SDA_MAP
  X:FF99H         PUBLIC        PWM21_MAP
  C:29ADH         PUBLIC        Detection_Input
  X:FEE0H         PUBLIC        SCR0
  X:FE89H         PUBLIC        S2CON2
  X:FEE2H         PUBLIC        SCR1
  C:1E8FH         SYMBOL        key_handle
  X:FEE4H         PUBLIC        SCR2
  X:FEE6H         PUBLIC        SCR3
  X:FEA2H         PUBLIC        CRCC
  X:FE85H         PUBLIC        T5CON1
  X:FEE8H         PUBLIC        SCR4
  X:FEEAH         PUBLIC        SCR5
  X:FEECH         PUBLIC        SCR6
  X:FEEEH         PUBLIC        SCR7
  X:FFA5H         PUBLIC        SCK_MAP
  X:FFA2H         PUBLIC        SCL_MAP
  C:26EFH         PUBLIC        Set_Temp
  C:1F6CH         PUBLIC        main
  C:20EAH         PUBLIC        _calibration_temperature
  X:FEA4H         PUBLIC        BORC
  X:FE77H         PUBLIC        DSCR
  C:1655H         PUBLIC        _temp_calc
  X:FFA1H         PUBLIC        RXD_MAP
  X:FEA5H         PUBLIC        BORDBC
  X:FFA0H         PUBLIC        TXD_MAP
  X:FEA7H         PUBLIC        LVDDBC
  X:FEB8H         PUBLIC        PINTE0
  X:FEB9H         PUBLIC        PINTE1
  X:FEBCH         PUBLIC        P2INTE
  X:FEBAH         PUBLIC        PINTE2
  D:0098H         PUBLIC        SCON
  D:0088H         PUBLIC        TCON
  C:272DH         PUBLIC        Controll_Heat
  X:FE95H         PUBLIC        SPOV_RSTEN
  X:FE74H         PUBLIC        RBCSEL
  X:FE9BH         PUBLIC        ADCC2
BL51 BANKED LINKER/LOCATER V6.22                                                      09/18/2020  17:05:15  PAGE 11


  X:FE76H         PUBLIC        CTKCLK
  X:FE91H         PUBLIC        CLKDIV
  D:00B8H         PUBLIC        IE1
  D:00D8H         PUBLIC        IE2
  X:FF80H         PUBLIC        T0_MAP
  X:FF81H         PUBLIC        T1_MAP
  X:FEAAH         PUBLIC        RSTDBC
  X:FF83H         PUBLIC        T3_MAP
  X:FF84H         PUBLIC        T4_MAP
  X:FF85H         PUBLIC        T5_MAP
  X:FEA0H         PUBLIC        WDTCCR
  X:FEBEH         PUBLIC        TRMV
  X:00C8H         PUBLIC        adc_cnt
  X:FED0H         PUBLIC        SCCH0
  X:FED1H         PUBLIC        SCCH1
  X:FED2H         PUBLIC        SCCH2
  X:FE93H         PUBLIC        CLKOUT
  X:FED3H         PUBLIC        SCCH3
  D:008EH         PUBLIC        CLKSWR
  X:00CAH         PUBLIC        error_std
  X:00CBH         PUBLIC        first_heat_std
  X:FFA9H         PUBLIC        RXD2_MAP
  X:FFA8H         PUBLIC        TXD2_MAP
  X:FE8AH         PUBLIC        S2BUF
  X:FF90H         PUBLIC        PWM0_MAP
  X:FFA4H         PUBLIC        SS_MAP
  X:FF94H         PUBLIC        PWM1_MAP
  X:FF98H         PUBLIC        PWM2_MAP
  X:FE88H         PUBLIC        S2CON
  X:FE80H         PUBLIC        TCON1
  X:FF9CH         PUBLIC        PWM3_MAP
  X:FF8FH         PUBLIC        CLKO_MAP
  X:FE92H         PUBLIC        FREQ_CLK
  C:2A9CH         PUBLIC        Clock
  X:FEB0H         PUBLIC        PITS0
  X:FEB1H         PUBLIC        PITS1
  X:FEB2H         PUBLIC        PITS2
  X:FF6BH         PUBLIC        SEGP0EN
  X:FF63H         PUBLIC        COMP0EN
  X:FEB3H         PUBLIC        PITS3
  X:FF6AH         PUBLIC        SEGP1EN
  X:FF62H         PUBLIC        COMP1EN
  X:FEB4H         PUBLIC        PITS4
  X:FF69H         PUBLIC        SEGP2EN
  X:FF61H         PUBLIC        COMP2EN
  X:FF68H         PUBLIC        SEGP3EN
  X:FF60H         PUBLIC        COMP3EN
  X:FFA7H         PUBLIC        MISO_MAP
  X:FFA6H         PUBLIC        MOSI_MAP
  X:FF40H         PUBLIC        P00DBC
  D:00D0H         PUBLIC        PSW
  X:FF41H         PUBLIC        P01DBC
  X:FF42H         PUBLIC        P02DBC
  X:FF00H         PUBLIC        P0M0
  -------         PROC          KEY_HANDLE
  -------         DO            
  X:0000H         SYMBOL        key_val
BL51 BANKED LINKER/LOCATER V6.22                                                      09/18/2020  17:05:15  PAGE 12


  -------         ENDDO         
  C:1E8FH         LINE#         49
  C:1E8FH         LINE#         50
  C:1E8FH         LINE#         51
  C:1E94H         LINE#         53
  C:1E9AH         LINE#         55
  C:1E9AH         LINE#         56
  C:1EA2H         LINE#         57
  C:1EA4H         LINE#         59
  C:1EA4H         LINE#         60
  C:1EA9H         LINE#         61
  C:1EA9H         LINE#         62
  C:1EB7H         LINE#         63
  C:1EB7H         LINE#         64
  C:1EC0H         LINE#         65
  C:1EC6H         LINE#         66
  C:1EC6H         LINE#         67
  C:1ECBH         LINE#         68
  C:1ED0H         LINE#         69
  C:1ED0H         LINE#         71
  C:1ED0H         LINE#         72
  C:1ED5H         LINE#         73
  C:1ED8H         LINE#         74
  C:1EDBH         LINE#         76
  C:1EE1H         LINE#         78
  C:1EE1H         LINE#         79
  C:1EE2H         LINE#         80
  C:1EEBH         LINE#         81
  C:1EEBH         LINE#         85
  C:1EF3H         LINE#         86
  C:1EF3H         LINE#         88
  C:1EFCH         LINE#         89
  C:1F05H         LINE#         90
  C:1F05H         LINE#         91
  C:1F08H         LINE#         93
  C:1F0AH         LINE#         95
  C:1F0AH         LINE#         96
  C:1F10H         LINE#         97
  C:1F10H         LINE#         100
  C:1F16H         LINE#         101
  C:1F19H         LINE#         103
  C:1F21H         LINE#         105
  C:1F21H         LINE#         106
  C:1F23H         LINE#         107
  C:1F2BH         LINE#         108
  C:1F2BH         LINE#         110
  C:1F34H         LINE#         111
  C:1F34H         LINE#         112
  C:1F37H         LINE#         113
  C:1F39H         LINE#         115
  C:1F39H         LINE#         116
  C:1F3EH         LINE#         117
  C:1F3EH         LINE#         118
  C:1F47H         LINE#         119
  C:1F47H         LINE#         120
  C:1F4CH         LINE#         121
  C:1F4CH         LINE#         122
BL51 BANKED LINKER/LOCATER V6.22                                                      09/18/2020  17:05:15  PAGE 13


  C:1F4FH         LINE#         123
  C:1F51H         LINE#         124
  C:1F57H         LINE#         125
  C:1F57H         LINE#         126
  C:1F5DH         LINE#         127
  C:1F5DH         LINE#         128
  C:1F5DH         LINE#         130
  C:1F65H         LINE#         131
  C:1F68H         LINE#         132
  C:1F6BH         LINE#         133
  C:1F6BH         LINE#         134
  C:1F6BH         LINE#         135
  -------         ENDPROC       KEY_HANDLE
  -------         PROC          _CALIBRATION_TEMPERATURE
  X:0006H         SYMBOL        temper
  -------         DO            
  D:0007H         SYMBOL        temp1
  -------         ENDDO         
  C:20EAH         LINE#         138
  C:20F2H         LINE#         139
  C:20F2H         LINE#         140
  C:20F2H         LINE#         141
  C:2102H         LINE#         142
  C:2102H         LINE#         143
  C:2108H         LINE#         144
  C:210DH         LINE#         145
  C:2112H         LINE#         148
  C:211CH         LINE#         149
  C:211CH         LINE#         150
  C:2121H         LINE#         151
  C:2121H         LINE#         152
  C:2127H         LINE#         153
  C:212BH         LINE#         154
  C:212DH         LINE#         156
  C:212DH         LINE#         157
  C:213AH         LINE#         159
  C:213DH         LINE#         160
  C:2143H         LINE#         161
  C:2143H         LINE#         162
  C:2153H         LINE#         163
  C:2153H         LINE#         164
  C:2158H         LINE#         165
  C:215AH         LINE#         166
  C:215AH         LINE#         167
  C:215DH         LINE#         168
  C:2164H         LINE#         169
  C:2164H         LINE#         170
  C:2164H         LINE#         171
  C:216CH         LINE#         172
  C:216CH         LINE#         173
  C:2180H         LINE#         174
  C:2180H         LINE#         175
  C:2184H         LINE#         176
  C:2184H         LINE#         177
  C:219CH         LINE#         178
  C:219CH         LINE#         179
  C:21A4H         LINE#         181
BL51 BANKED LINKER/LOCATER V6.22                                                      09/18/2020  17:05:15  PAGE 14


  -------         ENDPROC       _CALIBRATION_TEMPERATURE
  -------         PROC          _TEMP_CALC
  D:0002H         SYMBOL        uRt
  X:0006H         SYMBOL        uRw
  -------         DO            
  X:0008H         SYMBOL        i
  X:000AH         SYMBOL        basi_tmp
  X:000CH         SYMBOL        u1
  X:0010H         SYMBOL        u3
  -------         ENDDO         
  C:1655H         LINE#         185
  C:1661H         LINE#         186
  C:1661H         LINE#         187
  C:1666H         LINE#         188
  C:166CH         LINE#         190
  C:1674H         LINE#         191
  C:167EH         LINE#         192
  C:1687H         LINE#         193
  C:1687H         LINE#         194
  C:168AH         LINE#         195
  C:168AH         LINE#         197
  C:16A6H         LINE#         198
  C:16C2H         LINE#         199
  C:1701H         LINE#         200
  C:1719H         LINE#         201
  C:1719H         LINE#         202
  C:171EH         LINE#         203
  C:171EH         LINE#         207
  C:173BH         LINE#         208
  C:173BH         LINE#         209
  C:176AH         LINE#         211
  C:1776H         LINE#         212
  C:1778H         LINE#         215
  C:1778H         LINE#         216
  C:17A7H         LINE#         218
  C:17B4H         LINE#         219
  C:17B4H         LINE#         222
  C:17BBH         LINE#         223
  C:17C9H         LINE#         225
  C:17D1H         LINE#         226
  -------         ENDPROC       _TEMP_CALC
  -------         PROC          TEMPERATURE_HANDLE
  -------         DO            
  X:0000H         SYMBOL        temp
  X:0002H         SYMBOL        adc_val1
  X:0004H         SYMBOL        adc_val2
  -------         ENDDO         
  C:1B82H         LINE#         239
  C:1B82H         LINE#         240
  C:1B82H         LINE#         241
  C:1B89H         LINE#         242
  C:1B91H         LINE#         244
  C:1B9FH         LINE#         246
  C:1BB9H         LINE#         247
  C:1BB9H         LINE#         248
  C:1BC0H         LINE#         249
  C:1BD6H         LINE#         252
BL51 BANKED LINKER/LOCATER V6.22                                                      09/18/2020  17:05:15  PAGE 15


  C:1BEFH         LINE#         254
  C:1BFAH         LINE#         257
  C:1C0CH         LINE#         258
  C:1C0CH         LINE#         259
  C:1C12H         LINE#         260
  C:1C12H         LINE#         261
  C:1C16H         LINE#         262
  C:1C1DH         LINE#         263
  C:1C1DH         LINE#         264
  C:1C1FH         LINE#         265
  C:1C2EH         LINE#         266
  C:1C2EH         LINE#         267
  C:1C32H         LINE#         268
  C:1C32H         LINE#         270
  C:1C34H         LINE#         272
  C:1C34H         LINE#         273
  C:1C3AH         LINE#         274
  C:1C3EH         LINE#         276
  C:1C3EH         LINE#         277
  C:1C3EH         LINE#         279
  C:1C55H         LINE#         280
  C:1C58H         LINE#         281
  C:1C60H         LINE#         282
  C:1C68H         LINE#         283
  C:1C6BH         LINE#         284
  C:1C6DH         LINE#         286
  C:1C6DH         LINE#         288
  C:1C74H         LINE#         289
  C:1C74H         LINE#         290
  C:1C79H         LINE#         291
  C:1C7CH         LINE#         293
  C:1C7FH         LINE#         294
  C:1C81H         LINE#         296
  C:1C81H         LINE#         298
  C:1C86H         LINE#         299
  C:1C8BH         LINE#         300
  C:1C8EH         LINE#         302
  C:1C8EH         LINE#         304
  C:1C8EH         LINE#         305
  C:1C93H         LINE#         306
  C:1C94H         LINE#         308
  C:1C94H         LINE#         310
  C:1C99H         LINE#         311
  C:1C9EH         LINE#         312
  C:1CA1H         LINE#         313
  C:1CA7H         LINE#         314
  C:1CA7H         LINE#         317
  C:1CA7H         LINE#         320
  -------         ENDPROC       TEMPERATURE_HANDLE
  -------         PROC          MAIN
  C:1F6CH         LINE#         329
  C:1F6CH         LINE#         330
  C:1F6CH         LINE#         331
  C:1F6FH         LINE#         332
  C:1F72H         LINE#         333
  C:1F75H         LINE#         334
  C:1F77H         LINE#         335
BL51 BANKED LINKER/LOCATER V6.22                                                      09/18/2020  17:05:15  PAGE 16


  C:1F7AH         LINE#         336
  C:1F7DH         LINE#         337
  C:1F80H         LINE#         338
  C:1F83H         LINE#         339
  C:1F8AH         LINE#         340
  C:1F8FH         LINE#         341
  C:1F92H         LINE#         342
  C:1F95H         LINE#         343
  C:1F9CH         LINE#         344
  C:1F9FH         LINE#         345
  C:1FA2H         LINE#         347
  C:1FABH         LINE#         348
  C:1FBEH         LINE#         349
  C:1FD5H         LINE#         350
  C:1FEBH         LINE#         351
  C:2001H         LINE#         352
  C:2019H         LINE#         353
  C:2022H         LINE#         355
  C:2022H         LINE#         356
  C:2022H         LINE#         359
  C:2025H         LINE#         360
  C:2028H         LINE#         362
  C:202BH         LINE#         364
  -------         ENDPROC       MAIN
  -------         PROC          CLOCK
  C:2A9CH         LINE#         369
  C:2A9CH         LINE#         370
  C:2A9CH         LINE#         372
  C:2A9FH         LINE#         373
  C:2AA5H         LINE#         374
  -------         ENDPROC       CLOCK
  -------         PROC          CONTROLL_HEAT
  -------         DO            
  D:0007H         SYMBOL        heat_step_val
  -------         ENDDO         
  C:272DH         LINE#         387
  C:272DH         LINE#         388
  C:272DH         LINE#         390
  C:272FH         LINE#         391
  C:273BH         LINE#         392
  C:273BH         LINE#         393
  C:2746H         LINE#         394
  C:2748H         LINE#         395
  C:2748H         LINE#         396
  C:274FH         LINE#         397
  C:274FH         LINE#         398
  C:274FH         LINE#         399
  C:2751H         LINE#         400
  C:2757H         LINE#         402
  C:2757H         LINE#         403
  C:2760H         LINE#         404
  C:2760H         LINE#         405
  -------         ENDPROC       CONTROLL_HEAT
  -------         PROC          SET_TEMP
  C:26EFH         LINE#         417
  C:26EFH         LINE#         418
  C:26EFH         LINE#         421
BL51 BANKED LINKER/LOCATER V6.22                                                      09/18/2020  17:05:15  PAGE 17


  C:2701H         LINE#         422
  C:2701H         LINE#         423
  C:2701H         LINE#         425
  C:2701H         LINE#         426
  C:2701H         LINE#         427
  C:270BH         LINE#         428
  C:270CH         LINE#         429
  C:270CH         LINE#         430
  C:2716H         LINE#         431
  C:2717H         LINE#         432
  C:2717H         LINE#         433
  C:2721H         LINE#         434
  C:2722H         LINE#         435
  C:2722H         LINE#         436
  C:272CH         LINE#         437
  C:272CH         LINE#         438
  C:272CH         LINE#         439
  -------         ENDPROC       SET_TEMP
  -------         PROC          DETECTION_INPUT
  -------         DO            
  D:0006H         SYMBOL        input
  -------         ENDDO         
  C:29ADH         LINE#         465
  C:29ADH         LINE#         466
  C:29ADH         LINE#         467
  C:29B0H         LINE#         468
  C:29B3H         LINE#         469
  C:29C0H         LINE#         470
  C:29C0H         LINE#         472
  C:29C5H         LINE#         473
  C:29C6H         LINE#         475
  C:29C6H         LINE#         477
  C:29CAH         LINE#         478
  C:29CAH         LINE#         479
  -------         ENDPROC       DETECTION_INPUT
  -------         ENDMOD        MAIN

  -------         MODULE        DELAY
  C:0000H         SYMBOL        _ICE_DUMMY_
  D:0080H         PUBLIC        P0
  D:0090H         PUBLIC        P1
  D:00A0H         PUBLIC        P2
  D:00B0H         PUBLIC        P3
  D:00A8H         PUBLIC        IE
  D:00F8H         PUBLIC        RSTFR
  D:0098H         PUBLIC        SCON
  D:0088H         PUBLIC        TCON
  D:00B8H         PUBLIC        IE1
  D:00D8H         PUBLIC        IE2
  C:2A01H         PUBLIC        _delay_ms
  C:2A69H         PUBLIC        _delay_us
  D:00D0H         PUBLIC        PSW
  -------         PROC          _DELAY_US
  D:0006H         SYMBOL        us
  C:2A69H         LINE#         4
  C:2A69H         LINE#         5
  C:2A69H         LINE#         6
BL51 BANKED LINKER/LOCATER V6.22                                                      09/18/2020  17:05:15  PAGE 18


  C:2A72H         LINE#         7
  C:2A72H         LINE#         8
  C:2A74H         LINE#         9
  C:2A76H         LINE#         10
  -------         ENDPROC       _DELAY_US
  -------         PROC          _DELAY_MS
  D:0006H         SYMBOL        ms
  -------         DO            
  D:0004H         SYMBOL        i
  -------         ENDDO         
  C:2A01H         LINE#         12
  C:2A01H         LINE#         13
  C:2A01H         LINE#         15
  C:2A01H         LINE#         16
  C:2A05H         LINE#         17
  C:2A0EH         LINE#         18
  C:2A17H         LINE#         19
  -------         ENDPROC       _DELAY_MS
  -------         ENDMOD        DELAY

  -------         MODULE        ADC
  C:0000H         SYMBOL        _ICE_DUMMY_
  D:0080H         PUBLIC        P0
  D:0090H         PUBLIC        P1
  D:00A0H         PUBLIC        P2
  D:00B0H         PUBLIC        P3
  C:2A44H         PUBLIC        get_adc_val_P02
  C:2A2EH         PUBLIC        get_adc_val_P03
  C:2A18H         PUBLIC        get_adc_val_P07
  D:00A8H         PUBLIC        IE
  D:00F8H         PUBLIC        RSTFR
  C:1A4DH         PUBLIC        _get_voltage
  D:00B6H         PUBLIC        ADCR
  D:0098H         PUBLIC        SCON
  D:0088H         PUBLIC        TCON
  D:00B4H         PUBLIC        ADCC0
  D:00B5H         PUBLIC        ADCC1
  D:00B8H         PUBLIC        IE1
  C:296FH         PUBLIC        adc_init
  D:00D8H         PUBLIC        IE2
  C:23CEH         PUBLIC        Detection_Input_Voltage
  D:00D0H         PUBLIC        PSW
  -------         PROC          ADC_INIT
  C:296FH         LINE#         5
  C:296FH         LINE#         6
  C:296FH         LINE#         7
  C:2975H         LINE#         8
  C:2979H         LINE#         9
  C:297DH         LINE#         10
  C:2980H         LINE#         19
  C:2987H         LINE#         22
  C:298DH         LINE#         23
  -------         ENDPROC       ADC_INIT
  -------         PROC          GET_ADC_VAL_P07
  -------         DO            
  D:0006H         SYMBOL        adc_val
  -------         ENDDO         
BL51 BANKED LINKER/LOCATER V6.22                                                      09/18/2020  17:05:15  PAGE 19


  C:2A18H         LINE#         25
  C:2A18H         LINE#         26
  C:2A18H         LINE#         27
  C:2A1BH         LINE#         28
  C:2A1EH         LINE#         29
  C:2A21H         LINE#         30
  C:2A26H         LINE#         31
  C:2A29H         LINE#         32
  C:2A2DH         LINE#         34
  C:2A2DH         LINE#         35
  -------         ENDPROC       GET_ADC_VAL_P07
  -------         PROC          GET_ADC_VAL_P03
  -------         DO            
  D:0006H         SYMBOL        adc_val
  -------         ENDDO         
  C:2A2EH         LINE#         37
  C:2A2EH         LINE#         38
  C:2A2EH         LINE#         39
  C:2A31H         LINE#         40
  C:2A34H         LINE#         41
  C:2A37H         LINE#         42
  C:2A3CH         LINE#         43
  C:2A3FH         LINE#         44
  C:2A43H         LINE#         46
  C:2A43H         LINE#         47
  -------         ENDPROC       GET_ADC_VAL_P03
  -------         PROC          GET_ADC_VAL_P02
  -------         DO            
  D:0006H         SYMBOL        adc_val
  -------         ENDDO         
  C:2A44H         LINE#         49
  C:2A44H         LINE#         50
  C:2A44H         LINE#         51
  C:2A47H         LINE#         52
  C:2A4AH         LINE#         53
  C:2A4DH         LINE#         54
  C:2A52H         LINE#         55
  C:2A55H         LINE#         56
  C:2A59H         LINE#         58
  C:2A59H         LINE#         59
  -------         ENDPROC       GET_ADC_VAL_P02
  -------         PROC          _GET_VOLTAGE
  X:0006H         SYMBOL        u1_voltage
  X:0009H         SYMBOL        u3_voltage
  -------         DO            
  X:000CH         SYMBOL        temp
  X:0010H         SYMBOL        i
  -------         ENDDO         
  C:1A4DH         LINE#         61
  C:1A58H         LINE#         62
  C:1A58H         LINE#         63
  C:1A62H         LINE#         64
  C:1A67H         LINE#         66
  C:1A68H         LINE#         67
  C:1A68H         LINE#         68
  C:1A8EH         LINE#         69
  C:1A9AH         LINE#         70
BL51 BANKED LINKER/LOCATER V6.22                                                      09/18/2020  17:05:15  PAGE 20


  C:1AB7H         LINE#         71
  C:1AEAH         LINE#         73
  C:1AF1H         LINE#         74
  C:1AFBH         LINE#         75
  C:1B00H         LINE#         76
  C:1B00H         LINE#         77
  C:1B26H         LINE#         78
  C:1B32H         LINE#         79
  C:1B4FH         LINE#         80
  -------         ENDPROC       _GET_VOLTAGE
  -------         PROC          DETECTION_INPUT_VOLTAGE
  -------         DO            
  X:0000H         SYMBOL        tep
  X:0004H         SYMBOL        i
  -------         ENDDO         
  C:23CEH         LINE#         84
  C:23CEH         LINE#         85
  C:23CEH         LINE#         87
  C:23D8H         LINE#         88
  C:23DDH         LINE#         90
  C:23DEH         LINE#         91
  C:23DEH         LINE#         92
  C:2404H         LINE#         93
  C:2410H         LINE#         94
  C:242DH         LINE#         95
  C:2454H         LINE#         97
  C:245EH         LINE#         98
  -------         ENDPROC       DETECTION_INPUT_VOLTAGE
  -------         ENDMOD        ADC

  -------         MODULE        FLASH
  C:0000H         SYMBOL        _ICE_DUMMY_
  D:0080H         PUBLIC        P0
  D:0090H         PUBLIC        P1
  D:00A0H         PUBLIC        P2
  D:00B0H         PUBLIC        P3
  B:00A8H.7       PUBLIC        EA
  C:2601H         PUBLIC        _Flash_WriteArr
  C:0003H         PUBLIC        _flash_read_addr
  D:00A8H         PUBLIC        IE
  D:00FCH         PUBLIC        IAP_CMD
  D:00F8H         PUBLIC        RSTFR
  C:2AB8H         PUBLIC        get_device_state
  X:00ACH         PUBLIC        flash_info
  C:2ABEH         PUBLIC        _set_device_state
  C:1914H         PUBLIC        flash_init
  C:289BH         PUBLIC        flah_save_data
  C:290DH         PUBLIC        _Flash_EraseBlock
  D:0098H         PUBLIC        SCON
  D:0088H         PUBLIC        TCON
  D:00B8H         PUBLIC        IE1
  D:00D8H         PUBLIC        IE2
  D:00FBH         PUBLIC        IAP_DATA
  D:00F9H         PUBLIC        IAP_ADDR
  C:2873H         PUBLIC        _FLASH_WriteData
  C:2761H         SYMBOL        check_flash
  X:00B1H         PUBLIC        flash_check
BL51 BANKED LINKER/LOCATER V6.22                                                      09/18/2020  17:05:15  PAGE 21


  C:26AFH         PUBLIC        _Flash_ReadArr
  X:00B5H         PUBLIC        Input_Voltage_std
  X:00B7H         PUBLIC        device_state
  D:00D0H         PUBLIC        PSW
  -------         PROC          GET_DEVICE_STATE
  C:2AB8H         LINE#         10
  C:2AB8H         LINE#         11
  C:2AB8H         LINE#         12
  C:2ABDH         LINE#         13
  -------         ENDPROC       GET_DEVICE_STATE
  -------         PROC          _SET_DEVICE_STATE
  D:0007H         SYMBOL        state
  C:2ABEH         LINE#         15
  C:2ABEH         LINE#         16
  C:2ABEH         LINE#         17
  C:2AC3H         LINE#         18
  -------         ENDPROC       _SET_DEVICE_STATE
  -------         PROC          _FLASH_ERASEBLOCK
  D:0006H         SYMBOL        addr
  C:290DH         LINE#         28
  C:2914H         LINE#         29
  C:2914H         LINE#         30
  C:291AH         LINE#         31
  C:291EH         LINE#         32
  C:2924H         LINE#         33
  C:292AH         LINE#         34
  -------         ENDPROC       _FLASH_ERASEBLOCK
  -------         PROC          _FLASH_WRITEDATA
  D:0007H         SYMBOL        fuc_SaveData
  D:0004H         SYMBOL        addr
  C:2873H         LINE#         44
  C:287AH         LINE#         45
  C:287AH         LINE#         46
  C:287CH         LINE#         47
  C:2882H         LINE#         48
  C:288AH         LINE#         49
  C:2890H         LINE#         50
  C:2896H         LINE#         51
  -------         ENDPROC       _FLASH_WRITEDATA
  -------         PROC          L?0030
  -------         ENDPROC       L?0030
  -------         PROC          _FLASH_WRITEARR
  X:0008H         SYMBOL        fui_Address
  X:000AH         SYMBOL        len
  X:000BH         SYMBOL        fucp_SaveArr
  -------         DO            
  X:000EH         SYMBOL        i
  -------         ENDDO         
  C:2601H         LINE#         63
  C:261CH         LINE#         64
  C:261CH         LINE#         65
  C:261FH         LINE#         67
  C:2621H         LINE#         68
  C:262FH         LINE#         69
  C:262FH         LINE#         70
  C:2653H         LINE#         71
  C:265BH         LINE#         72
BL51 BANKED LINKER/LOCATER V6.22                                                      09/18/2020  17:05:15  PAGE 22


  C:265DH         LINE#         73
  -------         ENDPROC       _FLASH_WRITEARR
  -------         PROC          _FLASH_READ_ADDR
  D:0082H         SYMBOL        address
  -------         DO            
  D:0007H         SYMBOL        val
  -------         ENDDO         
  C:0003H         LINE#         75
  C:0007H         LINE#         76
  C:0007H         LINE#         77
  C:0008H         LINE#         78
  C:000AH         LINE#         79
  C:000AH         LINE#         80
  -------         ENDPROC       _FLASH_READ_ADDR
  -------         PROC          _FLASH_READARR
  X:0008H         SYMBOL        fui_Address
  D:0005H         SYMBOL        fuc_Length
  X:000AH         SYMBOL        fucp_SaveArr
  C:26AFH         LINE#         92
  C:26C0H         LINE#         93
  C:26C0H         LINE#         94
  C:26C6H         LINE#         95
  C:26EEH         LINE#         96
  -------         ENDPROC       _FLASH_READARR
  -------         PROC          CHECK_FLASH
  -------         DO            
  D:0005H         SYMBOL        i
  D:0004H         SYMBOL        cnt
  -------         ENDDO         
  C:2761H         LINE#         98
  C:2761H         LINE#         99
  C:2761H         LINE#         100
  C:2764H         LINE#         102
  C:2764H         LINE#         103
  C:2764H         LINE#         104
  C:277DH         LINE#         105
  C:277DH         LINE#         106
  C:277EH         LINE#         107
  C:2780H         LINE#         108
  C:2783H         LINE#         109
  C:2788H         LINE#         110
  C:278EH         LINE#         111
  C:2791H         LINE#         112
  C:2793H         LINE#         113
  -------         ENDPROC       CHECK_FLASH
  -------         PROC          FLASH_INIT
  -------         DO            
  X:0000H         SYMBOL        init_flag
  -------         ENDDO         
  C:1914H         LINE#         116
  C:1914H         LINE#         117
  C:1914H         LINE#         118
  C:1919H         LINE#         121
  C:191FH         LINE#         123
  C:1925H         LINE#         124
  C:1925H         LINE#         125
  C:192AH         LINE#         126
BL51 BANKED LINKER/LOCATER V6.22                                                      09/18/2020  17:05:15  PAGE 23


  C:192CH         LINE#         128
  C:192CH         LINE#         129
  C:1935H         LINE#         130
  C:1944H         LINE#         131
  C:1967H         LINE#         132
  C:198AH         LINE#         133
  C:1993H         LINE#         134
  C:19A2H         LINE#         135
  C:19A8H         LINE#         136
  C:19A8H         LINE#         137
  C:19B0H         LINE#         138
  C:19B0H         LINE#         139
  C:19B9H         LINE#         140
  C:19BFH         LINE#         141
  C:19C1H         LINE#         142
  C:19C8H         LINE#         143
  C:19D2H         LINE#         144
  C:19D5H         LINE#         145
  C:19E4H         LINE#         146
  C:1A21H         LINE#         147
  C:1A2AH         LINE#         148
  C:1A2AH         LINE#         149
  -------         ENDPROC       FLASH_INIT
  -------         PROC          FLAH_SAVE_DATA
  C:289BH         LINE#         153
  C:289BH         LINE#         154
  C:289BH         LINE#         156
  C:28A2H         LINE#         157
  C:28AFH         LINE#         158
  C:28B2H         LINE#         159
  -------         ENDPROC       FLAH_SAVE_DATA
  -------         ENDMOD        FLASH

  -------         MODULE        UART
  C:0000H         SYMBOL        _ICE_DUMMY_
  D:0080H         PUBLIC        P0
  D:0090H         PUBLIC        P1
  D:00A0H         PUBLIC        P2
  D:00B0H         PUBLIC        P3
  C:2662H         PUBLIC        UART1_Rpt
  D:00A8H         PUBLIC        IE
  C:298EH         PUBLIC        _producte_send_cmd
  D:00F8H         PUBLIC        RSTFR
  C:27C7H         SYMBOL        _producte_com_send_data
  B:0098H.1       PUBLIC        TI
  X:0061H         PUBLIC        usart_rx_cnt
  D:0099H         PUBLIC        SBUF
  C:2A84H         PUBLIC        _hal_uart_putchar
  D:0098H         PUBLIC        SCON
  D:0088H         PUBLIC        TCON
  X:0062H         PUBLIC        temper_val
  D:00B8H         PUBLIC        IE1
  D:00D8H         PUBLIC        IE2
  B:00A8H.4       PUBLIC        ES1
  D:00CEH         PUBLIC        TH4
  D:00CDH         PUBLIC        TL4
  C:284AH         PUBLIC        uart_init
BL51 BANKED LINKER/LOCATER V6.22                                                      09/18/2020  17:05:15  PAGE 24


  X:0063H         PUBLIC        usart_rx_buffer
  C:2AE0H         SYMBOL        _producte_com_send_one_bit
  D:009EH         PUBLIC        SCON2
  D:00CCH         PUBLIC        T4CON
  X:0081H         PUBLIC        usart_rx_flag
  D:00D0H         PUBLIC        PSW
  C:2AC4H         PUBLIC        _putchar
  -------         PROC          UART_INIT
  C:284AH         LINE#         28
  C:284AH         LINE#         29
  C:284AH         LINE#         31
  C:2850H         LINE#         32
  C:2856H         LINE#         33
  C:285CH         LINE#         34
  C:2861H         LINE#         48
  C:2864H         LINE#         49
  C:2867H         LINE#         50
  C:286AH         LINE#         51
  C:286DH         LINE#         52
  C:2870H         LINE#         53
  C:2872H         LINE#         55
  -------         ENDPROC       UART_INIT
  -------         PROC          _HAL_UART_PUTCHAR
  D:0007H         SYMBOL        Char
  C:2A84H         LINE#         59
  C:2A84H         LINE#         60
  C:2A84H         LINE#         61
  C:2A86H         LINE#         62
  C:2A88H         LINE#         63
  C:2A8BH         LINE#         64
  C:2A8DH         LINE#         65
  C:2A8FH         LINE#         66
  -------         ENDPROC       _HAL_UART_PUTCHAR
  -------         PROC          _PRODUCTE_COM_SEND_ONE_BIT
  D:0007H         SYMBOL        Data
  C:2AE0H         LINE#         73
  C:2AE0H         LINE#         74
  C:2AE0H         LINE#         75
  -------         ENDPROC       _PRODUCTE_COM_SEND_ONE_BIT
  -------         PROC          _PRODUCTE_COM_SEND_DATA
  X:000DH         SYMBOL        Data
  D:0005H         SYMBOL        len
  -------         DO            
  D:0006H         SYMBOL        i
  -------         ENDDO         
  C:27C7H         LINE#         82
  C:27D2H         LINE#         83
  C:27D2H         LINE#         85
  C:27D9H         LINE#         86
  C:27D9H         LINE#         87
  C:27F0H         LINE#         88
  C:27F3H         LINE#         89
  -------         ENDPROC       _PRODUCTE_COM_SEND_DATA
  -------         PROC          _PRODUCTE_SEND_CMD
  D:0007H         SYMBOL        funcode
  D:0005H         SYMBOL        Data
  -------         DO            
BL51 BANKED LINKER/LOCATER V6.22                                                      09/18/2020  17:05:15  PAGE 25


  X:0008H         SYMBOL        cmd_t
  -------         ENDDO         
  C:298EH         LINE#         96
  C:298EH         LINE#         97
  C:298EH         LINE#         99
  C:2994H         LINE#         100
  C:2997H         LINE#         101
  C:299AH         LINE#         102
  C:299EH         LINE#         103
  C:29A2H         LINE#         104
  -------         ENDPROC       _PRODUCTE_SEND_CMD
  -------         PROC          _PUTCHAR
  D:0006H         SYMBOL        c
  C:2AC4H         LINE#         109
  C:2AC6H         LINE#         110
  C:2AC6H         LINE#         111
  C:2AC9H         LINE#         112
  C:2AC9H         LINE#         113
  -------         ENDPROC       _PUTCHAR
  -------         PROC          UART1_RPT
  -------         DO            
  D:0007H         SYMBOL        Data
  -------         ENDDO         
  C:2662H         LINE#         116
  C:266FH         LINE#         118
  C:266FH         LINE#         119
  C:2674H         LINE#         120
  C:2674H         LINE#         121
  C:2676H         LINE#         123
  C:2679H         LINE#         125
  C:2683H         LINE#         126
  C:2683H         LINE#         127
  C:2683H         LINE#         128
  C:2687H         LINE#         129
  C:2687H         LINE#         130
  C:268BH         LINE#         131
  C:2691H         LINE#         133
  C:2697H         LINE#         137
  C:2697H         LINE#         138
  C:2699H         LINE#         139
  C:2699H         LINE#         141
  C:269EH         LINE#         143
  C:26A4H         LINE#         145
  C:26A4H         LINE#         147
  C:26A4H         LINE#         150
  C:26A4H         LINE#         151
  -------         ENDPROC       UART1_RPT
  -------         ENDMOD        UART

  -------         MODULE        KEY
  C:0000H         SYMBOL        _ICE_DUMMY_
  D:0080H         PUBLIC        P0
  D:0090H         PUBLIC        P1
  D:00A0H         PUBLIC        P2
  D:00B0H         PUBLIC        P3
  C:2317H         SYMBOL        Calibration_key_driver
  D:00A8H         PUBLIC        IE
BL51 BANKED LINKER/LOCATER V6.22                                                      09/18/2020  17:05:15  PAGE 26


  B:0080H.0       PUBLIC        P0_0
  B:0080H.1       PUBLIC        P0_1
  D:00F8H         PUBLIC        RSTFR
  B:00A0H.7       PUBLIC        P2_7
  D:0098H         PUBLIC        SCON
  D:0088H         PUBLIC        TCON
  C:2260H         SYMBOL        key_driver
  X:00C1H         PUBLIC        calibration_std
  D:00B8H         PUBLIC        IE1
  D:00D8H         PUBLIC        IE2
  C:2577H         PUBLIC        key_scan
  C:2A5AH         PUBLIC        key_init
  D:00D0H         PUBLIC        PSW
  -------         PROC          KEY_INIT
  C:2A5AH         LINE#         7
  C:2A5AH         LINE#         8
  C:2A5AH         LINE#         9
  C:2A60H         LINE#         10
  C:2A64H         LINE#         11
  C:2A68H         LINE#         13
  -------         ENDPROC       KEY_INIT
  -------         PROC          KEY_DRIVER
  -------         DO            
  X:00B8H         SYMBOL        key_state
  X:00B9H         SYMBOL        key_time
  X:0001H         SYMBOL        key_press
  X:0002H         SYMBOL        key_return
  -------         ENDDO         
  C:2260H         LINE#         16
  C:2260H         LINE#         17
  C:2260H         LINE#         22
  C:2265H         LINE#         24
  C:226CH         LINE#         25
  C:2283H         LINE#         26
  C:2283H         LINE#         27
  C:2283H         LINE#         28
  C:228CH         LINE#         29
  C:228CH         LINE#         30
  C:2292H         LINE#         31
  C:2297H         LINE#         32
  C:2297H         LINE#         33
  C:2299H         LINE#         35
  C:2299H         LINE#         36
  C:229FH         LINE#         37
  C:229FH         LINE#         38
  C:22ADH         LINE#         39
  C:22BCH         LINE#         40
  C:22BCH         LINE#         41
  C:22C2H         LINE#         42
  C:22C2H         LINE#         43
  C:22C2H         LINE#         44
  C:22C4H         LINE#         48
  C:22C4H         LINE#         49
  C:22CBH         LINE#         50
  C:22CBH         LINE#         51
  C:22CFH         LINE#         52
  C:22CFH         LINE#         53
BL51 BANKED LINKER/LOCATER V6.22                                                      09/18/2020  17:05:15  PAGE 27


  C:22D1H         LINE#         55
  C:22D1H         LINE#         56
  C:22DFH         LINE#         58
  C:22EEH         LINE#         59
  C:22EEH         LINE#         60
  C:22F4H         LINE#         61
  C:22FAH         LINE#         62
  C:22FAH         LINE#         63
  C:2301H         LINE#         64
  C:2301H         LINE#         65
  C:2303H         LINE#         67
  C:2303H         LINE#         68
  C:230AH         LINE#         69
  C:230AH         LINE#         70
  C:230AH         LINE#         71
  C:230AH         LINE#         72
  C:230CH         LINE#         74
  C:230CH         LINE#         75
  C:2311H         LINE#         76
  C:2311H         LINE#         77
  C:2311H         LINE#         79
  C:2316H         LINE#         81
  -------         ENDPROC       KEY_DRIVER
  -------         PROC          CALIBRATION_KEY_DRIVER
  -------         DO            
  X:00BBH         SYMBOL        key_state
  X:00BCH         SYMBOL        key_time
  X:0001H         SYMBOL        key_press
  X:0002H         SYMBOL        key_return
  -------         ENDDO         
  C:2317H         LINE#         82
  C:2317H         LINE#         83
  C:2317H         LINE#         88
  C:231CH         LINE#         90
  C:2323H         LINE#         91
  C:233AH         LINE#         92
  C:233AH         LINE#         93
  C:233AH         LINE#         94
  C:2343H         LINE#         95
  C:2343H         LINE#         96
  C:2349H         LINE#         97
  C:234EH         LINE#         98
  C:234EH         LINE#         99
  C:2350H         LINE#         101
  C:2350H         LINE#         102
  C:2356H         LINE#         103
  C:2356H         LINE#         104
  C:2364H         LINE#         105
  C:2373H         LINE#         106
  C:2373H         LINE#         107
  C:2379H         LINE#         108
  C:2379H         LINE#         109
  C:2379H         LINE#         110
  C:237BH         LINE#         114
  C:237BH         LINE#         115
  C:2382H         LINE#         116
  C:2382H         LINE#         117
BL51 BANKED LINKER/LOCATER V6.22                                                      09/18/2020  17:05:15  PAGE 28


  C:2386H         LINE#         118
  C:2386H         LINE#         119
  C:2388H         LINE#         121
  C:2388H         LINE#         122
  C:2396H         LINE#         124
  C:23A5H         LINE#         125
  C:23A5H         LINE#         126
  C:23ABH         LINE#         127
  C:23B1H         LINE#         128
  C:23B1H         LINE#         129
  C:23B8H         LINE#         130
  C:23B8H         LINE#         131
  C:23BAH         LINE#         133
  C:23BAH         LINE#         134
  C:23C1H         LINE#         135
  C:23C1H         LINE#         136
  C:23C1H         LINE#         137
  C:23C1H         LINE#         138
  C:23C3H         LINE#         140
  C:23C3H         LINE#         141
  C:23C8H         LINE#         142
  C:23C8H         LINE#         143
  C:23C8H         LINE#         145
  C:23CDH         LINE#         147
  -------         ENDPROC       CALIBRATION_KEY_DRIVER
  -------         PROC          KEY_SCAN
  -------         DO            
  X:00BEH         SYMBOL        key_up
  X:00BFH         SYMBOL        key_pres_time
  -------         ENDDO         
  C:2577H         LINE#         149
  C:2577H         LINE#         150
  C:2577H         LINE#         155
  C:257DH         LINE#         156
  C:257DH         LINE#         158
  C:2580H         LINE#         159
  C:2580H         LINE#         160
  C:2586H         LINE#         161
  C:2586H         LINE#         162
  C:2592H         LINE#         163
  C:2592H         LINE#         164
  C:2597H         LINE#         165
  C:259BH         LINE#         166
  C:259EH         LINE#         167
  C:25A0H         LINE#         169
  C:25A0H         LINE#         170
  C:25A5H         LINE#         171
  C:25A5H         LINE#         172
  C:25A7H         LINE#         173
  C:25B9H         LINE#         174
  C:25B9H         LINE#         175
  C:25BFH         LINE#         176
  C:25C4H         LINE#         177
  C:25C7H         LINE#         178
  C:25C7H         LINE#         180
  C:25CAH         LINE#         181
  C:25CAH         LINE#         182
BL51 BANKED LINKER/LOCATER V6.22                                                      09/18/2020  17:05:15  PAGE 29


  C:25CDH         LINE#         183
  C:25CDH         LINE#         185
  C:25D0H         LINE#         186
  C:25D0H         LINE#         187
  C:25D6H         LINE#         188
  C:25DCH         LINE#         190
  C:25EEH         LINE#         191
  C:25F2H         LINE#         192
  C:25F4H         LINE#         193
  -------         ENDPROC       KEY_SCAN
  -------         ENDMOD        KEY

  -------         MODULE        PWM
  C:0000H         SYMBOL        _ICE_DUMMY_
  D:0080H         PUBLIC        P0
  D:0090H         PUBLIC        P1
  D:00A0H         PUBLIC        P2
  D:00B0H         PUBLIC        P3
  C:29E9H         PUBLIC        _set_pwm
  D:00A8H         PUBLIC        IE
  D:00F8H         PUBLIC        RSTFR
  D:0098H         PUBLIC        SCON
  D:0088H         PUBLIC        TCON
  X:00CCH         PUBLIC        pwm_period
  D:00B8H         PUBLIC        IE1
  D:00D8H         PUBLIC        IE2
  D:00DDH         PUBLIC        PWM3C
  C:292FH         PUBLIC        _pwm_init
  D:00DFH         PUBLIC        PWM3D
  D:00DEH         PUBLIC        PWM3P
  D:00D0H         PUBLIC        PSW
  -------         PROC          _SET_PWM
  D:0007H         SYMBOL        duty
  -------         DO            
  D:0004H         SYMBOL        tep
  -------         ENDDO         
  C:29E9H         LINE#         4
  C:29E9H         LINE#         5
  C:29E9H         LINE#         6
  C:29FEH         LINE#         7
  C:2A00H         LINE#         8
  -------         ENDPROC       _SET_PWM
  -------         PROC          _PWM_INIT
  X:0000H         SYMBOL        hz
  C:292FH         LINE#         10
  C:2937H         LINE#         11
  C:2937H         LINE#         12
  C:293DH         LINE#         13
  C:2943H         LINE#         22
  C:2949H         LINE#         23
  C:294BH         LINE#         25
  C:294EH         LINE#         26
  -------         ENDPROC       _PWM_INIT
  -------         ENDMOD        PWM

  -------         MODULE        WDT
  C:0000H         SYMBOL        _ICE_DUMMY_
BL51 BANKED LINKER/LOCATER V6.22                                                      09/18/2020  17:05:15  PAGE 30


  D:0080H         PUBLIC        P0
  D:0090H         PUBLIC        P1
  D:00A0H         PUBLIC        P2
  D:00B0H         PUBLIC        P3
  D:00A8H         PUBLIC        IE
  D:00F8H         PUBLIC        RSTFR
  D:00BDH         PUBLIC        WDTC
  D:0098H         PUBLIC        SCON
  D:0088H         PUBLIC        TCON
  C:2ADCH         PUBLIC        clear_wdt
  D:00B8H         PUBLIC        IE1
  D:00D8H         PUBLIC        IE2
  C:2A77H         PUBLIC        _wdt_init
  D:00D0H         PUBLIC        PSW
  -------         PROC          _WDT_INIT
  D:0007H         SYMBOL        time
  C:2A77H         LINE#         4
  C:2A77H         LINE#         5
  C:2A77H         LINE#         6
  C:2A7AH         LINE#         12
  C:2A83H         LINE#         14
  -------         ENDPROC       _WDT_INIT
  -------         PROC          CLEAR_WDT
  C:2ADCH         LINE#         16
  C:2ADCH         LINE#         17
  C:2ADCH         LINE#         18
  C:2ADFH         LINE#         19
  -------         ENDPROC       CLEAR_WDT
  -------         ENDMOD        WDT

  -------         MODULE        TIMER
  C:0000H         SYMBOL        _ICE_DUMMY_
  D:0080H         PUBLIC        P0
  D:0090H         PUBLIC        P1
  D:00A0H         PUBLIC        P2
  D:00B0H         PUBLIC        P3
  X:009BH         PUBLIC        over_rang_time_std
  D:00A8H         PUBLIC        IE
  D:00F8H         PUBLIC        RSTFR
  C:29CBH         PUBLIC        _set_time_sec_val
  X:009CH         PUBLIC        Gap_protect_std
  D:0098H         PUBLIC        SCON
  D:0089H         PUBLIC        TMOD
  D:0088H         PUBLIC        TCON
  X:009DH         PUBLIC        time_heat
  D:00B8H         PUBLIC        IE1
  D:00D8H         PUBLIC        IE2
  X:009FH         PUBLIC        cail_cnt
  X:00A1H         PUBLIC        heat_step
  X:00A2H         PUBLIC        Heat_start_std
  X:00A3H         PUBLIC        temp_time
  C:17D2H         PUBLIC        TIMER0_Rpt
  D:008CH         PUBLIC        TH0
  X:00A5H         PUBLIC        time_sec
  D:008AH         PUBLIC        TL0
  X:00A7H         PUBLIC        time_cnt
  X:00A9H         PUBLIC        cnt_heat_time
BL51 BANKED LINKER/LOCATER V6.22                                                      09/18/2020  17:05:15  PAGE 31


  X:00ABH         PUBLIC        On_stay
  C:27F4H         SYMBOL        set_heat_val
  C:000EH         PUBLIC        time0_init
  D:00D0H         PUBLIC        PSW
  C:24EBH         PUBLIC        set_time_sec
  -------         PROC          _SET_TIME_SEC_VAL
  D:0006H         SYMBOL        sec
  C:29CBH         LINE#         18
  C:29CBH         LINE#         19
  C:29CBH         LINE#         20
  C:29D3H         LINE#         21
  C:29D8H         LINE#         22
  -------         ENDPROC       _SET_TIME_SEC_VAL
  -------         PROC          SET_HEAT_VAL
  C:27F4H         LINE#         26
  C:27F4H         LINE#         27
  C:27F4H         LINE#         28
  C:27FBH         LINE#         29
  C:27FBH         LINE#         30
  C:2810H         LINE#         31
  C:2810H         LINE#         33
  C:2815H         LINE#         34
  C:281BH         LINE#         36
  C:281FH         LINE#         37
  C:281FH         LINE#         38
  C:281FH         LINE#         39
  -------         ENDPROC       SET_HEAT_VAL
  -------         PROC          SET_TIME_SEC
  C:24EBH         LINE#         41
  C:24EBH         LINE#         42
  C:24EBH         LINE#         43
  C:24F2H         LINE#         44
  C:24F9H         LINE#         45
  C:24F9H         LINE#         46
  C:24FFH         LINE#         47
  C:24FFH         LINE#         48
  C:24FFH         LINE#         49
  C:2501H         LINE#         50
  C:2505H         LINE#         51
  C:2505H         LINE#         52
  C:250EH         LINE#         53
  C:250FH         LINE#         54
  C:250FH         LINE#         55
  C:2511H         LINE#         56
  C:2515H         LINE#         57
  C:2515H         LINE#         58
  C:251FH         LINE#         59
  C:2520H         LINE#         60
  C:2520H         LINE#         61
  C:2522H         LINE#         62
  C:2526H         LINE#         63
  C:2526H         LINE#         64
  C:2530H         LINE#         65
  C:2531H         LINE#         66
  C:2531H         LINE#         67
  C:2533H         LINE#         68
  C:2537H         LINE#         69
BL51 BANKED LINKER/LOCATER V6.22                                                      09/18/2020  17:05:15  PAGE 32


  C:2537H         LINE#         70
  C:2541H         LINE#         71
  C:2542H         LINE#         72
  C:2542H         LINE#         73
  C:2544H         LINE#         74
  C:2548H         LINE#         75
  C:2548H         LINE#         76
  C:2552H         LINE#         77
  C:2559H         LINE#         78
  C:255FH         LINE#         79
  C:255FH         LINE#         80
  -------         ENDPROC       SET_TIME_SEC
  -------         PROC          TIME0_INIT
  C:000EH         LINE#         84
  C:000EH         LINE#         85
  C:000EH         LINE#         87
  C:0013H         LINE#         88
  C:0015H         LINE#         101
  C:0018H         LINE#         102
  C:001BH         LINE#         103
  C:001EH         LINE#         104
  C:0021H         LINE#         105
  -------         ENDPROC       TIME0_INIT
  -------         PROC          TIMER0_RPT
  C:17D2H         LINE#         110
  C:17EFH         LINE#         112
  C:17F8H         LINE#         113
  C:17F8H         LINE#         114
  C:1806H         LINE#         115
  C:1818H         LINE#         116
  C:1818H         LINE#         117
  C:181BH         LINE#         119
  C:1822H         LINE#         120
  C:1822H         LINE#         121
  C:1830H         LINE#         122
  C:183FH         LINE#         123
  C:183FH         LINE#         124
  C:1844H         LINE#         125
  C:184AH         LINE#         126
  C:184FH         LINE#         128
  C:184FH         LINE#         130
  C:184FH         LINE#         131
  C:185EH         LINE#         132
  C:185EH         LINE#         134
  C:186AH         LINE#         135
  C:1872H         LINE#         136
  C:1872H         LINE#         138
  C:1880H         LINE#         141
  C:188FH         LINE#         142
  C:188FH         LINE#         143
  C:1895H         LINE#         144
  C:1898H         LINE#         145
  C:189EH         LINE#         147
  C:189EH         LINE#         148
  C:189EH         LINE#         149
  C:18A0H         LINE#         151
  C:18A0H         LINE#         152
BL51 BANKED LINKER/LOCATER V6.22                                                      09/18/2020  17:05:15  PAGE 33


  C:18A6H         LINE#         153
  C:18A6H         LINE#         154
  C:18ABH         LINE#         155
  C:18B2H         LINE#         156
  C:18B8H         LINE#         157
  C:18BCH         LINE#         158
  C:18C0H         LINE#         160
  C:18C9H         LINE#         161
  C:18C9H         LINE#         162
  C:18C9H         LINE#         164
[...]
  C:13C1H         LINE#         556
  C:13C1H         LINE#         557
  C:13CBH         LINE#         558
  C:13CBH         LINE#         560
  C:13CDH         LINE#         561
  C:13CFH         LINE#         562
  C:13CFH         LINE#         563
  C:13D8H         LINE#         564
  C:13D8H         LINE#         565
  C:13DAH         LINE#         566
  C:13DCH         LINE#         567
  C:13DCH         LINE#         568
  C:13E5H         LINE#         569
  C:13E5H         LINE#         570
  C:13E7H         LINE#         571
  C:13E9H         LINE#         572
  C:13E9H         LINE#         573
  C:13F6H         LINE#         574
  C:13F6H         LINE#         575
  C:13F8H         LINE#         576
  C:13FAH         LINE#         577
  C:13FAH         LINE#         578
  C:13FBH         LINE#         579
  C:13FBH         LINE#         580
  C:1405H         LINE#         581
  C:1405H         LINE#         583
  C:1407H         LINE#         584
  C:1409H         LINE#         585
  C:1409H         LINE#         586
  C:1412H         LINE#         587
  C:1412H         LINE#         588
  C:1414H         LINE#         589
  C:1416H         LINE#         590
  C:1416H         LINE#         591
  C:141FH         LINE#         592
  C:141FH         LINE#         593
  C:1421H         LINE#         594
  C:1423H         LINE#         595
  C:1423H         LINE#         596
  C:1430H         LINE#         597
  C:1430H         LINE#         598
  C:1432H         LINE#         599
  C:1434H         LINE#         600
  C:1434H         LINE#         601
  C:1435H         LINE#         602
  C:1435H         LINE#         603
  C:143FH         LINE#         604
  C:143FH         LINE#         606
  C:1441H         LINE#         607
BL51 BANKED LINKER/LOCATER V6.22                                                      09/18/2020  17:05:15  PAGE 41


  C:1443H         LINE#         608
  C:1443H         LINE#         609
  C:144CH         LINE#         610
  C:144CH         LINE#         611
  C:144EH         LINE#         612
  C:1450H         LINE#         613
  C:1450H         LINE#         614
  C:1459H         LINE#         615
  C:1459H         LINE#         616
  C:145BH         LINE#         617
  C:145DH         LINE#         618
  C:145DH         LINE#         619
  C:1467H         LINE#         620
  C:1467H         LINE#         621
  C:1469H         LINE#         622
  C:146BH         LINE#         623
  C:146BH         LINE#         624
  C:146CH         LINE#         625
  C:146CH         LINE#         626
  C:1476H         LINE#         627
  C:1476H         LINE#         629
  C:1478H         LINE#         630
  C:147AH         LINE#         631
  C:147AH         LINE#         632
  C:1483H         LINE#         633
  C:1483H         LINE#         634
  C:1485H         LINE#         635
  C:1487H         LINE#         636
  C:1487H         LINE#         637
  C:1490H         LINE#         638
  C:1490H         LINE#         639
  C:1492H         LINE#         640
  C:1494H         LINE#         641
  C:1494H         LINE#         642
  C:149EH         LINE#         643
  C:149EH         LINE#         644
  C:14A0H         LINE#         645
  C:14A2H         LINE#         646
  C:14A2H         LINE#         647
  C:14A3H         LINE#         648
  C:14A3H         LINE#         649
  C:14A5H         LINE#         650
  C:14A7H         LINE#         651
  C:14A9H         LINE#         652
  C:14ABH         LINE#         653
  C:14ADH         LINE#         654
  C:14AEH         LINE#         655
  C:14AEH         LINE#         656
  C:14B0H         LINE#         657
  C:14B2H         LINE#         658
  C:14B4H         LINE#         659
  C:14B6H         LINE#         660
  C:14B8H         LINE#         661
  C:14B8H         LINE#         662
  C:14B8H         LINE#         664
  -------         ENDPROC       _SET_GAP
  C:14BDH         SYMBOL        L?0205
BL51 BANKED LINKER/LOCATER V6.22                                                      09/18/2020  17:05:15  PAGE 42


  C:14BFH         SYMBOL        L?0206
  C:14C1H         SYMBOL        L?0207
  -------         PROC          L?0204
  -------         ENDPROC       L?0204
  C:14BDH         SYMBOL        L?0205
  C:14BFH         SYMBOL        L?0206
  C:14C1H         SYMBOL        L?0207
  -------         PROC          _SET_TIME
  D:0007H         SYMBOL        number
  C:14C6H         LINE#         666
  C:14C6H         LINE#         667
  C:14C6H         LINE#         668
  C:14E9H         LINE#         669
  C:14E9H         LINE#         670
  C:14E9H         LINE#         671
  C:14F3H         LINE#         672
  C:14F3H         LINE#         673
  C:14F5H         LINE#         674
  C:14F7H         LINE#         675
  C:14F9H         LINE#         676
  C:14F9H         LINE#         677
  C:1502H         LINE#         678
  C:1502H         LINE#         679
  C:1504H         LINE#         680
  C:1506H         LINE#         681
  C:1508H         LINE#         682
  C:1508H         LINE#         683
  C:1511H         LINE#         684
  C:1511H         LINE#         685
  C:1513H         LINE#         686
  C:1515H         LINE#         687
  C:1517H         LINE#         688
  C:1517H         LINE#         689
  C:1524H         LINE#         690
  C:1524H         LINE#         691
  C:1524H         LINE#         692
  C:1524H         LINE#         693
  C:1524H         LINE#         694
  C:1524H         LINE#         696
  C:1527H         LINE#         697
  C:1527H         LINE#         698
  C:1531H         LINE#         699
  C:1531H         LINE#         700
  C:1533H         LINE#         701
  C:1535H         LINE#         702
  C:1537H         LINE#         703
  C:1537H         LINE#         704
  C:1540H         LINE#         705
  C:1540H         LINE#         706
  C:1542H         LINE#         707
  C:1544H         LINE#         708
  C:1546H         LINE#         709
  C:1546H         LINE#         710
  C:154FH         LINE#         711
  C:154FH         LINE#         712
  C:1551H         LINE#         713
  C:1553H         LINE#         714
BL51 BANKED LINKER/LOCATER V6.22                                                      09/18/2020  17:05:15  PAGE 43


  C:1555H         LINE#         715
  C:1555H         LINE#         716
  C:1562H         LINE#         717
  C:1562H         LINE#         718
  C:1562H         LINE#         719
  C:1562H         LINE#         720
  C:1562H         LINE#         721
  C:1562H         LINE#         722
  C:1565H         LINE#         724
  C:1565H         LINE#         725
  C:156FH         LINE#         726
  C:156FH         LINE#         727
  C:1571H         LINE#         728
  C:1573H         LINE#         729
  C:1575H         LINE#         730
  C:1575H         LINE#         731
  C:157EH         LINE#         732
  C:157EH         LINE#         733
  C:1580H         LINE#         734
  C:1582H         LINE#         735
  C:1584H         LINE#         736
  C:1584H         LINE#         737
  C:158DH         LINE#         738
  C:158DH         LINE#         739
  C:158FH         LINE#         740
  C:1591H         LINE#         741
  C:1593H         LINE#         742
  C:1593H         LINE#         743
  C:15A0H         LINE#         744
  C:15A0H         LINE#         745
  C:15A0H         LINE#         746
  C:15A0H         LINE#         747
  C:15A0H         LINE#         748
  C:15A0H         LINE#         749
  C:15A3H         LINE#         751
  C:15A3H         LINE#         752
  C:15ADH         LINE#         753
  C:15ADH         LINE#         754
  C:15AFH         LINE#         755
  C:15B1H         LINE#         756
  C:15B3H         LINE#         757
  C:15B3H         LINE#         758
  C:15BCH         LINE#         759
  C:15BCH         LINE#         760
  C:15BEH         LINE#         761
  C:15C0H         LINE#         762
  C:15C2H         LINE#         763
  C:15C2H         LINE#         764
  C:15CBH         LINE#         765
  C:15CBH         LINE#         766
  C:15CDH         LINE#         767
  C:15CFH         LINE#         768
  C:15D1H         LINE#         769
  C:15D1H         LINE#         770
  C:15DBH         LINE#         771
  C:15DBH         LINE#         772
  C:15DBH         LINE#         773
BL51 BANKED LINKER/LOCATER V6.22                                                      09/18/2020  17:05:15  PAGE 44


  C:15DBH         LINE#         774
  C:15DBH         LINE#         775
  C:15DBH         LINE#         776
  C:15DDH         LINE#         777
  C:15DDH         LINE#         778
  C:15E7H         LINE#         779
  C:15E7H         LINE#         780
  C:15E9H         LINE#         781
  C:15EBH         LINE#         782
  C:15EDH         LINE#         783
  C:15EDH         LINE#         784
  C:15F6H         LINE#         785
  C:15F6H         LINE#         786
  C:15F8H         LINE#         787
  C:15FAH         LINE#         788
  C:15FCH         LINE#         789
  C:15FCH         LINE#         790
  C:1605H         LINE#         791
  C:1605H         LINE#         792
  C:1607H         LINE#         793
  C:1609H         LINE#         794
  C:160BH         LINE#         795
  C:160BH         LINE#         796
  C:1615H         LINE#         797
  C:1615H         LINE#         798
  C:1615H         LINE#         799
  C:1615H         LINE#         800
  C:1615H         LINE#         801
  C:1615H         LINE#         802
  C:1617H         LINE#         803
  C:1617H         LINE#         804
  C:1621H         LINE#         805
  C:1621H         LINE#         806
  C:1623H         LINE#         807
  C:1625H         LINE#         808
  C:1627H         LINE#         809
  C:1627H         LINE#         810
  C:1630H         LINE#         811
  C:1630H         LINE#         812
  C:1632H         LINE#         813
  C:1634H         LINE#         814
  C:1636H         LINE#         815
  C:1636H         LINE#         816
  C:163FH         LINE#         817
  C:163FH         LINE#         818
  C:1641H         LINE#         819
  C:1643H         LINE#         820
  C:1645H         LINE#         821
  C:1645H         LINE#         822
  C:164EH         LINE#         823
  C:164EH         LINE#         824
  C:1650H         LINE#         825
  C:1652H         LINE#         826
  C:1654H         LINE#         827
  C:1654H         LINE#         828
  C:1654H         LINE#         829
  C:1654H         LINE#         831
BL51 BANKED LINKER/LOCATER V6.22                                                      09/18/2020  17:05:15  PAGE 45


  -------         ENDPROC       _SET_TIME
  -------         ENDMOD        LCDDISPLAY

  -------         MODULE        PID
  C:0000H         SYMBOL        _ICE_DUMMY_
  D:0080H         PUBLIC        P0
  D:0090H         PUBLIC        P1
  D:00A0H         PUBLIC        P2
  D:00B0H         PUBLIC        P3
  D:00A8H         PUBLIC        IE
  D:00F8H         PUBLIC        RSTFR
  X:0082H         PUBLIC        spid
  D:0098H         PUBLIC        SCON
  D:0088H         PUBLIC        TCON
  D:00B8H         PUBLIC        IE1
  D:00D8H         PUBLIC        IE2
  C:2A90H         SYMBOL        _?ix1000
  C:294FH         PUBLIC        PID_Init
  X:009AH         PUBLIC        PID_RunFlag
  C:0DDEH         PUBLIC        PID_Operation
  D:00D0H         PUBLIC        PSW
  -------         PROC          PID_INIT
  C:294FH         LINE#         14
  C:294FH         LINE#         15
  C:294FH         LINE#         16
  C:2956H         LINE#         17
  C:295CH         LINE#         18
  C:2960H         LINE#         20
  C:2965H         LINE#         21
  C:2969H         LINE#         22
  C:296EH         LINE#         23
  -------         ENDPROC       PID_INIT
  -------         PROC          PID_OPERATION
  -------         DO            
  X:0006H         SYMBOL        temp
  X:0012H         SYMBOL        PostSum
  X:0016H         SYMBOL        NegSum
  -------         ENDDO         
  C:0DDEH         LINE#         33
  C:0DDEH         LINE#         34
  C:0DDEH         LINE#         35
  C:0DF1H         LINE#         36
  C:0DFBH         LINE#         37
  C:0E05H         LINE#         38
  C:0E1EH         LINE#         39
  C:0E1EH         LINE#         40
  C:0E2DH         LINE#         41
  C:0E2DH         LINE#         42
  C:0E2DH         LINE#         43
  C:0E30H         LINE#         45
  C:0E30H         LINE#         46
  C:0E39H         LINE#         47
  C:0E3EH         LINE#         49
  C:0E50H         LINE#         50
  C:0E62H         LINE#         51
  C:0E76H         LINE#         53
  C:0E98H         LINE#         54
BL51 BANKED LINKER/LOCATER V6.22                                                      09/18/2020  17:05:15  PAGE 46


  C:0E98H         LINE#         55
  C:0EC4H         LINE#         56
  C:0EC9H         LINE#         57
  C:0ECBH         LINE#         59
  C:0ECBH         LINE#         60
  C:0EF6H         LINE#         61
  C:0EFCH         LINE#         62
  C:0EFCH         LINE#         64
  C:0F19H         LINE#         65
  C:0F53H         LINE#         66
  C:0F53H         LINE#         67
  C:0F97H         LINE#         68
  C:0F9CH         LINE#         69
  C:0F9EH         LINE#         71
  C:0F9EH         LINE#         72
  C:0FF5H         LINE#         73
  C:0FFBH         LINE#         74
  C:0FFBH         LINE#         76
  C:101BH         LINE#         77
  C:103BH         LINE#         78
  C:105BH         LINE#         81
  C:1061H         LINE#         82
  C:1061H         LINE#         83
  C:108CH         LINE#         84
  C:108EH         LINE#         86
  C:108EH         LINE#         87
  C:10BCH         LINE#         88
  C:10BCH         LINE#         90
  C:10C2H         LINE#         91
  C:10C2H         LINE#         92
  C:10F0H         LINE#         93
  C:10F0H         LINE#         96
  C:10F6H         LINE#         97
  C:10F6H         LINE#         98
  C:111FH         LINE#         99
  C:1121H         LINE#         101
  C:1121H         LINE#         102
  C:114FH         LINE#         103
  C:114FH         LINE#         105
  C:117AH         LINE#         106
  C:119CH         LINE#         107
  C:119CH         LINE#         108
  C:11C8H         LINE#         109
  C:11E2H         LINE#         110
  C:11E2H         LINE#         111
  C:11F3H         LINE#         112
  C:11F4H         LINE#         114
  C:11F4H         LINE#         115
  C:11FDH         LINE#         116
  C:11FDH         LINE#         117
  C:11FEH         LINE#         126
  C:11FEH         LINE#         127
  C:1205H         LINE#         128
  C:1205H         LINE#         129
  -------         ENDPROC       PID_OPERATION
  -------         ENDMOD        PID

BL51 BANKED LINKER/LOCATER V6.22                                                      09/18/2020  17:05:15  PAGE 47


  -------         MODULE        ?C?FPADD
  C:002DH         PUBLIC        ?C?FPADD
  C:0029H         PUBLIC        ?C?FPSUB
  -------         ENDMOD        ?C?FPADD

  -------         MODULE        ?C?FPMUL
  C:011EH         PUBLIC        ?C?FPMUL
  -------         ENDMOD        ?C?FPMUL

  -------         MODULE        ?C?FPDIV
  C:0227H         PUBLIC        ?C?FPDIV
  -------         ENDMOD        ?C?FPDIV

  -------         MODULE        ?C?FPCMP
  C:02C6H         PUBLIC        ?C?FPCMP
  C:02C4H         PUBLIC        ?C?FPCMP3
  -------         ENDMOD        ?C?FPCMP

  -------         MODULE        ?C?FCAST
  C:0347H         PUBLIC        ?C?FCASTC
  C:0342H         PUBLIC        ?C?FCASTI
  C:033DH         PUBLIC        ?C?FCASTL
  -------         ENDMOD        ?C?FCAST

  -------         MODULE        ?C?CASTF
  C:037BH         PUBLIC        ?C?CASTF
  -------         ENDMOD        ?C?CASTF

  -------         MODULE        PRINTF
  X:0031H         PUBLIC        ?_PRINTF?BYTE
  X:0031H         PUBLIC        ?_SPRINTF?BYTE
  C:09C6H         PUBLIC        _PRINTF
  C:09C0H         PUBLIC        _SPRINTF
  -------         ENDMOD        PRINTF

  -------         MODULE        ?C?FPROUND
  C:03FCH         PUBLIC        ?C?FPROUND
  -------         ENDMOD        ?C?FPROUND

  -------         MODULE        ?C?FPCONVERT
  C:0439H         PUBLIC        ?C?FPCONVERT
  -------         ENDMOD        ?C?FPCONVERT

  -------         MODULE        ?C?FTNPWR
  C:056EH         PUBLIC        ?C?FTNPWR
  -------         ENDMOD        ?C?FTNPWR

  -------         MODULE        ?C?COPY
  C:067EH         PUBLIC        ?C?COPY
  -------         ENDMOD        ?C?COPY

  -------         MODULE        ?C?CLDPTR
  C:06A4H         PUBLIC        ?C?CLDPTR
  -------         ENDMOD        ?C?CLDPTR

  -------         MODULE        ?C?CLDOPTR
  C:06BDH         PUBLIC        ?C?CLDOPTR
BL51 BANKED LINKER/LOCATER V6.22                                                      09/18/2020  17:05:15  PAGE 48


  -------         ENDMOD        ?C?CLDOPTR

  -------         MODULE        ?C?CSTPTR
  C:06EAH         PUBLIC        ?C?CSTPTR
  -------         ENDMOD        ?C?CSTPTR

  -------         MODULE        ?C?IMUL
  C:06FCH         PUBLIC        ?C?IMUL
  -------         ENDMOD        ?C?IMUL

  -------         MODULE        ?C?IILDX
  C:070EH         PUBLIC        ?C?IILDX
  -------         ENDMOD        ?C?IILDX

  -------         MODULE        ?C?ILDIX
  C:0724H         PUBLIC        ?C?ILDIX
  -------         ENDMOD        ?C?ILDIX

  -------         MODULE        ?C?ISTPTR
  C:073AH         PUBLIC        ?C?ISTPTR
  -------         ENDMOD        ?C?ISTPTR

  -------         MODULE        ?C?LMUL
  C:0759H         PUBLIC        ?C?LMUL
  -------         ENDMOD        ?C?LMUL

  -------         MODULE        ?C?ULDIV
  C:07E4H         PUBLIC        ?C?ULDIV
  -------         ENDMOD        ?C?ULDIV

  -------         MODULE        ?C?LNEG
  C:0876H         PUBLIC        ?C?LNEG
  -------         ENDMOD        ?C?LNEG

  -------         MODULE        ?C?SLCMP
  C:0884H         PUBLIC        ?C?SLCMP
  -------         ENDMOD        ?C?SLCMP

  -------         MODULE        ?C?ULCMP
  C:089AH         PUBLIC        ?C?ULCMP
  -------         ENDMOD        ?C?ULCMP

  -------         MODULE        ?C?LSTXDATA
  C:08ABH         PUBLIC        ?C?LSTXDATA
  -------         ENDMOD        ?C?LSTXDATA

  -------         MODULE        ?C?LSTKXDATA
  C:08B7H         PUBLIC        ?C?LSTKXDATA
  -------         ENDMOD        ?C?LSTKXDATA

  -------         MODULE        ?C?PLDIXDATA
  C:08E8H         PUBLIC        ?C?PLDIXDATA
  -------         ENDMOD        ?C?PLDIXDATA

  -------         MODULE        ?C?PSTXDATA
  C:08FFH         PUBLIC        ?C?PSTXDATA
  -------         ENDMOD        ?C?PSTXDATA
BL51 BANKED LINKER/LOCATER V6.22                                                      09/18/2020  17:05:15  PAGE 49



  -------         MODULE        ?C?CCASE
  C:0908H         PUBLIC        ?C?CCASE
  -------         ENDMOD        ?C?CCASE

  -------         MODULE        ?C?LIMUL
  C:092EH         PUBLIC        ?C?LIMUL
  -------         ENDMOD        ?C?LIMUL

*** WARNING L16: UNCALLED SEGMENT, IGNORED FOR OVERLAY PROCESS
    SEGMENT: ?PR?_SET_TIME_SEC_VAL?TIMER

*** WARNING L15: MULTIPLE CALL TO SEGMENT
    SEGMENT: ?PR?PRINTF?PRINTF
    CALLER1: ?C_C51STARTUP
    CALLER2: ?PR?TIMER0_RPT?TIMER

Program Size: data=21.2 xdata=322 code=10978
LINK/LOCATE RUN COMPLETE.  2 WARNING(S),  0 ERROR(S)
