BL51 BANKED LINKER/LOCATER V6.22                                                        11/04/2020  11:07:53  PAGE 1


BL51 BANKED LINKER/LOCATER V6.22, INVOKED BY:
C:\PROGRAM_LIST\KEIL\C51\BIN\BL51.EXE .\Objects\STARTUP.obj, .\Objects\main.obj, .\Objects\delay.obj, .\Objects\adc.obj,
>>  .\Objects\flash.obj, .\Objects\uart.obj, .\Objects\key.obj, .\Objects\pwm.obj, .\Objects\wdt.obj, .\Objects\timer.ob
>> j, .\Objects\lcddisplay.obj, .\Objects\PID.obj TO .\Objects\K8104_hex PRINT (.\Listings\K8104_hex.m51) RAMSIZE (256)


MEMORY MODEL: LARGE WITH FLOATING POINT ARITHMETIC


INPUT MODULES INCLUDED:
  .\Objects\STARTUP.obj (?C_STARTUP)
  .\Objects\main.obj (MAIN)
  .\Objects\delay.obj (DELAY)
  .\Objects\adc.obj (ADC)
  .\Objects\flash.obj (FLASH)
  .\Objects\uart.obj (UART)
  .\Objects\key.obj (KEY)
  .\Objects\pwm.obj (PWM)
  .\Objects\wdt.obj (WDT)
  .\Objects\timer.obj (TIMER)
  .\Objects\lcddisplay.obj (LCDDISPLAY)
  .\Objects\PID.obj (PID)
  C:\PROGRAM_LIST\KEIL\C51\LIB\C51FPL.LIB (?C?FPADD)
  C:\PROGRAM_LIST\KEIL\C51\LIB\C51FPL.LIB (?C?FPMUL)
  C:\PROGRAM_LIST\KEIL\C51\LIB\C51FPL.LIB (?C?FPDIV)
  C:\PROGRAM_LIST\KEIL\C51\LIB\C51FPL.LIB (?C?FPCMP)
  C:\PROGRAM_LIST\KEIL\C51\LIB\C51FPL.LIB (?C?FCAST)
  C:\PROGRAM_LIST\KEIL\C51\LIB\C51FPL.LIB (?C?CASTF)
  C:\PROGRAM_LIST\KEIL\C51\LIB\C51FPL.LIB (PRINTF)
  C:\PROGRAM_LIST\KEIL\C51\LIB\C51FPL.LIB (?C?FPGETOPN)
  C:\PROGRAM_LIST\KEIL\C51\LIB\C51FPL.LIB (?C?FPROUND)
  C:\PROGRAM_LIST\KEIL\C51\LIB\C51FPL.LIB (?C?FPCONVERT)
  C:\PROGRAM_LIST\KEIL\C51\LIB\C51FPL.LIB (?C?FTNPWR)
  C:\PROGRAM_LIST\KEIL\C51\LIB\C51L.LIB (?C_INIT)
  C:\PROGRAM_LIST\KEIL\C51\LIB\C51L.LIB (?C?COPY)
  C:\PROGRAM_LIST\KEIL\C51\LIB\C51L.LIB (?C?CLDPTR)
  C:\PROGRAM_LIST\KEIL\C51\LIB\C51L.LIB (?C?CLDOPTR)
  C:\PROGRAM_LIST\KEIL\C51\LIB\C51L.LIB (?C?CSTPTR)
  C:\PROGRAM_LIST\KEIL\C51\LIB\C51L.LIB (?C?IMUL)
  C:\PROGRAM_LIST\KEIL\C51\LIB\C51L.LIB (?C?IILDX)
  C:\PROGRAM_LIST\KEIL\C51\LIB\C51L.LIB (?C?ILDIX)
  C:\PROGRAM_LIST\KEIL\C51\LIB\C51L.LIB (?C?ISTPTR)
  C:\PROGRAM_LIST\KEIL\C51\LIB\C51L.LIB (?C?LMUL)
  C:\PROGRAM_LIST\KEIL\C51\LIB\C51L.LIB (?C?ULDIV)
  C:\PROGRAM_LIST\KEIL\C51\LIB\C51L.LIB (?C?LNEG)
  C:\PROGRAM_LIST\KEIL\C51\LIB\C51L.LIB (?C?SLCMP)
  C:\PROGRAM_LIST\KEIL\C51\LIB\C51L.LIB (?C?ULCMP)
  C:\PROGRAM_LIST\KEIL\C51\LIB\C51L.LIB (?C?LSTXDATA)
  C:\PROGRAM_LIST\KEIL\C51\LIB\C51L.LIB (?C?LSTKXDATA)
  C:\PROGRAM_LIST\KEIL\C51\LIB\C51L.LIB (?C?PLDIXDATA)
  C:\PROGRAM_LIST\KEIL\C51\LIB\C51L.LIB (?C?PSTXDATA)
  C:\PROGRAM_LIST\KEIL\C51\LIB\C51L.LIB (?C?CCASE)
  C:\PROGRAM_LIST\KEIL\C51\LIB\C51L.LIB (?C?LIMUL)


LINK MAP OF MODULE:  .\Objects\K8104_hex (?C_STARTUP)


BL51 BANKED LINKER/LOCATER V6.22                                                      11/04/2020  11:07:53  PAGE 2


            TYPE    BASE      LENGTH    RELOCATION   SEGMENT NAME
            -----------------------------------------------------

            * * * * * * *   D A T A   M E M O R Y   * * * * * * *
            REG     0000H     0008H     ABSOLUTE     "REG BANK 0"
            DATA    0008H     000AH     UNIT         _DATA_GROUP_
                    0012H     000EH                  *** GAP ***
            BIT     0020H.0   0002H.2   UNIT         _BIT_GROUP_
                    0022H.2   0000H.6                *** GAP ***
            IDATA   0023H     0001H     UNIT         ?STACK

            * * * * * * *  X D A T A   M E M O R Y  * * * * * * *
            XDATA   0000H     0061H     UNIT         _XDATA_GROUP_
            XDATA   0061H     0021H     UNIT         ?XD?UART
            XDATA   0082H     0019H     UNIT         ?XD?PID
            XDATA   009BH     0014H     UNIT         ?XD?TIMER
            XDATA   00AFH     000CH     UNIT         ?XD?FLASH
            XDATA   00BBH     000AH     UNIT         ?XD?KEY
            XDATA   00C5H     0006H     UNIT         ?XD?LCDDISPLAY
            XDATA   00CBH     0004H     UNIT         ?XD?MAIN
            XDATA   00CFH     0001H     UNIT         ?XD?PWM
                    00D0H     FDA4H                  *** GAP ***
            XDATA   FE74H     0001H     ABSOLUTE     
            XDATA   FE75H     0001H     ABSOLUTE     
            XDATA   FE76H     0001H     ABSOLUTE     
            XDATA   FE77H     0001H     ABSOLUTE     
                    FE78H     0008H                  *** GAP ***
            XDATA   FE80H     0001H     ABSOLUTE     
                    FE81H     0004H                  *** GAP ***
            XDATA   FE85H     0001H     ABSOLUTE     
                    FE86H     0002H                  *** GAP ***
            XDATA   FE88H     0001H     ABSOLUTE     
            XDATA   FE89H     0001H     ABSOLUTE     
            XDATA   FE8AH     0001H     ABSOLUTE     
                    FE8BH     0006H                  *** GAP ***
            XDATA   FE91H     0001H     ABSOLUTE     
            XDATA   FE92H     0001H     ABSOLUTE     
            XDATA   FE93H     0001H     ABSOLUTE     
            XDATA   FE94H     0001H     ABSOLUTE     
            XDATA   FE95H     0001H     ABSOLUTE     
                    FE96H     0005H                  *** GAP ***
            XDATA   FE9BH     0001H     ABSOLUTE     
                    FE9CH     0004H                  *** GAP ***
            XDATA   FEA0H     0001H     ABSOLUTE     
                    FEA1H     0001H                  *** GAP ***
            XDATA   FEA2H     0001H     ABSOLUTE     
                    FEA3H     0001H                  *** GAP ***
            XDATA   FEA4H     0001H     ABSOLUTE     
            XDATA   FEA5H     0001H     ABSOLUTE     
                    FEA6H     0001H                  *** GAP ***
            XDATA   FEA7H     0001H     ABSOLUTE     
                    FEA8H     0002H                  *** GAP ***
            XDATA   FEAAH     0001H     ABSOLUTE     
                    FEABH     0005H                  *** GAP ***
            XDATA   FEB0H     0001H     ABSOLUTE     
            XDATA   FEB1H     0001H     ABSOLUTE     
            XDATA   FEB2H     0001H     ABSOLUTE     
BL51 BANKED LINKER/LOCATER V6.22                                                      11/04/2020  11:07:53  PAGE 3


            XDATA   FEB3H     0001H     ABSOLUTE     
            XDATA   FEB4H     0001H     ABSOLUTE     
                    FEB5H     0003H                  *** GAP ***
            XDATA   FEB8H     0001H     ABSOLUTE     
            XDATA   FEB9H     0001H     ABSOLUTE     
            XDATA   FEBAH     0001H     ABSOLUTE     
                    FEBBH     0001H                  *** GAP ***
            XDATA   FEBCH     0001H     ABSOLUTE     
            XDATA   FEBDH     0001H     ABSOLUTE     
            XDATA   FEBEH     0001H     ABSOLUTE     
                    FEBFH     0001H                  *** GAP ***
            XDATA   FEC0H     0001H     ABSOLUTE     
                    FEC1H     000FH                  *** GAP ***
            XDATA   FED0H     0001H     ABSOLUTE     
            XDATA   FED1H     0001H     ABSOLUTE     
            XDATA   FED2H     0001H     ABSOLUTE     
            XDATA   FED3H     0001H     ABSOLUTE     
                    FED4H     000CH                  *** GAP ***
            XDATA   FEE0H     0002H     ABSOLUTE     
            XDATA   FEE2H     0002H     ABSOLUTE     
            XDATA   FEE4H     0002H     ABSOLUTE     
            XDATA   FEE6H     0002H     ABSOLUTE     
            XDATA   FEE8H     0002H     ABSOLUTE     
            XDATA   FEEAH     0002H     ABSOLUTE     
            XDATA   FEECH     0002H     ABSOLUTE     
            XDATA   FEEEH     0002H     ABSOLUTE     
                    FEF0H     0010H                  *** GAP ***
            XDATA   FF00H     0001H     ABSOLUTE     
            XDATA   FF01H     0001H     ABSOLUTE     
            XDATA   FF02H     0001H     ABSOLUTE     
            XDATA   FF03H     0001H     ABSOLUTE     
            XDATA   FF04H     0001H     ABSOLUTE     
            XDATA   FF05H     0001H     ABSOLUTE     
            XDATA   FF06H     0001H     ABSOLUTE     
            XDATA   FF07H     0001H     ABSOLUTE     
            XDATA   FF08H     0001H     ABSOLUTE     
            XDATA   FF09H     0001H     ABSOLUTE     
            XDATA   FF0AH     0001H     ABSOLUTE     
            XDATA   FF0BH     0001H     ABSOLUTE     
            XDATA   FF0CH     0001H     ABSOLUTE     
            XDATA   FF0DH     0001H     ABSOLUTE     
            XDATA   FF0EH     0001H     ABSOLUTE     
            XDATA   FF0FH     0001H     ABSOLUTE     
            XDATA   FF10H     0001H     ABSOLUTE     
            XDATA   FF11H     0001H     ABSOLUTE     
            XDATA   FF12H     0001H     ABSOLUTE     
            XDATA   FF13H     0001H     ABSOLUTE     
            XDATA   FF14H     0001H     ABSOLUTE     
            XDATA   FF15H     0001H     ABSOLUTE     
            XDATA   FF16H     0001H     ABSOLUTE     
            XDATA   FF17H     0001H     ABSOLUTE     
            XDATA   FF18H     0001H     ABSOLUTE     
            XDATA   FF19H     0001H     ABSOLUTE     
            XDATA   FF1AH     0001H     ABSOLUTE     
            XDATA   FF1BH     0001H     ABSOLUTE     
            XDATA   FF1CH     0001H     ABSOLUTE     
            XDATA   FF1DH     0001H     ABSOLUTE     
BL51 BANKED LINKER/LOCATER V6.22                                                      11/04/2020  11:07:53  PAGE 4


                    FF1EH     0022H                  *** GAP ***
            XDATA   FF40H     0001H     ABSOLUTE     
            XDATA   FF41H     0001H     ABSOLUTE     
            XDATA   FF42H     0001H     ABSOLUTE     
                    FF43H     001DH                  *** GAP ***
            XDATA   FF60H     0001H     ABSOLUTE     
            XDATA   FF61H     0001H     ABSOLUTE     
            XDATA   FF62H     0001H     ABSOLUTE     
            XDATA   FF63H     0001H     ABSOLUTE     
                    FF64H     0004H                  *** GAP ***
            XDATA   FF68H     0001H     ABSOLUTE     
            XDATA   FF69H     0001H     ABSOLUTE     
            XDATA   FF6AH     0001H     ABSOLUTE     
            XDATA   FF6BH     0001H     ABSOLUTE     
                    FF6CH     0014H                  *** GAP ***
            XDATA   FF80H     0001H     ABSOLUTE     
            XDATA   FF81H     0001H     ABSOLUTE     
                    FF82H     0001H                  *** GAP ***
            XDATA   FF83H     0001H     ABSOLUTE     
            XDATA   FF84H     0001H     ABSOLUTE     
            XDATA   FF85H     0001H     ABSOLUTE     
                    FF86H     0009H                  *** GAP ***
            XDATA   FF8FH     0001H     ABSOLUTE     
            XDATA   FF90H     0001H     ABSOLUTE     
            XDATA   FF91H     0001H     ABSOLUTE     
                    FF92H     0002H                  *** GAP ***
            XDATA   FF94H     0001H     ABSOLUTE     
            XDATA   FF95H     0001H     ABSOLUTE     
                    FF96H     0002H                  *** GAP ***
            XDATA   FF98H     0001H     ABSOLUTE     
            XDATA   FF99H     0001H     ABSOLUTE     
                    FF9AH     0002H                  *** GAP ***
            XDATA   FF9CH     0001H     ABSOLUTE     
                    FF9DH     0003H                  *** GAP ***
            XDATA   FFA0H     0001H     ABSOLUTE     
            XDATA   FFA1H     0001H     ABSOLUTE     
            XDATA   FFA2H     0001H     ABSOLUTE     
            XDATA   FFA3H     0001H     ABSOLUTE     
            XDATA   FFA4H     0001H     ABSOLUTE     
            XDATA   FFA5H     0001H     ABSOLUTE     
            XDATA   FFA6H     0001H     ABSOLUTE     
            XDATA   FFA7H     0001H     ABSOLUTE     
            XDATA   FFA8H     0001H     ABSOLUTE     
            XDATA   FFA9H     0001H     ABSOLUTE     

            * * * * * * *   C O D E   M E M O R Y   * * * * * * *
            CODE    0000H     0003H     ABSOLUTE     
            CODE    0003H     0008H     UNIT         ?PR?_FLASH_READ_ADDR?FLASH
            CODE    000BH     0003H     ABSOLUTE     
            CODE    000EH     0015H     UNIT         ?PR?KEY_INIT?KEY
            CODE    0023H     0003H     ABSOLUTE     
            CODE    0026H     0935H     UNIT         ?C?LIB_CODE
            CODE    095BH     0483H     UNIT         ?PR?PRINTF?PRINTF
            CODE    0DDEH     0428H     UNIT         ?PR?PID_OPERATION?PID
            CODE    1206H     02B3H     UNIT         ?PR?_SET_GAP?LCDDISPLAY
            CODE    14B9H     01E3H     UNIT         ?PR?_SET_TIME?LCDDISPLAY
            CODE    169CH     017DH     UNIT         ?PR?_TEMP_CALC?MAIN
BL51 BANKED LINKER/LOCATER V6.22                                                      11/04/2020  11:07:53  PAGE 5


            CODE    1819H     0139H     UNIT         ?PR?FLASH_INIT?FLASH
            CODE    1952H     0135H     UNIT         ?PR?_GET_VOLTAGE?ADC
            CODE    1A87H     0126H     UNIT         ?PR?TEMPERATURE_HANDLE?MAIN
            CODE    1BADH     0106H     UNIT         ?CO?FLASH
            CODE    1CB3H     00E9H     UNIT         ?PR?KEY_HANDLE?MAIN
            CODE    1D9CH     00E1H     UNIT         ?PR?LCD_DISPLAY?LCDDISPLAY
            CODE    1E7DH     00D8H     UNIT         ?PR?MAIN?MAIN
            CODE    1F55H     00D7H     UNIT         ?PR?TIMER0_RPT?TIMER
            CODE    202CH     00C3H     UNIT         ?C_INITSEG
            CODE    20EFH     00BBH     UNIT         ?PR?_CALIBRATION_TEMPERATURE?MAIN
            CODE    21AAH     00B7H     UNIT         ?PR?KEY_DRIVER?KEY
            CODE    2261H     00B7H     UNIT         ?PR?CALIBRATION_KEY_DRIVER?KEY
            CODE    2318H     00ADH     UNIT         ?CO?MAIN
            CODE    23C5H     0091H     UNIT         ?PR?DETECTION_INPUT_VOLTAGE?ADC
            CODE    2456H     008CH     UNIT         ?C_C51STARTUP
            CODE    24E2H     008CH     UNIT         ?PR?SET_TIME_SEC?TIMER
            CODE    256EH     0083H     UNIT         ?PR?KEY_SCAN?KEY
            CODE    25F1H     006DH     UNIT         ?PR?_FLASH_WRITEARR?FLASH
            CODE    265EH     004DH     UNIT         ?PR?UART1_RPT?UART
            CODE    26ABH     0040H     UNIT         ?PR?_FLASH_READARR?FLASH
            CODE    26EBH     003EH     UNIT         ?PR?SET_TEMP?MAIN
            CODE    2729H     0034H     UNIT         ?PR?CONTROLL_HEAT?MAIN
            CODE    275DH     0033H     UNIT         ?PR?CHECK_FLASH?FLASH
            CODE    2790H     0033H     UNIT         ?CO?TIMER
            CODE    27C3H     002EH     UNIT         ?PR?LCD_ERROR?LCDDISPLAY
            CODE    27F1H     002DH     UNIT         ?PR?_PRODUCTE_COM_SEND_DATA?UART
            CODE    281EH     002CH     UNIT         ?PR?SET_HEAT_VAL?TIMER
            CODE    284AH     002BH     UNIT         ?PR?LED_TIME?TIMER
            CODE    2875H     002AH     UNIT         ?PR?LCD_INIT?LCDDISPLAY
            CODE    289FH     0029H     UNIT         ?PR?UART_INIT?UART
            CODE    28C8H     0028H     UNIT         ?PR?_FLASH_WRITEDATA?FLASH
            CODE    28F0H     0026H     UNIT         ?PR?FLAH_SAVE_DATA?FLASH
            CODE    2916H     0026H     UNIT         ?PR?LCD_CAILBRATION?LCDDISPLAY
            CODE    293CH     0022H     UNIT         ?PR?_FLASH_ERASEBLOCK?FLASH
            CODE    295EH     0020H     UNIT         ?PR?_PWM_INIT?PWM
            CODE    297EH     0020H     UNIT         ?PR?_SET_TIME_SEC_VAL?TIMER
            CODE    299EH     0020H     UNIT         ?PR?PID_INIT?PID
            CODE    29BEH     001FH     UNIT         ?PR?ADC_INIT?ADC
            CODE    29DDH     001FH     UNIT         ?PR?_PRODUCTE_SEND_CMD?UART
            CODE    29FCH     001EH     UNIT         ?PR?DETECTION_INPUT?MAIN
            CODE    2A1AH     0018H     UNIT         ?PR?_SET_PWM?PWM
            CODE    2A32H     0017H     UNIT         ?PR?_DELAY_MS?DELAY
            CODE    2A49H     0016H     UNIT         ?PR?GET_ADC_VAL_P07?ADC
            CODE    2A5FH     0016H     UNIT         ?PR?GET_ADC_VAL_P03?ADC
            CODE    2A75H     0016H     UNIT         ?PR?GET_ADC_VAL_P02?ADC
            CODE    2A8BH     0014H     UNIT         ?PR?TIME0_INIT?TIMER
            CODE    2A9FH     000EH     UNIT         ?PR?_DELAY_US?DELAY
            CODE    2AADH     000DH     UNIT         ?PR?_WDT_INIT?WDT
            CODE    2ABAH     000CH     UNIT         ?PR?_HAL_UART_PUTCHAR?UART
            CODE    2AC6H     000CH     UNIT         ?PR?LED_SET_ON?TIMER
            CODE    2AD2H     000CH     UNIT         ?CO?PID
            CODE    2ADEH     000AH     UNIT         ?PR?CLOCK?MAIN
            CODE    2AE8H     000AH     UNIT         ?PR?LED_SET_OFF?TIMER
            CODE    2AF2H     0009H     UNIT         ?PR?LCD_CLEAR_ALL?LCDDISPLAY
            CODE    2AFBH     0009H     UNIT         ?PR?LCD_DISPLAY_ON?LCDDISPLAY
            CODE    2B04H     0006H     UNIT         ?PR?GET_DEVICE_STATE?FLASH
            CODE    2B0AH     0006H     UNIT         ?PR?_SET_DEVICE_STATE?FLASH
BL51 BANKED LINKER/LOCATER V6.22                                                      11/04/2020  11:07:53  PAGE 6


            CODE    2B10H     0006H     UNIT         ?PR?_PUTCHAR?UART
            CODE    2B16H     0006H     UNIT         ?PR?_LCD_OFF?LCDDISPLAY
            CODE    2B1CH     0006H     UNIT         ?PR?_LCD_DISPLAY_TIME?LCDDISPLAY
            CODE    2B22H     0006H     UNIT         ?PR?_LCD_DISPLAY_GAP?LCDDISPLAY
            CODE    2B28H     0004H     UNIT         ?PR?CLEAR_WDT?WDT
            CODE    2B2CH     0003H     UNIT         ?PR?_PRODUCTE_COM_SEND_ONE_BIT?UART



OVERLAY MAP OF MODULE:   .\Objects\K8104_hex (?C_STARTUP)


SEGMENT                                        BIT_GROUP          DATA_GROUP          XDATA_GROUP
  +--> CALLED SEGMENT                       START    LENGTH     START    LENGTH     START    LENGTH
---------------------------------------------------------------------------------------------------
?C_C51STARTUP                               -----    -----      -----    -----      -----    -----
  +--> ?PR?MAIN?MAIN
  +--> ?C_INITSEG

?PR?MAIN?MAIN                               -----    -----      -----    -----      -----    -----
  +--> ?PR?CLOCK?MAIN
  +--> ?PR?UART_INIT?UART
  +--> ?PR?ADC_INIT?ADC
  +--> ?PR?TIME0_INIT?TIMER
  +--> ?PR?KEY_INIT?KEY
  +--> ?PR?FLASH_INIT?FLASH
  +--> ?PR?PID_INIT?PID
  +--> ?PR?_PWM_INIT?PWM
  +--> ?PR?_WDT_INIT?WDT
  +--> ?PR?LCD_INIT?LCDDISPLAY
  +--> ?PR?LED_SET_ON?TIMER
  +--> ?PR?LCD_DISPLAY_ON?LCDDISPLAY
  +--> ?PR?_DELAY_MS?DELAY
  +--> ?PR?_LCD_DISPLAY_TIME?LCDDISPLAY
  +--> ?PR?_LCD_DISPLAY_GAP?LCDDISPLAY
  +--> ?PR?LED_SET_OFF?TIMER
  +--> ?PR?LCD_CLEAR_ALL?LCDDISPLAY
  +--> ?PR?DETECTION_INPUT?MAIN
  +--> ?CO?MAIN
  +--> ?PR?PRINTF?PRINTF
  +--> ?PR?TEMPERATURE_HANDLE?MAIN
  +--> ?PR?KEY_HANDLE?MAIN
  +--> ?PR?CLEAR_WDT?WDT

?PR?ADC_INIT?ADC                            -----    -----      -----    -----      -----    -----
  +--> ?PR?_DELAY_US?DELAY

?PR?FLASH_INIT?FLASH                        -----    -----      -----    -----      0000H    0001H
  +--> ?PR?CHECK_FLASH?FLASH
  +--> ?CO?FLASH
  +--> ?PR?PRINTF?PRINTF
  +--> ?PR?_FLASH_READARR?FLASH
  +--> ?PR?_FLASH_ERASEBLOCK?FLASH
  +--> ?PR?_FLASH_WRITEARR?FLASH

?PR?CHECK_FLASH?FLASH                       -----    -----      -----    -----      -----    -----
  +--> ?PR?_FLASH_READ_ADDR?FLASH
BL51 BANKED LINKER/LOCATER V6.22                                                      11/04/2020  11:07:53  PAGE 7



?PR?PRINTF?PRINTF                           0021H.1  0001H.1    000DH    0005H      0031H    0030H
  +--> ?PR?_PUTCHAR?UART

?PR?_PUTCHAR?UART                           -----    -----      -----    -----      -----    -----
  +--> ?PR?_HAL_UART_PUTCHAR?UART

?PR?_FLASH_READARR?FLASH                    -----    -----      -----    -----      0008H    0005H

?PR?_FLASH_WRITEARR?FLASH                   -----    -----      -----    -----      0008H    0007H
  +--> ?PR?_FLASH_WRITEDATA?FLASH

?PR?_PWM_INIT?PWM                           -----    -----      -----    -----      0000H    0002H

?PR?DETECTION_INPUT?MAIN                    -----    -----      -----    -----      -----    -----
  +--> ?PR?DETECTION_INPUT_VOLTAGE?ADC

?PR?DETECTION_INPUT_VOLTAGE?ADC             -----    -----      -----    -----      0000H    0005H
  +--> ?PR?GET_ADC_VAL_P02?ADC

?PR?TEMPERATURE_HANDLE?MAIN                 -----    -----      -----    -----      0000H    0006H
  +--> ?PR?_GET_VOLTAGE?ADC
  +--> ?PR?_TEMP_CALC?MAIN
  +--> ?PR?_CALIBRATION_TEMPERATURE?MAIN
  +--> ?PR?GET_DEVICE_STATE?FLASH
  +--> ?PR?_LCD_OFF?LCDDISPLAY
  +--> ?PR?PID_OPERATION?PID
  +--> ?PR?_LCD_DISPLAY_TIME?LCDDISPLAY
  +--> ?PR?_LCD_DISPLAY_GAP?LCDDISPLAY
  +--> ?PR?CONTROLL_HEAT?MAIN
  +--> ?PR?_SET_PWM?PWM
  +--> ?PR?LCD_CLEAR_ALL?LCDDISPLAY
  +--> ?PR?LCD_CAILBRATION?LCDDISPLAY
  +--> ?PR?LCD_ERROR?LCDDISPLAY

?PR?_GET_VOLTAGE?ADC                        -----    -----      -----    -----      0006H    000BH
  +--> ?PR?GET_ADC_VAL_P03?ADC
  +--> ?PR?_DELAY_US?DELAY
  +--> ?PR?GET_ADC_VAL_P07?ADC

?PR?_TEMP_CALC?MAIN                         -----    -----      -----    -----      0006H    000EH

?PR?_CALIBRATION_TEMPERATURE?MAIN           -----    -----      -----    -----      0006H    0002H
  +--> ?PR?_HAL_UART_PUTCHAR?UART
  +--> ?PR?FLAH_SAVE_DATA?FLASH
  +--> ?PR?_PRODUCTE_SEND_CMD?UART

?PR?FLAH_SAVE_DATA?FLASH                    -----    -----      -----    -----      -----    -----
  +--> ?PR?_FLASH_ERASEBLOCK?FLASH
  +--> ?PR?_FLASH_WRITEARR?FLASH
  +--> ?PR?_FLASH_READARR?FLASH

?PR?_PRODUCTE_SEND_CMD?UART                 -----    -----      -----    -----      0008H    0005H
  +--> ?PR?_PRODUCTE_COM_SEND_DATA?UART

?PR?_PRODUCTE_COM_SEND_DATA?UART            -----    -----      -----    -----      000DH    0003H
  +--> ?PR?_PRODUCTE_COM_SEND_ONE_BIT?UART
BL51 BANKED LINKER/LOCATER V6.22                                                      11/04/2020  11:07:53  PAGE 8



?PR?_PRODUCTE_COM_SEND_ONE_BIT?UART         -----    -----      -----    -----      -----    -----
  +--> ?PR?_HAL_UART_PUTCHAR?UART

?PR?PID_OPERATION?PID                       -----    -----      -----    -----      0006H    0014H
  +--> ?CO?PID

?PR?CONTROLL_HEAT?MAIN                      -----    -----      -----    -----      -----    -----
  +--> ?PR?_SET_PWM?PWM

?PR?LCD_ERROR?LCDDISPLAY                    -----    -----      -----    -----      -----    -----
  +--> ?PR?LED_SET_OFF?TIMER
  +--> ?PR?LED_SET_ON?TIMER

?PR?KEY_HANDLE?MAIN                         -----    -----      -----    -----      0000H    0001H
  +--> ?PR?KEY_SCAN?KEY
  +--> ?CO?MAIN
  +--> ?PR?PRINTF?PRINTF
  +--> ?PR?GET_DEVICE_STATE?FLASH
  +--> ?PR?_SET_DEVICE_STATE?FLASH
  +--> ?PR?LED_SET_OFF?TIMER
  +--> ?PR?_SET_PWM?PWM
  +--> ?PR?SET_TIME_SEC?TIMER
  +--> ?PR?SET_TEMP?MAIN
  +--> ?PR?LED_SET_ON?TIMER
  +--> ?PR?_LCD_DISPLAY_GAP?LCDDISPLAY
  +--> ?PR?_LCD_DISPLAY_TIME?LCDDISPLAY
  +--> ?PR?FLAH_SAVE_DATA?FLASH

?PR?KEY_SCAN?KEY                            -----    -----      -----    -----      -----    -----
  +--> ?PR?KEY_DRIVER?KEY
  +--> ?PR?_DELAY_MS?DELAY
  +--> ?PR?CALIBRATION_KEY_DRIVER?KEY
  +--> ?PR?GET_DEVICE_STATE?FLASH
  +--> ?PR?FLAH_SAVE_DATA?FLASH

?PR?KEY_DRIVER?KEY                          -----    -----      -----    -----      0001H    0002H
  +--> ?PR?_DELAY_MS?DELAY

?PR?CALIBRATION_KEY_DRIVER?KEY              -----    -----      -----    -----      0001H    0002H
  +--> ?PR?_DELAY_MS?DELAY

?PR?SET_TIME_SEC?TIMER                      -----    -----      -----    -----      -----    -----
  +--> ?CO?TIMER
  +--> ?PR?PRINTF?PRINTF

*** NEW ROOT ***************************************************

?PR?TIMER0_RPT?TIMER                        -----    -----      -----    -----      -----    -----
  +--> ?PR?LED_TIME?TIMER
  +--> ?PR?GET_DEVICE_STATE?FLASH
  +--> ?PR?SET_HEAT_VAL?TIMER
  +--> ?PR?_SET_DEVICE_STATE?FLASH
  +--> ?CO?TIMER
  +--> ?PR?PRINTF?PRINTF
  +--> ?PR?LCD_DISPLAY?LCDDISPLAY

BL51 BANKED LINKER/LOCATER V6.22                                                      11/04/2020  11:07:53  PAGE 9


?PR?LCD_DISPLAY?LCDDISPLAY                  -----    -----      -----    -----      -----    -----
  +--> ?PR?_SET_TIME?LCDDISPLAY
  +--> ?PR?_SET_GAP?LCDDISPLAY



SYMBOL TABLE OF MODULE:  .\Objects\K8104_hex (?C_STARTUP)

  VALUE           TYPE          NAME
  ----------------------------------

  -------         MODULE        ?C_STARTUP
  C:2456H         SEGMENT       ?C_C51STARTUP
  I:0023H         SEGMENT       ?STACK
  C:0000H         PUBLIC        ?C_STARTUP
  D:00E0H         SYMBOL        ACC
  D:00F0H         SYMBOL        B
  D:0083H         SYMBOL        DPH
  D:0082H         SYMBOL        DPL
  N:0000H         SYMBOL        IBPSTACK
  N:0100H         SYMBOL        IBPSTACKTOP
  N:0080H         SYMBOL        IDATALEN
  C:2459H         SYMBOL        IDATALOOP
  N:0000H         SYMBOL        PBPSTACK
  N:0100H         SYMBOL        PBPSTACKTOP
  N:0000H         SYMBOL        PDATALEN
  N:0000H         SYMBOL        PDATASTART
  N:0000H         SYMBOL        PPAGE
  N:0000H         SYMBOL        PPAGEENABLE
  D:00A0H         SYMBOL        PPAGE_SFR
  D:0081H         SYMBOL        SP
  C:2456H         SYMBOL        STARTUP1
  N:0000H         SYMBOL        XBPSTACK
  N:0000H         SYMBOL        XBPSTACKTOP
  N:0000H         SYMBOL        XDATALEN
  N:0000H         SYMBOL        XDATASTART
  C:0000H         LINE#         126
  C:2456H         LINE#         133
  C:2458H         LINE#         134
  C:2459H         LINE#         135
  C:245AH         LINE#         136
  C:245CH         LINE#         185
  C:245FH         LINE#         196
  -------         ENDMOD        ?C_STARTUP

  -------         MODULE        MAIN
  C:0000H         SYMBOL        _ICE_DUMMY_
  X:FF08H         PUBLIC        P1M0
  X:FF01H         PUBLIC        P0M1
  X:FF10H         PUBLIC        P2M0
  X:FF09H         PUBLIC        P1M1
  X:FF02H         PUBLIC        P0M2
  D:0080H         PUBLIC        P0
  X:FF18H         PUBLIC        P3M0
  X:FF11H         PUBLIC        P2M1
  X:FF0AH         PUBLIC        P1M2
  X:FF03H         PUBLIC        P0M3
BL51 BANKED LINKER/LOCATER V6.22                                                      11/04/2020  11:07:53  PAGE 10


  D:0090H         PUBLIC        P1
  X:FF19H         PUBLIC        P3M1
  X:FF12H         PUBLIC        P2M2
  X:FF0BH         PUBLIC        P1M3
  X:FF04H         PUBLIC        P0M4
  D:00A0H         PUBLIC        P2
  X:FF1AH         PUBLIC        P3M2
  X:FF13H         PUBLIC        P2M3
  X:FF0CH         PUBLIC        P1M4
  X:FF05H         PUBLIC        P0M5
  D:00B0H         PUBLIC        P3
  X:FF1BH         PUBLIC        P3M3
  X:FF14H         PUBLIC        P2M4
  X:FF0DH         PUBLIC        P1M5
  X:FF06H         PUBLIC        P0M6
  X:FF1CH         PUBLIC        P3M4
  X:FF15H         PUBLIC        P2M5
  X:FF0EH         PUBLIC        P1M6
  X:FF07H         PUBLIC        P0M7
  X:FF1DH         PUBLIC        P3M5
  X:FF16H         PUBLIC        P2M6
  X:FF0FH         PUBLIC        P1M7
  B:00A8H.7       PUBLIC        EA
  C:1A87H         PUBLIC        temperature_handle
  X:FF17H         PUBLIC        P2M7
  X:FEC0H         PUBLIC        SCANCON
  X:FEBDH         PUBLIC        TRMEN
  X:FE94H         PUBLIC        XTALCFG
  X:FE75H         PUBLIC        CTKVS
  D:00A8H         PUBLIC        IE
  D:00F8H         PUBLIC        RSTFR
  X:FF91H         PUBLIC        PWM01_MAP
  X:FF95H         PUBLIC        PWM11_MAP
  X:FFA3H         PUBLIC        SDA_MAP
  X:FF99H         PUBLIC        PWM21_MAP
  C:29FCH         PUBLIC        Detection_Input
  X:FEE0H         PUBLIC        SCR0
  X:FE89H         PUBLIC        S2CON2
  X:FEE2H         PUBLIC        SCR1
  C:1CB3H         SYMBOL        key_handle
  X:FEE4H         PUBLIC        SCR2
  X:FEE6H         PUBLIC        SCR3
  X:FEA2H         PUBLIC        CRCC
  X:FE85H         PUBLIC        T5CON1
  X:FEE8H         PUBLIC        SCR4
  X:FEEAH         PUBLIC        SCR5
  X:FEECH         PUBLIC        SCR6
  X:FEEEH         PUBLIC        SCR7
  X:FFA5H         PUBLIC        SCK_MAP
  X:FFA2H         PUBLIC        SCL_MAP
  C:26EBH         PUBLIC        Set_Temp
  C:1E7DH         PUBLIC        main
  C:20EFH         PUBLIC        _calibration_temperature
  X:FEA4H         PUBLIC        BORC
  X:FE77H         PUBLIC        DSCR
  C:169CH         PUBLIC        _temp_calc
  X:FFA1H         PUBLIC        RXD_MAP
BL51 BANKED LINKER/LOCATER V6.22                                                      11/04/2020  11:07:53  PAGE 11


  X:FEA5H         PUBLIC        BORDBC
  X:FFA0H         PUBLIC        TXD_MAP
  X:FEA7H         PUBLIC        LVDDBC
  X:FEB8H         PUBLIC        PINTE0
  X:FEB9H         PUBLIC        PINTE1
  X:FEBCH         PUBLIC        P2INTE
  X:FEBAH         PUBLIC        PINTE2
  D:0098H         PUBLIC        SCON
  D:0088H         PUBLIC        TCON
  C:2729H         PUBLIC        Controll_Heat
  X:FE95H         PUBLIC        SPOV_RSTEN
  X:FE74H         PUBLIC        RBCSEL
  X:FE9BH         PUBLIC        ADCC2
  X:FE76H         PUBLIC        CTKCLK
  X:FE91H         PUBLIC        CLKDIV
  D:00B8H         PUBLIC        IE1
  D:00D8H         PUBLIC        IE2
  X:FF80H         PUBLIC        T0_MAP
  X:FF81H         PUBLIC        T1_MAP
  X:FEAAH         PUBLIC        RSTDBC
  X:FF83H         PUBLIC        T3_MAP
  X:FF84H         PUBLIC        T4_MAP
  X:FF85H         PUBLIC        T5_MAP
  X:FEA0H         PUBLIC        WDTCCR
  X:FEBEH         PUBLIC        TRMV
  X:00CBH         PUBLIC        adc_cnt
  X:FED0H         PUBLIC        SCCH0
  X:FED1H         PUBLIC        SCCH1
  X:FED2H         PUBLIC        SCCH2
  X:FE93H         PUBLIC        CLKOUT
  X:FED3H         PUBLIC        SCCH3
  D:008EH         PUBLIC        CLKSWR
  X:00CDH         PUBLIC        error_std
  X:00CEH         PUBLIC        first_heat_std
  X:FFA9H         PUBLIC        RXD2_MAP
  X:FFA8H         PUBLIC        TXD2_MAP
  X:FE8AH         PUBLIC        S2BUF
  X:FF90H         PUBLIC        PWM0_MAP
  X:FFA4H         PUBLIC        SS_MAP
  X:FF94H         PUBLIC        PWM1_MAP
  X:FF98H         PUBLIC        PWM2_MAP
  X:FE88H         PUBLIC        S2CON
  X:FE80H         PUBLIC        TCON1
  X:FF9CH         PUBLIC        PWM3_MAP
  X:FF8FH         PUBLIC        CLKO_MAP
  X:FE92H         PUBLIC        FREQ_CLK
  C:2ADEH         PUBLIC        Clock
  X:FEB0H         PUBLIC        PITS0
  X:FEB1H         PUBLIC        PITS1
  X:FEB2H         PUBLIC        PITS2
  X:FF6BH         PUBLIC        SEGP0EN
  X:FF63H         PUBLIC        COMP0EN
  X:FEB3H         PUBLIC        PITS3
  X:FF6AH         PUBLIC        SEGP1EN
  X:FF62H         PUBLIC        COMP1EN
  X:FEB4H         PUBLIC        PITS4
  X:FF69H         PUBLIC        SEGP2EN
BL51 BANKED LINKER/LOCATER V6.22                                                      11/04/2020  11:07:53  PAGE 12


  X:FF61H         PUBLIC        COMP2EN
  X:FF68H         PUBLIC        SEGP3EN
  X:FF60H         PUBLIC        COMP3EN
  X:FFA7H         PUBLIC        MISO_MAP
  X:FFA6H         PUBLIC        MOSI_MAP
  X:FF40H         PUBLIC        P00DBC
  D:00D0H         PUBLIC        PSW
  X:FF41H         PUBLIC        P01DBC
  X:FF42H         PUBLIC        P02DBC
  X:FF00H         PUBLIC        P0M0
  -------         PROC          KEY_HANDLE
  -------         DO            
  X:0000H         SYMBOL        key_val
  -------         ENDDO         
  C:1CB3H         LINE#         48
  C:1CB3H         LINE#         49
  C:1CB3H         LINE#         50
  C:1CB8H         LINE#         52
  C:1CBEH         LINE#         54
  C:1CBEH         LINE#         55
  C:1CC6H         LINE#         56
  C:1CC8H         LINE#         58
  C:1CC8H         LINE#         59
  C:1CCDH         LINE#         60
  C:1CCDH         LINE#         61
  C:1CDBH         LINE#         62
  C:1CDBH         LINE#         63
  C:1CE4H         LINE#         64
  C:1CEAH         LINE#         65
  C:1CEAH         LINE#         66
  C:1CEFH         LINE#         67
  C:1CF2H         LINE#         68
  C:1CF7H         LINE#         69
  C:1CF7H         LINE#         71
  C:1CF7H         LINE#         72
  C:1CFCH         LINE#         73
  C:1CFFH         LINE#         74
  C:1D02H         LINE#         76
  C:1D08H         LINE#         77
  C:1D0BH         LINE#         78
  C:1D0BH         LINE#         79
  C:1D0BH         LINE#         80
  C:1D14H         LINE#         81
  C:1D14H         LINE#         83
  C:1D1BH         LINE#         84
  C:1D1BH         LINE#         86
  C:1D1EH         LINE#         87
  C:1D1EH         LINE#         90
  C:1D26H         LINE#         91
  C:1D26H         LINE#         92
  C:1D29H         LINE#         94
  C:1D32H         LINE#         95
  C:1D32H         LINE#         96
  C:1D35H         LINE#         98
  C:1D37H         LINE#         100
  C:1D37H         LINE#         101
  C:1D3DH         LINE#         102
BL51 BANKED LINKER/LOCATER V6.22                                                      11/04/2020  11:07:53  PAGE 13


  C:1D3DH         LINE#         105
  C:1D43H         LINE#         106
  C:1D46H         LINE#         108
  C:1D4EH         LINE#         110
  C:1D4EH         LINE#         111
  C:1D50H         LINE#         112
  C:1D58H         LINE#         113
  C:1D58H         LINE#         114
  C:1D5BH         LINE#         115
  C:1D64H         LINE#         116
  C:1D64H         LINE#         117
  C:1D67H         LINE#         118
  C:1D69H         LINE#         120
  C:1D69H         LINE#         121
  C:1D6EH         LINE#         122
  C:1D6EH         LINE#         123
  C:1D77H         LINE#         124
  C:1D77H         LINE#         125
  C:1D7CH         LINE#         126
  C:1D7CH         LINE#         127
  C:1D7FH         LINE#         128
  C:1D81H         LINE#         129
  C:1D87H         LINE#         130
  C:1D87H         LINE#         131
  C:1D8DH         LINE#         132
  C:1D8DH         LINE#         133
  C:1D8DH         LINE#         135
  C:1D95H         LINE#         136
  C:1D98H         LINE#         137
  C:1D9BH         LINE#         138
  C:1D9BH         LINE#         139
  C:1D9BH         LINE#         140
  -------         ENDPROC       KEY_HANDLE
  -------         PROC          _CALIBRATION_TEMPERATURE
  X:0006H         SYMBOL        temper
  -------         DO            
  D:0007H         SYMBOL        temp1
  -------         ENDDO         
  C:20EFH         LINE#         143
  C:20F7H         LINE#         144
  C:20F7H         LINE#         145
  C:20F7H         LINE#         146
  C:2107H         LINE#         147
  C:2107H         LINE#         148
  C:210DH         LINE#         149
  C:2112H         LINE#         150
  C:2117H         LINE#         153
  C:2121H         LINE#         154
  C:2121H         LINE#         155
  C:2126H         LINE#         156
  C:2126H         LINE#         157
  C:212CH         LINE#         158
  C:2130H         LINE#         159
  C:2132H         LINE#         161
  C:2132H         LINE#         162
  C:213FH         LINE#         164
  C:2142H         LINE#         165
BL51 BANKED LINKER/LOCATER V6.22                                                      11/04/2020  11:07:53  PAGE 14


  C:2148H         LINE#         166
  C:2148H         LINE#         167
  C:2158H         LINE#         168
  C:2158H         LINE#         169
  C:215DH         LINE#         170
  C:215FH         LINE#         171
  C:215FH         LINE#         172
  C:2162H         LINE#         173
  C:2169H         LINE#         174
  C:2169H         LINE#         175
  C:2169H         LINE#         176
  C:2171H         LINE#         177
  C:2171H         LINE#         178
  C:2185H         LINE#         179
  C:2185H         LINE#         180
  C:2189H         LINE#         181
  C:2189H         LINE#         182
  C:21A1H         LINE#         183
  C:21A1H         LINE#         184
  C:21A9H         LINE#         186
  -------         ENDPROC       _CALIBRATION_TEMPERATURE
  -------         PROC          _TEMP_CALC
  D:0002H         SYMBOL        uRt
  X:0006H         SYMBOL        uRw
  -------         DO            
  X:0008H         SYMBOL        i
  X:000AH         SYMBOL        basi_tmp
  X:000CH         SYMBOL        u1
  X:0010H         SYMBOL        u3
  -------         ENDDO         
  C:169CH         LINE#         190
  C:16A8H         LINE#         191
  C:16A8H         LINE#         192
  C:16ADH         LINE#         193
  C:16B3H         LINE#         195
  C:16BBH         LINE#         196
  C:16C5H         LINE#         197
  C:16CEH         LINE#         198
  C:16CEH         LINE#         199
  C:16D1H         LINE#         200
  C:16D1H         LINE#         202
  C:16EDH         LINE#         203
  C:1709H         LINE#         204
  C:1748H         LINE#         205
  C:1760H         LINE#         206
  C:1760H         LINE#         207
  C:1765H         LINE#         208
  C:1765H         LINE#         212
  C:1782H         LINE#         213
  C:1782H         LINE#         214
  C:17B1H         LINE#         216
  C:17BDH         LINE#         217
  C:17BFH         LINE#         220
  C:17BFH         LINE#         221
  C:17EEH         LINE#         223
  C:17FBH         LINE#         224
  C:17FBH         LINE#         227
BL51 BANKED LINKER/LOCATER V6.22                                                      11/04/2020  11:07:53  PAGE 15


  C:1802H         LINE#         228
  C:1810H         LINE#         230
  C:1818H         LINE#         231
  -------         ENDPROC       _TEMP_CALC
  -------         PROC          TEMPERATURE_HANDLE
  -------         DO            
  X:0000H         SYMBOL        temp
  X:0002H         SYMBOL        adc_val1
  X:0004H         SYMBOL        adc_val2
  -------         ENDDO         
  C:1A87H         LINE#         244
  C:1A87H         LINE#         245
  C:1A87H         LINE#         246
  C:1A8EH         LINE#         247
  C:1A96H         LINE#         249
  C:1AA4H         LINE#         251
  C:1ABEH         LINE#         252
  C:1ABEH         LINE#         253
  C:1AC5H         LINE#         254
  C:1ADBH         LINE#         257
  C:1AF4H         LINE#         259
  C:1AFFH         LINE#         262
  C:1B11H         LINE#         263
  C:1B11H         LINE#         264
  C:1B17H         LINE#         265
  C:1B17H         LINE#         266
  C:1B1BH         LINE#         267
  C:1B22H         LINE#         268
  C:1B22H         LINE#         269
  C:1B24H         LINE#         270
  C:1B33H         LINE#         271
  C:1B33H         LINE#         272
  C:1B37H         LINE#         273
  C:1B37H         LINE#         275
  C:1B39H         LINE#         277
  C:1B39H         LINE#         278
  C:1B3FH         LINE#         279
  C:1B43H         LINE#         281
  C:1B43H         LINE#         282
  C:1B43H         LINE#         284
  C:1B5AH         LINE#         285
  C:1B5DH         LINE#         286
  C:1B65H         LINE#         287
  C:1B6DH         LINE#         288
  C:1B70H         LINE#         289
  C:1B72H         LINE#         291
  C:1B72H         LINE#         293
  C:1B79H         LINE#         294
  C:1B79H         LINE#         295
  C:1B7EH         LINE#         296
  C:1B81H         LINE#         298
  C:1B84H         LINE#         299
  C:1B86H         LINE#         301
  C:1B86H         LINE#         303
  C:1B8BH         LINE#         304
  C:1B90H         LINE#         305
  C:1B93H         LINE#         307
BL51 BANKED LINKER/LOCATER V6.22                                                      11/04/2020  11:07:53  PAGE 16


  C:1B93H         LINE#         309
  C:1B93H         LINE#         310
  C:1B98H         LINE#         311
  C:1B99H         LINE#         313
  C:1B99H         LINE#         315
  C:1B9EH         LINE#         316
  C:1BA3H         LINE#         317
  C:1BA6H         LINE#         318
  C:1BACH         LINE#         319
  C:1BACH         LINE#         322
  C:1BACH         LINE#         325
  -------         ENDPROC       TEMPERATURE_HANDLE
  -------         PROC          MAIN
  C:1E7DH         LINE#         334
  C:1E7DH         LINE#         335
  C:1E7DH         LINE#         336
  C:1E80H         LINE#         337
  C:1E83H         LINE#         338
  C:1E86H         LINE#         339
  C:1E88H         LINE#         340
  C:1E8BH         LINE#         341
  C:1E8EH         LINE#         342
  C:1E91H         LINE#         343
  C:1E94H         LINE#         344
  C:1E9BH         LINE#         345
  C:1EA0H         LINE#         346
  C:1EA3H         LINE#         347
  C:1EA6H         LINE#         348
  C:1EA9H         LINE#         349
  C:1EB0H         LINE#         350
  C:1EB5H         LINE#         351
  C:1EBAH         LINE#         352
  C:1EC1H         LINE#         353
  C:1EC4H         LINE#         354
  C:1EC7H         LINE#         355
  C:1ECAH         LINE#         357
  C:1ED3H         LINE#         358
  C:1EE6H         LINE#         359
  C:1EFDH         LINE#         360
  C:1F13H         LINE#         361
  C:1F29H         LINE#         362
  C:1F41H         LINE#         363
  C:1F4AH         LINE#         365
  C:1F4AH         LINE#         366
  C:1F4AH         LINE#         369
  C:1F4DH         LINE#         370
  C:1F50H         LINE#         372
  C:1F53H         LINE#         374
  -------         ENDPROC       MAIN
  -------         PROC          CLOCK
  C:2ADEH         LINE#         379
  C:2ADEH         LINE#         380
  C:2ADEH         LINE#         382
  C:2AE1H         LINE#         383
  C:2AE7H         LINE#         384
  -------         ENDPROC       CLOCK
  -------         PROC          CONTROLL_HEAT
BL51 BANKED LINKER/LOCATER V6.22                                                      11/04/2020  11:07:53  PAGE 17


  -------         DO            
  D:0007H         SYMBOL        heat_step_val
  -------         ENDDO         
  C:2729H         LINE#         397
  C:2729H         LINE#         398
  C:2729H         LINE#         400
  C:272BH         LINE#         401
  C:2737H         LINE#         402
  C:2737H         LINE#         403
  C:2742H         LINE#         404
  C:2744H         LINE#         405
  C:2744H         LINE#         406
  C:274BH         LINE#         407
  C:274BH         LINE#         408
  C:274BH         LINE#         409
  C:274DH         LINE#         410
  C:2753H         LINE#         412
  C:2753H         LINE#         413
  C:275CH         LINE#         414
  C:275CH         LINE#         415
  -------         ENDPROC       CONTROLL_HEAT
  -------         PROC          SET_TEMP
  C:26EBH         LINE#         427
  C:26EBH         LINE#         428
  C:26EBH         LINE#         431
  C:26FDH         LINE#         432
  C:26FDH         LINE#         433
  C:26FDH         LINE#         435
  C:26FDH         LINE#         436
  C:26FDH         LINE#         437
  C:2707H         LINE#         438
  C:2708H         LINE#         439
  C:2708H         LINE#         440
  C:2712H         LINE#         441
  C:2713H         LINE#         442
  C:2713H         LINE#         443
  C:271DH         LINE#         444
  C:271EH         LINE#         445
  C:271EH         LINE#         446
  C:2728H         LINE#         447
  C:2728H         LINE#         448
  C:2728H         LINE#         449
  -------         ENDPROC       SET_TEMP
  -------         PROC          DETECTION_INPUT
  -------         DO            
  D:0006H         SYMBOL        input
  -------         ENDDO         
  C:29FCH         LINE#         475
  C:29FCH         LINE#         476
  C:29FCH         LINE#         477
  C:29FFH         LINE#         478
  C:2A02H         LINE#         479
  C:2A0FH         LINE#         480
  C:2A0FH         LINE#         482
  C:2A14H         LINE#         483
  C:2A15H         LINE#         485
  C:2A15H         LINE#         487
BL51 BANKED LINKER/LOCATER V6.22                                                      11/04/2020  11:07:53  PAGE 18


  C:2A19H         LINE#         488
  C:2A19H         LINE#         489
  -------         ENDPROC       DETECTION_INPUT
  -------         ENDMOD        MAIN

  -------         MODULE        DELAY
  C:0000H         SYMBOL        _ICE_DUMMY_
  D:0080H         PUBLIC        P0
  D:0090H         PUBLIC        P1
  D:00A0H         PUBLIC        P2
  D:00B0H         PUBLIC        P3
  D:00A8H         PUBLIC        IE
  D:00F8H         PUBLIC        RSTFR
  D:0098H         PUBLIC        SCON
  D:0088H         PUBLIC        TCON
  D:00B8H         PUBLIC        IE1
  D:00D8H         PUBLIC        IE2
  C:2A32H         PUBLIC        _delay_ms
  C:2A9FH         PUBLIC        _delay_us
  D:00D0H         PUBLIC        PSW
  -------         PROC          _DELAY_US
  D:0006H         SYMBOL        us
  C:2A9FH         LINE#         4
  C:2A9FH         LINE#         5
  C:2A9FH         LINE#         6
  C:2AA8H         LINE#         7
  C:2AA8H         LINE#         8
  C:2AAAH         LINE#         9
  C:2AACH         LINE#         10
  -------         ENDPROC       _DELAY_US
  -------         PROC          _DELAY_MS
  D:0006H         SYMBOL        ms
  -------         DO            
  D:0004H         SYMBOL        i
  -------         ENDDO         
  C:2A32H         LINE#         12
  C:2A32H         LINE#         13
  C:2A32H         LINE#         15
  C:2A32H         LINE#         16
  C:2A36H         LINE#         17
  C:2A3FH         LINE#         18
  C:2A48H         LINE#         19
  -------         ENDPROC       _DELAY_MS
  -------         ENDMOD        DELAY

  -------         MODULE        ADC
  C:0000H         SYMBOL        _ICE_DUMMY_
  D:0080H         PUBLIC        P0
  D:0090H         PUBLIC        P1
  D:00A0H         PUBLIC        P2
  D:00B0H         PUBLIC        P3
  C:2A75H         PUBLIC        get_adc_val_P02
  C:2A5FH         PUBLIC        get_adc_val_P03
  C:2A49H         PUBLIC        get_adc_val_P07
  D:00A8H         PUBLIC        IE
  D:00F8H         PUBLIC        RSTFR
  C:1952H         PUBLIC        _get_voltage
BL51 BANKED LINKER/LOCATER V6.22                                                      11/04/2020  11:07:53  PAGE 19


  D:00B6H         PUBLIC        ADCR
  D:0098H         PUBLIC        SCON
  D:0088H         PUBLIC        TCON
  D:00B4H         PUBLIC        ADCC0
  D:00B5H         PUBLIC        ADCC1
  D:00B8H         PUBLIC        IE1
  C:29BEH         PUBLIC        adc_init
  D:00D8H         PUBLIC        IE2
  C:23C5H         PUBLIC        Detection_Input_Voltage
  D:00D0H         PUBLIC        PSW
  -------         PROC          ADC_INIT
  C:29BEH         LINE#         5
  C:29BEH         LINE#         6
  C:29BEH         LINE#         7
  C:29C4H         LINE#         8
  C:29C8H         LINE#         9
  C:29CCH         LINE#         10
  C:29CFH         LINE#         19
  C:29D6H         LINE#         22
  C:29DCH         LINE#         23
  -------         ENDPROC       ADC_INIT
  -------         PROC          GET_ADC_VAL_P07
  -------         DO            
  D:0006H         SYMBOL        adc_val
  -------         ENDDO         
  C:2A49H         LINE#         25
  C:2A49H         LINE#         26
  C:2A49H         LINE#         27
  C:2A4CH         LINE#         28
  C:2A4FH         LINE#         29
  C:2A52H         LINE#         30
  C:2A57H         LINE#         31
  C:2A5AH         LINE#         32
  C:2A5EH         LINE#         34
  C:2A5EH         LINE#         35
  -------         ENDPROC       GET_ADC_VAL_P07
  -------         PROC          GET_ADC_VAL_P03
  -------         DO            
  D:0006H         SYMBOL        adc_val
  -------         ENDDO         
  C:2A5FH         LINE#         37
  C:2A5FH         LINE#         38
  C:2A5FH         LINE#         39
  C:2A62H         LINE#         40
  C:2A65H         LINE#         41
  C:2A68H         LINE#         42
  C:2A6DH         LINE#         43
  C:2A70H         LINE#         44
  C:2A74H         LINE#         46
  C:2A74H         LINE#         47
  -------         ENDPROC       GET_ADC_VAL_P03
  -------         PROC          GET_ADC_VAL_P02
  -------         DO            
  D:0006H         SYMBOL        adc_val
  -------         ENDDO         
  C:2A75H         LINE#         49
  C:2A75H         LINE#         50
BL51 BANKED LINKER/LOCATER V6.22                                                      11/04/2020  11:07:53  PAGE 20


  C:2A75H         LINE#         51
  C:2A78H         LINE#         52
  C:2A7BH         LINE#         53
  C:2A7EH         LINE#         54
  C:2A83H         LINE#         55
  C:2A86H         LINE#         56
  C:2A8AH         LINE#         58
  C:2A8AH         LINE#         59
  -------         ENDPROC       GET_ADC_VAL_P02
  -------         PROC          _GET_VOLTAGE
  X:0006H         SYMBOL        u1_voltage
  X:0009H         SYMBOL        u3_voltage
  -------         DO            
  X:000CH         SYMBOL        temp
  X:0010H         SYMBOL        i
  -------         ENDDO         
  C:1952H         LINE#         61
  C:195DH         LINE#         62
  C:195DH         LINE#         63
  C:1967H         LINE#         64
  C:196CH         LINE#         66
  C:196DH         LINE#         67
  C:196DH         LINE#         68
  C:1993H         LINE#         69
  C:199FH         LINE#         70
  C:19BCH         LINE#         71
  C:19EFH         LINE#         73
  C:19F6H         LINE#         74
  C:1A00H         LINE#         75
  C:1A05H         LINE#         76
  C:1A05H         LINE#         77
  C:1A2BH         LINE#         78
  C:1A37H         LINE#         79
  C:1A54H         LINE#         80
  -------         ENDPROC       _GET_VOLTAGE
  -------         PROC          DETECTION_INPUT_VOLTAGE
  -------         DO            
  X:0000H         SYMBOL        tep
  X:0004H         SYMBOL        i
  -------         ENDDO         
  C:23C5H         LINE#         84
  C:23C5H         LINE#         85
  C:23C5H         LINE#         87
  C:23CFH         LINE#         88
  C:23D4H         LINE#         90
  C:23D5H         LINE#         91
  C:23D5H         LINE#         92
  C:23FBH         LINE#         93
  C:2407H         LINE#         94
  C:2424H         LINE#         95
  C:244BH         LINE#         97
  C:2455H         LINE#         98
  -------         ENDPROC       DETECTION_INPUT_VOLTAGE
  -------         ENDMOD        ADC

  -------         MODULE        FLASH
  C:0000H         SYMBOL        _ICE_DUMMY_
BL51 BANKED LINKER/LOCATER V6.22                                                      11/04/2020  11:07:53  PAGE 21


  D:0080H         PUBLIC        P0
  D:0090H         PUBLIC        P1
  D:00A0H         PUBLIC        P2
  D:00B0H         PUBLIC        P3
  B:00A8H.7       PUBLIC        EA
  C:25FDH         PUBLIC        _Flash_WriteArr
  C:0003H         PUBLIC        _flash_read_addr
  D:00A8H         PUBLIC        IE
  D:00FCH         PUBLIC        IAP_CMD
  D:00F8H         PUBLIC        RSTFR
  C:2B04H         PUBLIC        get_device_state
  X:00AFH         PUBLIC        flash_info
  C:2B0AH         PUBLIC        _set_device_state
  C:1819H         PUBLIC        flash_init
  C:28F0H         PUBLIC        flah_save_data
  C:293CH         PUBLIC        _Flash_EraseBlock
  D:0098H         PUBLIC        SCON
  D:0088H         PUBLIC        TCON
  D:00B8H         PUBLIC        IE1
  D:00D8H         PUBLIC        IE2
  D:00FBH         PUBLIC        IAP_DATA
  D:00F9H         PUBLIC        IAP_ADDR
  C:28C8H         PUBLIC        _FLASH_WriteData
  C:275DH         SYMBOL        check_flash
  X:00B4H         PUBLIC        flash_check
  C:26ABH         PUBLIC        _Flash_ReadArr
  X:00B8H         PUBLIC        Input_Voltage_std
  X:00BAH         PUBLIC        device_state
  D:00D0H         PUBLIC        PSW
  -------         PROC          GET_DEVICE_STATE
  C:2B04H         LINE#         10
  C:2B04H         LINE#         11
  C:2B04H         LINE#         12
  C:2B09H         LINE#         13
  -------         ENDPROC       GET_DEVICE_STATE
  -------         PROC          _SET_DEVICE_STATE
  D:0007H         SYMBOL        state
  C:2B0AH         LINE#         15
  C:2B0AH         LINE#         16
  C:2B0AH         LINE#         17
  C:2B0FH         LINE#         18
  -------         ENDPROC       _SET_DEVICE_STATE
  -------         PROC          _FLASH_ERASEBLOCK
  D:0006H         SYMBOL        addr
  C:293CH         LINE#         28
  C:2943H         LINE#         29
  C:2943H         LINE#         30
  C:2949H         LINE#         31
  C:294DH         LINE#         32
  C:2953H         LINE#         33
  C:2959H         LINE#         34
  -------         ENDPROC       _FLASH_ERASEBLOCK
  -------         PROC          _FLASH_WRITEDATA
  D:0007H         SYMBOL        fuc_SaveData
  D:0004H         SYMBOL        addr
  C:28C8H         LINE#         44
  C:28CFH         LINE#         45
BL51 BANKED LINKER/LOCATER V6.22                                                      11/04/2020  11:07:53  PAGE 22


  C:28CFH         LINE#         46
  C:28D1H         LINE#         47
  C:28D7H         LINE#         48
  C:28DFH         LINE#         49
  C:28E5H         LINE#         50
  C:28EBH         LINE#         51
  -------         ENDPROC       _FLASH_WRITEDATA
  -------         PROC          L?0030
  -------         ENDPROC       L?0030
  -------         PROC          _FLASH_WRITEARR
  X:0008H         SYMBOL        fui_Address
  X:000AH         SYMBOL        len
  X:000BH         SYMBOL        fucp_SaveArr
  -------         DO            
  X:000EH         SYMBOL        i
  -------         ENDDO         
  C:25FDH         LINE#         63
  C:2618H         LINE#         64
  C:2618H         LINE#         65
  C:261BH         LINE#         67
  C:261DH         LINE#         68
  C:262BH         LINE#         69
  C:262BH         LINE#         70
  C:264FH         LINE#         71
  C:2657H         LINE#         72
  C:2659H         LINE#         73
  -------         ENDPROC       _FLASH_WRITEARR
  -------         PROC          _FLASH_READ_ADDR
  D:0082H         SYMBOL        address
  -------         DO            
  D:0007H         SYMBOL        val
  -------         ENDDO         
  C:0003H         LINE#         75
  C:0007H         LINE#         76
  C:0007H         LINE#         77
  C:0008H         LINE#         78
  C:000AH         LINE#         79
  C:000AH         LINE#         80
  -------         ENDPROC       _FLASH_READ_ADDR
  -------         PROC          _FLASH_READARR
  X:0008H         SYMBOL        fui_Address
  D:0005H         SYMBOL        fuc_Length
  X:000AH         SYMBOL        fucp_SaveArr
  C:26ABH         LINE#         92
  C:26BCH         LINE#         93
  C:26BCH         LINE#         94
  C:26C2H         LINE#         95
  C:26EAH         LINE#         96
  -------         ENDPROC       _FLASH_READARR
  -------         PROC          CHECK_FLASH
  -------         DO            
  D:0005H         SYMBOL        i
  D:0004H         SYMBOL        cnt
  -------         ENDDO         
  C:275DH         LINE#         98
  C:275DH         LINE#         99
  C:275DH         LINE#         100
BL51 BANKED LINKER/LOCATER V6.22                                                      11/04/2020  11:07:53  PAGE 23


  C:2760H         LINE#         102
  C:2760H         LINE#         103
  C:2760H         LINE#         104
  C:2779H         LINE#         105
  C:2779H         LINE#         106
  C:277AH         LINE#         107
  C:277CH         LINE#         108
  C:277FH         LINE#         109
  C:2784H         LINE#         110
  C:278AH         LINE#         111
  C:278DH         LINE#         112
  C:278FH         LINE#         113
  -------         ENDPROC       CHECK_FLASH
  -------         PROC          FLASH_INIT
  -------         DO            
  X:0000H         SYMBOL        init_flag
  -------         ENDDO         
  C:1819H         LINE#         116
  C:1819H         LINE#         117
  C:1819H         LINE#         118
  C:181EH         LINE#         121
  C:1824H         LINE#         123
  C:182AH         LINE#         124
  C:182AH         LINE#         125
  C:182FH         LINE#         126
  C:1831H         LINE#         128
  C:1831H         LINE#         129
  C:183AH         LINE#         130
  C:1849H         LINE#         131
  C:186CH         LINE#         132
  C:188FH         LINE#         133
  C:1898H         LINE#         134
  C:18A7H         LINE#         135
  C:18ADH         LINE#         136
  C:18ADH         LINE#         137
  C:18B5H         LINE#         138
  C:18B5H         LINE#         139
  C:18BEH         LINE#         140
  C:18C4H         LINE#         141
  C:18C6H         LINE#         142
  C:18CDH         LINE#         143
  C:18D7H         LINE#         144
  C:18DAH         LINE#         145
  C:18E9H         LINE#         146
  C:1926H         LINE#         147
  C:192FH         LINE#         148
  C:192FH         LINE#         149
  -------         ENDPROC       FLASH_INIT
  -------         PROC          FLAH_SAVE_DATA
  C:28F0H         LINE#         153
  C:28F0H         LINE#         154
  C:28F0H         LINE#         156
  C:28F7H         LINE#         157
  C:2904H         LINE#         158
  C:2907H         LINE#         159
  -------         ENDPROC       FLAH_SAVE_DATA
  -------         ENDMOD        FLASH
BL51 BANKED LINKER/LOCATER V6.22                                                      11/04/2020  11:07:53  PAGE 24



  -------         MODULE        UART
  C:0000H         SYMBOL        _ICE_DUMMY_
  D:0080H         PUBLIC        P0
  D:0090H         PUBLIC        P1
  D:00A0H         PUBLIC        P2
  D:00B0H         PUBLIC        P3
  C:265EH         PUBLIC        UART1_Rpt
  D:00A8H         PUBLIC        IE
  C:29DDH         PUBLIC        _producte_send_cmd
  D:00F8H         PUBLIC        RSTFR
  C:27F1H         SYMBOL        _producte_com_send_data
  B:0098H.1       PUBLIC        TI
  X:0061H         PUBLIC        usart_rx_cnt
  D:0099H         PUBLIC        SBUF
  C:2ABAH         PUBLIC        _hal_uart_putchar
  D:0098H         PUBLIC        SCON
  D:0088H         PUBLIC        TCON
  X:0062H         PUBLIC        temper_val
  D:00B8H         PUBLIC        IE1
  D:00D8H         PUBLIC        IE2
  B:00A8H.4       PUBLIC        ES1
  D:00CEH         PUBLIC        TH4
  D:00CDH         PUBLIC        TL4
  C:289FH         PUBLIC        uart_init
  X:0063H         PUBLIC        usart_rx_buffer
  C:2B2CH         SYMBOL        _producte_com_send_one_bit
  D:009EH         PUBLIC        SCON2
  D:00CCH         PUBLIC        T4CON
  X:0081H         PUBLIC        usart_rx_flag
  D:00D0H         PUBLIC        PSW
  C:2B10H         PUBLIC        _putchar
  -------         PROC          UART_INIT
  C:289FH         LINE#         28
  C:289FH         LINE#         29
  C:289FH         LINE#         31
  C:28A5H         LINE#         32
  C:28ABH         LINE#         33
  C:28B1H         LINE#         34
  C:28B6H         LINE#         48
  C:28B9H         LINE#         49
  C:28BCH         LINE#         50
  C:28BFH         LINE#         51
  C:28C2H         LINE#         52
  C:28C5H         LINE#         53
  C:28C7H         LINE#         55
  -------         ENDPROC       UART_INIT
  -------         PROC          _HAL_UART_PUTCHAR
  D:0007H         SYMBOL        Char
  C:2ABAH         LINE#         59
  C:2ABAH         LINE#         60
  C:2ABAH         LINE#         61
  C:2ABCH         LINE#         62
  C:2ABEH         LINE#         63
  C:2AC1H         LINE#         64
  C:2AC3H         LINE#         65
  C:2AC5H         LINE#         66
BL51 BANKED LINKER/LOCATER V6.22                                                      11/04/2020  11:07:53  PAGE 25


  -------         ENDPROC       _HAL_UART_PUTCHAR
  -------         PROC          _PRODUCTE_COM_SEND_ONE_BIT
  D:0007H         SYMBOL        Data
  C:2B2CH         LINE#         73
  C:2B2CH         LINE#         74
  C:2B2CH         LINE#         75
  -------         ENDPROC       _PRODUCTE_COM_SEND_ONE_BIT
  -------         PROC          _PRODUCTE_COM_SEND_DATA
  X:000DH         SYMBOL        Data
  D:0005H         SYMBOL        len
  -------         DO            
  D:0006H         SYMBOL        i
  -------         ENDDO         
  C:27F1H         LINE#         82
  C:27FCH         LINE#         83
  C:27FCH         LINE#         85
  C:2803H         LINE#         86
  C:2803H         LINE#         87
  C:281AH         LINE#         88
  C:281DH         LINE#         89
  -------         ENDPROC       _PRODUCTE_COM_SEND_DATA
  -------         PROC          _PRODUCTE_SEND_CMD
  D:0007H         SYMBOL        funcode
  D:0005H         SYMBOL        Data
  -------         DO            
  X:0008H         SYMBOL        cmd_t
  -------         ENDDO         
  C:29DDH         LINE#         96
  C:29DDH         LINE#         97
  C:29DDH         LINE#         99
  C:29E3H         LINE#         100
  C:29E6H         LINE#         101
  C:29E9H         LINE#         102
  C:29EDH         LINE#         103
  C:29F1H         LINE#         104
  -------         ENDPROC       _PRODUCTE_SEND_CMD
  -------         PROC          _PUTCHAR
  D:0006H         SYMBOL        c
  C:2B10H         LINE#         109
  C:2B12H         LINE#         110
  C:2B12H         LINE#         111
  C:2B15H         LINE#         112
  C:2B15H         LINE#         113
  -------         ENDPROC       _PUTCHAR
  -------         PROC          UART1_RPT
  -------         DO            
  D:0007H         SYMBOL        Data
  -------         ENDDO         
  C:265EH         LINE#         116
  C:266BH         LINE#         118
  C:266BH         LINE#         119
  C:2670H         LINE#         120
  C:2670H         LINE#         121
  C:2672H         LINE#         123
  C:2675H         LINE#         125
  C:267FH         LINE#         126
  C:267FH         LINE#         127
BL51 BANKED LINKER/LOCATER V6.22                                                      11/04/2020  11:07:53  PAGE 26


  C:267FH         LINE#         128
  C:2683H         LINE#         129
  C:2683H         LINE#         130
  C:2687H         LINE#         131
  C:268DH         LINE#         133
  C:2693H         LINE#         137
  C:2693H         LINE#         138
  C:2695H         LINE#         139
  C:2695H         LINE#         141
  C:269AH         LINE#         143
  C:26A0H         LINE#         145
  C:26A0H         LINE#         147
  C:26A0H         LINE#         150
  C:26A0H         LINE#         151
  -------         ENDPROC       UART1_RPT
  -------         ENDMOD        UART

  -------         MODULE        KEY
  C:0000H         SYMBOL        _ICE_DUMMY_
  D:0080H         PUBLIC        P0
  D:0090H         PUBLIC        P1
  D:00A0H         PUBLIC        P2
  D:00B0H         PUBLIC        P3
  C:2261H         SYMBOL        Calibration_key_driver
  D:00A8H         PUBLIC        IE
  B:0080H.0       PUBLIC        P0_0
  B:0080H.1       PUBLIC        P0_1
  D:00F8H         PUBLIC        RSTFR
  B:00A0H.7       PUBLIC        P2_7
  D:0098H         PUBLIC        SCON
  D:0088H         PUBLIC        TCON
  C:21AAH         SYMBOL        key_driver
  X:00C4H         PUBLIC        calibration_std
  D:00B8H         PUBLIC        IE1
  D:00D8H         PUBLIC        IE2
  C:256EH         PUBLIC        key_scan
  C:000EH         PUBLIC        key_init
  D:00D0H         PUBLIC        PSW
  -------         PROC          KEY_INIT
  C:000EH         LINE#         7
  C:000EH         LINE#         8
  C:000EH         LINE#         9
  C:0014H         LINE#         10
  C:0018H         LINE#         11
  C:001CH         LINE#         12
  C:0022H         LINE#         13
  -------         ENDPROC       KEY_INIT
  -------         PROC          KEY_DRIVER
  -------         DO            
  X:00BBH         SYMBOL        key_state
  X:00BCH         SYMBOL        key_time
  X:0001H         SYMBOL        key_press
  X:0002H         SYMBOL        key_return
  -------         ENDDO         
  C:21AAH         LINE#         16
  C:21AAH         LINE#         17
  C:21AAH         LINE#         22
BL51 BANKED LINKER/LOCATER V6.22                                                      11/04/2020  11:07:53  PAGE 27


  C:21AFH         LINE#         24
  C:21B6H         LINE#         25
  C:21CDH         LINE#         26
  C:21CDH         LINE#         27
  C:21CDH         LINE#         28
  C:21D6H         LINE#         29
  C:21D6H         LINE#         30
  C:21DCH         LINE#         31
  C:21E1H         LINE#         32
  C:21E1H         LINE#         33
  C:21E3H         LINE#         35
  C:21E3H         LINE#         36
  C:21E9H         LINE#         37
  C:21E9H         LINE#         38
  C:21F7H         LINE#         39
  C:2206H         LINE#         40
  C:2206H         LINE#         41
  C:220CH         LINE#         42
  C:220CH         LINE#         43
  C:220CH         LINE#         44
  C:220EH         LINE#         48
  C:220EH         LINE#         49
  C:2215H         LINE#         50
  C:2215H         LINE#         51
  C:2219H         LINE#         52
  C:2219H         LINE#         53
  C:221BH         LINE#         55
  C:221BH         LINE#         56
  C:2229H         LINE#         58
  C:2238H         LINE#         59
  C:2238H         LINE#         60
  C:223EH         LINE#         61
  C:2244H         LINE#         62
  C:2244H         LINE#         63
  C:224BH         LINE#         64
  C:224BH         LINE#         65
  C:224DH         LINE#         67
  C:224DH         LINE#         68
  C:2254H         LINE#         69
  C:2254H         LINE#         70
  C:2254H         LINE#         71
  C:2254H         LINE#         72
  C:2256H         LINE#         74
  C:2256H         LINE#         75
  C:225BH         LINE#         76
  C:225BH         LINE#         77
  C:225BH         LINE#         79
  C:2260H         LINE#         81
  -------         ENDPROC       KEY_DRIVER
  -------         PROC          CALIBRATION_KEY_DRIVER
  -------         DO            
  X:00BEH         SYMBOL        key_state
  X:00BFH         SYMBOL        key_time
  X:0001H         SYMBOL        key_press
  X:0002H         SYMBOL        key_return
  -------         ENDDO         
  C:2261H         LINE#         82
BL51 BANKED LINKER/LOCATER V6.22                                                      11/04/2020  11:07:53  PAGE 28


  C:2261H         LINE#         83
  C:2261H         LINE#         88
  C:2266H         LINE#         90
  C:226DH         LINE#         91
  C:2284H         LINE#         92
  C:2284H         LINE#         93
  C:2284H         LINE#         94
  C:228DH         LINE#         95
  C:228DH         LINE#         96
  C:2293H         LINE#         97
  C:2298H         LINE#         98
  C:2298H         LINE#         99
  C:229AH         LINE#         101
  C:229AH         LINE#         102
  C:22A0H         LINE#         103
  C:22A0H         LINE#         104
  C:22AEH         LINE#         105
  C:22BDH         LINE#         106
  C:22BDH         LINE#         107
  C:22C3H         LINE#         108
  C:22C3H         LINE#         109
  C:22C3H         LINE#         110
  C:22C5H         LINE#         114
  C:22C5H         LINE#         115
  C:22CCH         LINE#         116
  C:22CCH         LINE#         117
  C:22D0H         LINE#         118
  C:22D0H         LINE#         119
  C:22D2H         LINE#         121
  C:22D2H         LINE#         122
  C:22E0H         LINE#         124
  C:22EFH         LINE#         125
  C:22EFH         LINE#         126
  C:22F5H         LINE#         127
  C:22FBH         LINE#         128
  C:22FBH         LINE#         129
  C:2302H         LINE#         130
  C:2302H         LINE#         131
  C:2304H         LINE#         133
  C:2304H         LINE#         134
  C:230BH         LINE#         135
  C:230BH         LINE#         136
  C:230BH         LINE#         137
  C:230BH         LINE#         138
  C:230DH         LINE#         140
  C:230DH         LINE#         141
  C:2312H         LINE#         142
  C:2312H         LINE#         143
  C:2312H         LINE#         145
  C:2317H         LINE#         147
  -------         ENDPROC       CALIBRATION_KEY_DRIVER
  -------         PROC          KEY_SCAN
  -------         DO            
  X:00C1H         SYMBOL        key_up
  X:00C2H         SYMBOL        key_pres_time
  -------         ENDDO         
  C:256EH         LINE#         149
BL51 BANKED LINKER/LOCATER V6.22                                                      11/04/2020  11:07:53  PAGE 29


  C:256EH         LINE#         150
  C:256EH         LINE#         155
  C:2574H         LINE#         156
  C:2574H         LINE#         157
  C:2577H         LINE#         158
  C:2577H         LINE#         159
  C:2580H         LINE#         160
  C:2580H         LINE#         161
  C:2587H         LINE#         162
  C:258CH         LINE#         163
  C:258FH         LINE#         164
  C:258FH         LINE#         165
  C:2595H         LINE#         166
  C:2595H         LINE#         167
  C:25A1H         LINE#         168
  C:25A1H         LINE#         169
  C:25A6H         LINE#         170
  C:25AAH         LINE#         171
  C:25ADH         LINE#         172
  C:25AFH         LINE#         174
  C:25AFH         LINE#         175
  C:25B4H         LINE#         176
  C:25B4H         LINE#         177
  C:25B6H         LINE#         178
  C:25C8H         LINE#         179
  C:25C8H         LINE#         180
  C:25CEH         LINE#         181
  C:25D3H         LINE#         182
  C:25D6H         LINE#         183
  C:25D6H         LINE#         185
  C:25D9H         LINE#         186
  C:25D9H         LINE#         187
  C:25DCH         LINE#         188
  C:25DCH         LINE#         190
  C:25DFH         LINE#         191
  C:25DFH         LINE#         192
  C:25E8H         LINE#         193
  C:25E8H         LINE#         194
  C:25EEH         LINE#         195
  C:25EEH         LINE#         196
  C:25F0H         LINE#         197
  -------         ENDPROC       KEY_SCAN
  -------         ENDMOD        KEY

  -------         MODULE        PWM
  C:0000H         SYMBOL        _ICE_DUMMY_
  D:0080H         PUBLIC        P0
  D:0090H         PUBLIC        P1
  D:00A0H         PUBLIC        P2
  D:00B0H         PUBLIC        P3
  C:2A1AH         PUBLIC        _set_pwm
  D:00A8H         PUBLIC        IE
  D:00F8H         PUBLIC        RSTFR
  D:0098H         PUBLIC        SCON
  D:0088H         PUBLIC        TCON
  X:00CFH         PUBLIC        pwm_period
  D:00B8H         PUBLIC        IE1
BL51 BANKED LINKER/LOCATER V6.22                                                      11/04/2020  11:07:53  PAGE 30


  D:00D8H         PUBLIC        IE2
  D:00DDH         PUBLIC        PWM3C
  C:295EH         PUBLIC        _pwm_init
  D:00DFH         PUBLIC        PWM3D
  D:00DEH         PUBLIC        PWM3P
  D:00D0H         PUBLIC        PSW
  -------         PROC          _SET_PWM
  D:0007H         SYMBOL        duty
  -------         DO            
  D:0004H         SYMBOL        tep
  -------         ENDDO         
  C:2A1AH         LINE#         4
  C:2A1AH         LINE#         5
  C:2A1AH         LINE#         6
  C:2A2FH         LINE#         7
  C:2A31H         LINE#         8
  -------         ENDPROC       _SET_PWM
  -------         PROC          _PWM_INIT
  X:0000H         SYMBOL        hz
  C:295EH         LINE#         10
  C:2966H         LINE#         11
  C:2966H         LINE#         12
  C:296CH         LINE#         13
  C:2972H         LINE#         22
  C:2978H         LINE#         23
  C:297AH         LINE#         25
  C:297DH         LINE#         26
  -------         ENDPROC       _PWM_INIT
  -------         ENDMOD        PWM

  -------         MODULE        WDT
  C:0000H         SYMBOL        _ICE_DUMMY_
  D:0080H         PUBLIC        P0
  D:0090H         PUBLIC        P1
  D:00A0H         PUBLIC        P2
  D:00B0H         PUBLIC        P3
  D:00A8H         PUBLIC        IE
  D:00F8H         PUBLIC        RSTFR
  D:00BDH         PUBLIC        WDTC
  D:0098H         PUBLIC        SCON
  D:0088H         PUBLIC        TCON
  C:2B28H         PUBLIC        clear_wdt
  D:00B8H         PUBLIC        IE1
  D:00D8H         PUBLIC        IE2
  C:2AADH         PUBLIC        _wdt_init
  D:00D0H         PUBLIC        PSW
  -------         PROC          _WDT_INIT
  D:0007H         SYMBOL        time
  C:2AADH         LINE#         4
  C:2AADH         LINE#         5
  C:2AADH         LINE#         6
  C:2AB0H         LINE#         12
  C:2AB9H         LINE#         14
  -------         ENDPROC       _WDT_INIT
  -------         PROC          CLEAR_WDT
  C:2B28H         LINE#         16
  C:2B28H         LINE#         17
BL51 BANKED LINKER/LOCATER V6.22                                                      11/04/2020  11:07:53  PAGE 31


  C:2B28H         LINE#         18
  C:2B2BH         LINE#         19
  -------         ENDPROC       CLEAR_WDT
  -------         ENDMOD        WDT

  -------         MODULE        TIMER
  C:0000H         SYMBOL        _ICE_DUMMY_
  D:0080H         PUBLIC        P0
  D:0090H         PUBLIC        P1
  C:2AE8H         PUBLIC        led_set_off
  D:00A0H         PUBLIC        P2
  D:00B0H         PUBLIC        P3
  X:009BH         PUBLIC        over_rang_time_std
  D:00A8H         PUBLIC        IE
  B:00A0H.0       PUBLIC        P2_0
  D:00F8H         PUBLIC        RSTFR
  C:297EH         PUBLIC        _set_time_sec_val
  C:2AC6H         PUBLIC        led_set_on
  X:009CH         PUBLIC        Gap_protect_std
  D:0098H         PUBLIC        SCON
  D:0089H         PUBLIC        TMOD
  D:0088H         PUBLIC        TCON
  X:009DH         PUBLIC        time_heat
  D:00B8H         PUBLIC        IE1
  D:00D8H         PUBLIC        IE2
  X:009FH         PUBLIC        cail_cnt
  X:00A1H         PUBLIC        heat_step
  X:00A2H         PUBLIC        Heat_start_std
  C:284AH         SYMBOL        led_time
  X:00A3H         PUBLIC        temp_time
  C:1F55H         PUBLIC        TIMER0_Rpt
  D:008CH         PUBLIC        TH0
  X:00A5H         PUBLIC        time_sec
  D:008AH         PUBLIC        TL0
  X:00A7H         PUBLIC        LED
  X:00AAH         PUBLIC        time_cnt
  X:00ACH         PUBLIC        cnt_heat_time
  X:00AEH         PUBLIC        On_stay
  C:281EH         SYMBOL        set_heat_val
  C:2A8BH         PUBLIC        time0_init
  D:00D0H         PUBLIC        PSW
  C:24E2H         PUBLIC        set_time_sec
  -------         PROC          LED_SET_ON
  C:2AC6H         LINE#         20
  C:2AC6H         LINE#         21
  C:2AC6H         LINE#         22
  C:2ACCH         LINE#         23
  C:2AD1H         LINE#         24
  -------         ENDPROC       LED_SET_ON
  -------         PROC          LED_SET_OFF
  C:2AE8H         LINE#         25
  C:2AE8H         LINE#         26
  C:2AE8H         LINE#         27
  C:2AEDH         LINE#         28
  C:2AF1H         LINE#         29
  -------         ENDPROC       LED_SET_OFF
  -------         PROC          LED_TIME
BL51 BANKED LINKER/LOCATER V6.22                                                      11/04/2020  11:07:53  PAGE 32


  C:284AH         LINE#         31
  C:284AH         LINE#         32
  C:284AH         LINE#         33
  C:2851H         LINE#         34
  C:2851H         LINE#         35
  C:2853H         LINE#         36
  C:2866H         LINE#         37
  C:2866H         LINE#         38
  C:2868H         LINE#         39
  C:286DH         LINE#         40
  C:2871H         LINE#         41
  C:2871H         LINE#         43
  C:2872H         LINE#         45
  C:2872H         LINE#         46
  C:2874H         LINE#         47
  C:2874H         LINE#         49
  -------         ENDPROC       LED_TIME
  -------         PROC          _SET_TIME_SEC_VAL
  D:0006H         SYMBOL        sec
  C:297EH         LINE#         51
  C:297EH         LINE#         52
  C:297EH         LINE#         53
  C:2986H         LINE#         54
  C:298DH         LINE#         55
  -------         ENDPROC       _SET_TIME_SEC_VAL
  -------         PROC          SET_HEAT_VAL
  C:281EH         LINE#         59
  C:281EH         LINE#         60
  C:281EH         LINE#         61
  C:2825H         LINE#         62
  C:2825H         LINE#         63
  C:283AH         LINE#         64
  C:283AH         LINE#         66
  C:283FH         LINE#         67
  C:2845H         LINE#         69
  C:2849H         LINE#         70
  C:2849H         LINE#         71
  C:2849H         LINE#         72
  -------         ENDPROC       SET_HEAT_VAL
  -------         PROC          SET_TIME_SEC
  C:24E2H         LINE#         74
  C:24E2H         LINE#         75
  C:24E2H         LINE#         76
  C:24E9H         LINE#         77
  C:24F0H         LINE#         78
  C:24F0H         LINE#         79
  C:24F6H         LINE#         80
  C:24F6H         LINE#         81
  C:24F6H         LINE#         82
  C:24F8H         LINE#         83
  C:24FCH         LINE#         84
  C:24FCH         LINE#         85
  C:2505H         LINE#         86
  C:2506H         LINE#         87
  C:2506H         LINE#         88
  C:2508H         LINE#         89
  C:250CH         LINE#         90
BL51 BANKED LINKER/LOCATER V6.22                                                      11/04/2020  11:07:53  PAGE 33


  C:250CH         LINE#         91
  C:2516H         LINE#         92
  C:2517H         LINE#         93
  C:2517H         LINE#         94
  C:2519H         LINE#         95
  C:251DH         LINE#         96
  C:251DH         LINE#         97
  C:2527H         LINE#         98
[...]
  C:1407H         LINE#         587
  C:1409H         LINE#         588
  C:1409H         LINE#         589
  C:1412H         LINE#         590
  C:1412H         LINE#         591
  C:1414H         LINE#         592
  C:1416H         LINE#         593
  C:1416H         LINE#         594
  C:141FH         LINE#         595
  C:141FH         LINE#         596
  C:1421H         LINE#         597
  C:1423H         LINE#         598
  C:1423H         LINE#         599
  C:1430H         LINE#         600
  C:1430H         LINE#         601
  C:1432H         LINE#         602
  C:1434H         LINE#         603
  C:1434H         LINE#         604
  C:1435H         LINE#         605
  C:1435H         LINE#         606
  C:143FH         LINE#         607
  C:143FH         LINE#         609
  C:1441H         LINE#         610
  C:1443H         LINE#         611
  C:1443H         LINE#         612
  C:144CH         LINE#         613
  C:144CH         LINE#         614
  C:144EH         LINE#         615
BL51 BANKED LINKER/LOCATER V6.22                                                      11/04/2020  11:07:53  PAGE 42


  C:1450H         LINE#         616
  C:1450H         LINE#         617
  C:1459H         LINE#         618
  C:1459H         LINE#         619
  C:145BH         LINE#         620
  C:145DH         LINE#         621
  C:145DH         LINE#         622
  C:1467H         LINE#         623
  C:1467H         LINE#         624
  C:1469H         LINE#         625
  C:146BH         LINE#         626
  C:146BH         LINE#         627
  C:146CH         LINE#         628
  C:146CH         LINE#         629
  C:1476H         LINE#         630
  C:1476H         LINE#         632
  C:1478H         LINE#         633
  C:147AH         LINE#         634
  C:147AH         LINE#         635
  C:1483H         LINE#         636
  C:1483H         LINE#         637
  C:1485H         LINE#         638
  C:1487H         LINE#         639
  C:1487H         LINE#         640
  C:1490H         LINE#         641
  C:1490H         LINE#         642
  C:1492H         LINE#         643
  C:1494H         LINE#         644
  C:1494H         LINE#         645
  C:149EH         LINE#         646
  C:149EH         LINE#         647
  C:14A0H         LINE#         648
  C:14A2H         LINE#         649
  C:14A2H         LINE#         650
  C:14A3H         LINE#         651
  C:14A3H         LINE#         652
  C:14A5H         LINE#         653
  C:14A7H         LINE#         654
  C:14A9H         LINE#         655
  C:14ABH         LINE#         656
  C:14ADH         LINE#         657
  C:14AEH         LINE#         658
  C:14AEH         LINE#         659
  C:14B0H         LINE#         660
  C:14B2H         LINE#         661
  C:14B4H         LINE#         662
  C:14B6H         LINE#         663
  C:14B8H         LINE#         664
  C:14B8H         LINE#         665
  C:14B8H         LINE#         667
  -------         ENDPROC       _SET_GAP
  C:14BDH         SYMBOL        L?0216
  C:14BFH         SYMBOL        L?0217
  C:14C1H         SYMBOL        L?0218
  -------         PROC          L?0215
  -------         ENDPROC       L?0215
  C:14BDH         SYMBOL        L?0216
BL51 BANKED LINKER/LOCATER V6.22                                                      11/04/2020  11:07:53  PAGE 43


  C:14BFH         SYMBOL        L?0217
  C:14C1H         SYMBOL        L?0218
  -------         PROC          _SET_TIME
  D:0007H         SYMBOL        number
  C:14C6H         LINE#         669
  C:14C6H         LINE#         670
  C:14C6H         LINE#         671
  C:14EBH         LINE#         672
  C:14EBH         LINE#         673
  C:14EBH         LINE#         674
  C:14F5H         LINE#         675
  C:14F5H         LINE#         676
  C:14F7H         LINE#         677
  C:14F9H         LINE#         678
  C:14FBH         LINE#         679
  C:14FBH         LINE#         680
  C:1504H         LINE#         681
  C:1504H         LINE#         682
  C:1506H         LINE#         683
  C:1508H         LINE#         684
  C:150AH         LINE#         685
  C:150AH         LINE#         686
  C:1513H         LINE#         687
  C:1513H         LINE#         688
  C:1515H         LINE#         689
  C:1517H         LINE#         690
  C:1519H         LINE#         691
  C:1519H         LINE#         692
  C:1526H         LINE#         693
  C:1526H         LINE#         694
  C:1526H         LINE#         695
  C:1526H         LINE#         696
  C:1526H         LINE#         697
  C:1526H         LINE#         699
  C:1529H         LINE#         700
  C:1529H         LINE#         701
  C:1533H         LINE#         702
  C:1533H         LINE#         703
  C:1535H         LINE#         704
  C:1537H         LINE#         705
  C:1539H         LINE#         706
  C:1539H         LINE#         707
  C:1542H         LINE#         708
  C:1542H         LINE#         709
  C:1544H         LINE#         710
  C:1546H         LINE#         711
  C:1548H         LINE#         712
  C:1548H         LINE#         713
  C:1551H         LINE#         714
  C:1551H         LINE#         715
  C:1553H         LINE#         716
  C:1555H         LINE#         717
  C:1557H         LINE#         718
  C:1557H         LINE#         719
  C:1564H         LINE#         720
  C:1564H         LINE#         721
  C:1564H         LINE#         722
BL51 BANKED LINKER/LOCATER V6.22                                                      11/04/2020  11:07:53  PAGE 44


  C:1564H         LINE#         723
  C:1564H         LINE#         724
  C:1564H         LINE#         725
  C:1567H         LINE#         727
  C:1567H         LINE#         728
  C:1571H         LINE#         729
  C:1571H         LINE#         730
  C:1573H         LINE#         731
  C:1575H         LINE#         732
  C:1577H         LINE#         733
  C:1577H         LINE#         734
  C:1580H         LINE#         735
  C:1580H         LINE#         736
  C:1582H         LINE#         737
  C:1584H         LINE#         738
  C:1586H         LINE#         739
  C:1586H         LINE#         740
  C:158FH         LINE#         741
  C:158FH         LINE#         742
  C:1591H         LINE#         743
  C:1593H         LINE#         744
  C:1595H         LINE#         745
  C:1595H         LINE#         746
  C:15A2H         LINE#         747
  C:15A2H         LINE#         748
  C:15A2H         LINE#         749
  C:15A2H         LINE#         750
  C:15A2H         LINE#         751
  C:15A2H         LINE#         752
  C:15A5H         LINE#         754
  C:15A5H         LINE#         755
  C:15AFH         LINE#         756
  C:15AFH         LINE#         757
  C:15B1H         LINE#         758
  C:15B3H         LINE#         759
  C:15B5H         LINE#         760
  C:15B5H         LINE#         761
  C:15BEH         LINE#         762
  C:15BEH         LINE#         763
  C:15C0H         LINE#         764
  C:15C2H         LINE#         765
  C:15C4H         LINE#         766
  C:15C4H         LINE#         767
  C:15CDH         LINE#         768
  C:15CDH         LINE#         769
  C:15CFH         LINE#         770
  C:15D1H         LINE#         771
  C:15D3H         LINE#         772
  C:15D3H         LINE#         773
  C:15E0H         LINE#         774
  C:15E0H         LINE#         775
  C:15E0H         LINE#         776
  C:15E0H         LINE#         777
  C:15E0H         LINE#         778
  C:15E0H         LINE#         779
  C:15E2H         LINE#         780
  C:15E2H         LINE#         781
BL51 BANKED LINKER/LOCATER V6.22                                                      11/04/2020  11:07:53  PAGE 45


  C:15ECH         LINE#         782
  C:15ECH         LINE#         783
  C:15EEH         LINE#         784
  C:15F0H         LINE#         785
  C:15F2H         LINE#         786
  C:15F2H         LINE#         787
  C:15FBH         LINE#         788
  C:15FBH         LINE#         789
  C:15FDH         LINE#         790
  C:15FFH         LINE#         791
  C:1601H         LINE#         792
  C:1601H         LINE#         793
  C:160AH         LINE#         794
  C:160AH         LINE#         795
  C:160CH         LINE#         796
  C:160EH         LINE#         797
  C:1610H         LINE#         798
  C:1610H         LINE#         799
  C:161DH         LINE#         800
  C:161DH         LINE#         801
  C:161DH         LINE#         802
  C:161DH         LINE#         803
  C:161DH         LINE#         804
  C:161DH         LINE#         805
  C:161FH         LINE#         806
  C:161FH         LINE#         807
  C:1629H         LINE#         808
  C:1629H         LINE#         809
  C:162BH         LINE#         810
  C:162DH         LINE#         811
  C:162FH         LINE#         812
  C:162FH         LINE#         813
  C:1638H         LINE#         814
  C:1638H         LINE#         815
  C:163AH         LINE#         816
  C:163CH         LINE#         817
  C:163EH         LINE#         818
  C:163EH         LINE#         819
  C:1647H         LINE#         820
  C:1647H         LINE#         821
  C:1649H         LINE#         822
  C:164BH         LINE#         823
  C:164DH         LINE#         824
  C:164DH         LINE#         825
  C:1657H         LINE#         826
  C:1657H         LINE#         827
  C:1659H         LINE#         828
  C:165BH         LINE#         829
  C:165DH         LINE#         830
  C:165DH         LINE#         831
  C:165EH         LINE#         832
  C:165EH         LINE#         833
  C:1668H         LINE#         834
  C:1668H         LINE#         835
  C:166AH         LINE#         836
  C:166CH         LINE#         837
  C:166EH         LINE#         838
BL51 BANKED LINKER/LOCATER V6.22                                                      11/04/2020  11:07:53  PAGE 46


  C:166EH         LINE#         839
  C:1677H         LINE#         840
  C:1677H         LINE#         841
  C:1679H         LINE#         842
  C:167BH         LINE#         843
  C:167DH         LINE#         844
  C:167DH         LINE#         845
  C:1686H         LINE#         846
  C:1686H         LINE#         847
  C:1688H         LINE#         848
  C:168AH         LINE#         849
  C:168CH         LINE#         850
  C:168CH         LINE#         851
  C:1695H         LINE#         852
  C:1695H         LINE#         853
  C:1697H         LINE#         854
  C:1699H         LINE#         855
  C:169BH         LINE#         856
  C:169BH         LINE#         857
  C:169BH         LINE#         858
  C:169BH         LINE#         860
  -------         ENDPROC       _SET_TIME
  -------         ENDMOD        LCDDISPLAY

  -------         MODULE        PID
  C:0000H         SYMBOL        _ICE_DUMMY_
  D:0080H         PUBLIC        P0
  D:0090H         PUBLIC        P1
  D:00A0H         PUBLIC        P2
  D:00B0H         PUBLIC        P3
  D:00A8H         PUBLIC        IE
  D:00F8H         PUBLIC        RSTFR
  X:0082H         PUBLIC        spid
  D:0098H         PUBLIC        SCON
  D:0088H         PUBLIC        TCON
  D:00B8H         PUBLIC        IE1
  D:00D8H         PUBLIC        IE2
  C:2AD2H         SYMBOL        _?ix1000
  C:299EH         PUBLIC        PID_Init
  X:009AH         PUBLIC        PID_RunFlag
  C:0DDEH         PUBLIC        PID_Operation
  D:00D0H         PUBLIC        PSW
  -------         PROC          PID_INIT
  C:299EH         LINE#         14
  C:299EH         LINE#         15
  C:299EH         LINE#         16
  C:29A5H         LINE#         17
  C:29ABH         LINE#         18
  C:29AFH         LINE#         20
  C:29B4H         LINE#         21
  C:29B8H         LINE#         22
  C:29BDH         LINE#         23
  -------         ENDPROC       PID_INIT
  -------         PROC          PID_OPERATION
  -------         DO            
  X:0006H         SYMBOL        temp
  X:0012H         SYMBOL        PostSum
BL51 BANKED LINKER/LOCATER V6.22                                                      11/04/2020  11:07:53  PAGE 47


  X:0016H         SYMBOL        NegSum
  -------         ENDDO         
  C:0DDEH         LINE#         33
  C:0DDEH         LINE#         34
  C:0DDEH         LINE#         35
  C:0DF1H         LINE#         36
  C:0DFBH         LINE#         37
  C:0E05H         LINE#         38
  C:0E1EH         LINE#         39
  C:0E1EH         LINE#         40
  C:0E2DH         LINE#         41
  C:0E2DH         LINE#         42
  C:0E2DH         LINE#         43
  C:0E30H         LINE#         45
  C:0E30H         LINE#         46
  C:0E39H         LINE#         47
  C:0E3EH         LINE#         49
  C:0E50H         LINE#         50
  C:0E62H         LINE#         51
  C:0E76H         LINE#         53
  C:0E98H         LINE#         54
  C:0E98H         LINE#         55
  C:0EC4H         LINE#         56
  C:0EC9H         LINE#         57
  C:0ECBH         LINE#         59
  C:0ECBH         LINE#         60
  C:0EF6H         LINE#         61
  C:0EFCH         LINE#         62
  C:0EFCH         LINE#         64
  C:0F19H         LINE#         65
  C:0F53H         LINE#         66
  C:0F53H         LINE#         67
  C:0F97H         LINE#         68
  C:0F9CH         LINE#         69
  C:0F9EH         LINE#         71
  C:0F9EH         LINE#         72
  C:0FF5H         LINE#         73
  C:0FFBH         LINE#         74
  C:0FFBH         LINE#         76
  C:101BH         LINE#         77
  C:103BH         LINE#         78
  C:105BH         LINE#         81
  C:1061H         LINE#         82
  C:1061H         LINE#         83
  C:108CH         LINE#         84
  C:108EH         LINE#         86
  C:108EH         LINE#         87
  C:10BCH         LINE#         88
  C:10BCH         LINE#         90
  C:10C2H         LINE#         91
  C:10C2H         LINE#         92
  C:10F0H         LINE#         93
  C:10F0H         LINE#         96
  C:10F6H         LINE#         97
  C:10F6H         LINE#         98
  C:111FH         LINE#         99
  C:1121H         LINE#         101
BL51 BANKED LINKER/LOCATER V6.22                                                      11/04/2020  11:07:53  PAGE 48


  C:1121H         LINE#         102
  C:114FH         LINE#         103
  C:114FH         LINE#         105
  C:117AH         LINE#         106
  C:119CH         LINE#         107
  C:119CH         LINE#         108
  C:11C8H         LINE#         109
  C:11E2H         LINE#         110
  C:11E2H         LINE#         111
  C:11F3H         LINE#         112
  C:11F4H         LINE#         114
  C:11F4H         LINE#         115
  C:11FDH         LINE#         116
  C:11FDH         LINE#         117
  C:11FEH         LINE#         126
  C:11FEH         LINE#         127
  C:1205H         LINE#         128
  C:1205H         LINE#         129
  -------         ENDPROC       PID_OPERATION
  -------         ENDMOD        PID

  -------         MODULE        ?C?FPADD
  C:002DH         PUBLIC        ?C?FPADD
  C:0029H         PUBLIC        ?C?FPSUB
  -------         ENDMOD        ?C?FPADD

  -------         MODULE        ?C?FPMUL
  C:011EH         PUBLIC        ?C?FPMUL
  -------         ENDMOD        ?C?FPMUL

  -------         MODULE        ?C?FPDIV
  C:0227H         PUBLIC        ?C?FPDIV
  -------         ENDMOD        ?C?FPDIV

  -------         MODULE        ?C?FPCMP
  C:02C6H         PUBLIC        ?C?FPCMP
  C:02C4H         PUBLIC        ?C?FPCMP3
  -------         ENDMOD        ?C?FPCMP

  -------         MODULE        ?C?FCAST
  C:0347H         PUBLIC        ?C?FCASTC
  C:0342H         PUBLIC        ?C?FCASTI
  C:033DH         PUBLIC        ?C?FCASTL
  -------         ENDMOD        ?C?FCAST

  -------         MODULE        ?C?CASTF
  C:037BH         PUBLIC        ?C?CASTF
  -------         ENDMOD        ?C?CASTF

  -------         MODULE        PRINTF
  X:0031H         PUBLIC        ?_PRINTF?BYTE
  X:0031H         PUBLIC        ?_SPRINTF?BYTE
  C:09C6H         PUBLIC        _PRINTF
  C:09C0H         PUBLIC        _SPRINTF
  -------         ENDMOD        PRINTF

  -------         MODULE        ?C?FPROUND
BL51 BANKED LINKER/LOCATER V6.22                                                      11/04/2020  11:07:53  PAGE 49


  C:03FCH         PUBLIC        ?C?FPROUND
  -------         ENDMOD        ?C?FPROUND

  -------         MODULE        ?C?FPCONVERT
  C:0439H         PUBLIC        ?C?FPCONVERT
  -------         ENDMOD        ?C?FPCONVERT

  -------         MODULE        ?C?FTNPWR
  C:056EH         PUBLIC        ?C?FTNPWR
  -------         ENDMOD        ?C?FTNPWR

  -------         MODULE        ?C?COPY
  C:067EH         PUBLIC        ?C?COPY
  -------         ENDMOD        ?C?COPY

  -------         MODULE        ?C?CLDPTR
  C:06A4H         PUBLIC        ?C?CLDPTR
  -------         ENDMOD        ?C?CLDPTR

  -------         MODULE        ?C?CLDOPTR
  C:06BDH         PUBLIC        ?C?CLDOPTR
  -------         ENDMOD        ?C?CLDOPTR

  -------         MODULE        ?C?CSTPTR
  C:06EAH         PUBLIC        ?C?CSTPTR
  -------         ENDMOD        ?C?CSTPTR

  -------         MODULE        ?C?IMUL
  C:06FCH         PUBLIC        ?C?IMUL
  -------         ENDMOD        ?C?IMUL

  -------         MODULE        ?C?IILDX
  C:070EH         PUBLIC        ?C?IILDX
  -------         ENDMOD        ?C?IILDX

  -------         MODULE        ?C?ILDIX
  C:0724H         PUBLIC        ?C?ILDIX
  -------         ENDMOD        ?C?ILDIX

  -------         MODULE        ?C?ISTPTR
  C:073AH         PUBLIC        ?C?ISTPTR
  -------         ENDMOD        ?C?ISTPTR

  -------         MODULE        ?C?LMUL
  C:0759H         PUBLIC        ?C?LMUL
  -------         ENDMOD        ?C?LMUL

  -------         MODULE        ?C?ULDIV
  C:07E4H         PUBLIC        ?C?ULDIV
  -------         ENDMOD        ?C?ULDIV

  -------         MODULE        ?C?LNEG
  C:0876H         PUBLIC        ?C?LNEG
  -------         ENDMOD        ?C?LNEG

  -------         MODULE        ?C?SLCMP
  C:0884H         PUBLIC        ?C?SLCMP
BL51 BANKED LINKER/LOCATER V6.22                                                      11/04/2020  11:07:53  PAGE 50


  -------         ENDMOD        ?C?SLCMP

  -------         MODULE        ?C?ULCMP
  C:089AH         PUBLIC        ?C?ULCMP
  -------         ENDMOD        ?C?ULCMP

  -------         MODULE        ?C?LSTXDATA
  C:08ABH         PUBLIC        ?C?LSTXDATA
  -------         ENDMOD        ?C?LSTXDATA

  -------         MODULE        ?C?LSTKXDATA
  C:08B7H         PUBLIC        ?C?LSTKXDATA
  -------         ENDMOD        ?C?LSTKXDATA

  -------         MODULE        ?C?PLDIXDATA
  C:08E8H         PUBLIC        ?C?PLDIXDATA
  -------         ENDMOD        ?C?PLDIXDATA

  -------         MODULE        ?C?PSTXDATA
  C:08FFH         PUBLIC        ?C?PSTXDATA
  -------         ENDMOD        ?C?PSTXDATA

  -------         MODULE        ?C?CCASE
  C:0908H         PUBLIC        ?C?CCASE
  -------         ENDMOD        ?C?CCASE

  -------         MODULE        ?C?LIMUL
  C:092EH         PUBLIC        ?C?LIMUL
  -------         ENDMOD        ?C?LIMUL

*** WARNING L16: UNCALLED SEGMENT, IGNORED FOR OVERLAY PROCESS
    SEGMENT: ?PR?_SET_TIME_SEC_VAL?TIMER

*** WARNING L15: MULTIPLE CALL TO SEGMENT
    SEGMENT: ?PR?PRINTF?PRINTF
    CALLER1: ?C_C51STARTUP
    CALLER2: ?PR?TIMER0_RPT?TIMER

Program Size: data=21.2 xdata=325 code=11055
LINK/LOCATE RUN COMPLETE.  2 WARNING(S),  0 ERROR(S)
